Archive member included to satisfy reference by file (symbol)

c:/program files (x86)/microchip/xc8/v2.10/avr/bin/../lib/gcc/avr/5.4.0/avrxmega3\libgcc.a(_exit.o)
                              C:/Program Files (x86)/Microchip/MPLABX/v5.30/packs/Microchip/ATtiny_DFP/2.0.10/gcc/dev/attiny1616/avrxmega3/crtattiny1616.o (exit)
c:/program files (x86)/microchip/xc8/v2.10/avr/bin/../lib/gcc/avr/5.4.0/avrxmega3\libgcc.a(_tablejump2.o)
                              build/default/production/mcc_generated_files/src/tcb0.o (__tablejump2__)
c:/program files (x86)/microchip/xc8/v2.10/avr/bin/../lib/gcc/avr/5.4.0/avrxmega3\libgcc.a(_copy_data.o)
                              build/default/production/mcc_generated_files/src/tca0.o (__do_copy_data)
c:/program files (x86)/microchip/xc8/v2.10/avr/bin/../lib/gcc/avr/5.4.0/../../../../avr/lib/avrxmega3\libc.a(memcpy.o)
                              build/default/production/mcc_generated_files/src/nvmctrl.o (memcpy)

Allocating common symbols
Common symbol       size              file

LED_STATE           0x1               build/default/production/mcc_generated_files/src/tcb0.o
PWM_CONTROL         0x1               build/default/production/mcc_generated_files/src/tcb0.o
SYSTEM_STATE        0x1               build/default/production/mcc_generated_files/src/tcb0.o
SW_Struct_t         0x11              build/default/production/mcc_generated_files/src/tcb0.o
LED_Struct_t        0x4               build/default/production/mcc_generated_files/src/tcb0.o
System_State_Struc_t
                    0x10              build/default/production/mcc_generated_files/src/tcb0.o
SYSTEM_SUB_STATE    0x1               build/default/production/mcc_generated_files/src/tcb0.o

Discarded input sections

 .data          0x00000000        0x0 C:/Program Files (x86)/Microchip/MPLABX/v5.30/packs/Microchip/ATtiny_DFP/2.0.10/gcc/dev/attiny1616/avrxmega3/crtattiny1616.o
 .bss           0x00000000        0x0 C:/Program Files (x86)/Microchip/MPLABX/v5.30/packs/Microchip/ATtiny_DFP/2.0.10/gcc/dev/attiny1616/avrxmega3/crtattiny1616.o
 .text          0x00000000        0x0 build/default/production/mcc_generated_files/src/pin_manager.o
 .data          0x00000000        0x0 build/default/production/mcc_generated_files/src/pin_manager.o
 .bss           0x00000000        0x0 build/default/production/mcc_generated_files/src/pin_manager.o
 .text          0x00000000        0x0 build/default/production/mcc_generated_files/src/cpuint.o
 .data          0x00000000        0x0 build/default/production/mcc_generated_files/src/cpuint.o
 .bss           0x00000000        0x0 build/default/production/mcc_generated_files/src/cpuint.o
 .text          0x00000000        0x0 build/default/production/mcc_generated_files/src/tca0.o
 .data          0x00000000        0x0 build/default/production/mcc_generated_files/src/tca0.o
 .bss           0x00000000        0x0 build/default/production/mcc_generated_files/src/tca0.o
 .text.TCA0_SetOVFIsrCallback
                0x00000000       0x26 build/default/production/mcc_generated_files/src/tca0.o
 .text.TCA0_SetCMP0IsrCallback
                0x00000000       0x26 build/default/production/mcc_generated_files/src/tca0.o
 .text.TCA0_SetCMP1IsrCallback
                0x00000000       0x26 build/default/production/mcc_generated_files/src/tca0.o
 .text.TCA0_SetCMP2IsrCallback
                0x00000000       0x26 build/default/production/mcc_generated_files/src/tca0.o
 .text.TCA0_WriteTimer
                0x00000000       0x28 build/default/production/mcc_generated_files/src/tca0.o
 .text.TCA0_ReadTimer
                0x00000000       0x26 build/default/production/mcc_generated_files/src/tca0.o
 .text.TCA0_EnableInterrupt
                0x00000000       0x1a build/default/production/mcc_generated_files/src/tca0.o
 .text.TCA0_DisableInterrupt
                0x00000000       0x18 build/default/production/mcc_generated_files/src/tca0.o
 .text.TCA0_ClearOverflowInterruptFlag
                0x00000000       0x22 build/default/production/mcc_generated_files/src/tca0.o
 .text.TCA0_IsOverflowInterruptEnabled
                0x00000000       0x2a build/default/production/mcc_generated_files/src/tca0.o
 .text          0x00000000        0x0 build/default/production/mcc_generated_files/src/protected_io.o
 .data          0x00000000        0x0 build/default/production/mcc_generated_files/src/protected_io.o
 .bss           0x00000000        0x0 build/default/production/mcc_generated_files/src/protected_io.o
 .text          0x00000000        0x0 build/default/production/mcc_generated_files/src/tcb0.o
 .data          0x00000000        0x0 build/default/production/mcc_generated_files/src/tcb0.o
 .bss           0x00000000        0x0 build/default/production/mcc_generated_files/src/tcb0.o
 .text.TCB0_SetCaptIsrCallback
                0x00000000       0x26 build/default/production/mcc_generated_files/src/tcb0.o
 .text.TCB0_WriteTimer
                0x00000000       0x28 build/default/production/mcc_generated_files/src/tcb0.o
 .text.TCB0_ReadTimer
                0x00000000       0x26 build/default/production/mcc_generated_files/src/tcb0.o
 .text.TCB0_EnableInterrupt
                0x00000000       0x22 build/default/production/mcc_generated_files/src/tcb0.o
 .text.TCB0_DisableInterrupt
                0x00000000       0x22 build/default/production/mcc_generated_files/src/tcb0.o
 .text.TCB0_ClearInterruptFlag
                0x00000000       0x22 build/default/production/mcc_generated_files/src/tcb0.o
 .text.TCB0_IsInterruptEnabled
                0x00000000       0x2a build/default/production/mcc_generated_files/src/tcb0.o
 .text          0x00000000        0x0 build/default/production/mcc_generated_files/src/adc0.o
 .data          0x00000000        0x0 build/default/production/mcc_generated_files/src/adc0.o
 .bss           0x00000000        0x0 build/default/production/mcc_generated_files/src/adc0.o
 .text.ADC0_Enable
                0x00000000       0x22 build/default/production/mcc_generated_files/src/adc0.o
 .text.ADC0_Disable
                0x00000000       0x22 build/default/production/mcc_generated_files/src/adc0.o
 .text.ADC0_EnableAutoTrigger
                0x00000000       0x22 build/default/production/mcc_generated_files/src/adc0.o
 .text.ADC0_DisableAutoTrigger
                0x00000000       0x22 build/default/production/mcc_generated_files/src/adc0.o
 .text.ADC0_SetWindowHigh
                0x00000000       0x28 build/default/production/mcc_generated_files/src/adc0.o
 .text.ADC0_SetWindowLow
                0x00000000       0x28 build/default/production/mcc_generated_files/src/adc0.o
 .text.ADC0_SetWindowMode
                0x00000000       0x20 build/default/production/mcc_generated_files/src/adc0.o
 .text.ADC0_SetWindowChannel
                0x00000000       0x20 build/default/production/mcc_generated_files/src/adc0.o
 .text.ADC0_IsConversionDone
                0x00000000       0x28 build/default/production/mcc_generated_files/src/adc0.o
 .text.ADC0_GetConversionResult
                0x00000000       0x18 build/default/production/mcc_generated_files/src/adc0.o
 .text.ADC0_GetWindowResult
                0x00000000       0x38 build/default/production/mcc_generated_files/src/adc0.o
 .text.ADC0_GetConversion
                0x00000000       0x46 build/default/production/mcc_generated_files/src/adc0.o
 .text.ADC0_GetResolution
                0x00000000       0x28 build/default/production/mcc_generated_files/src/adc0.o
 .text.ADC0_RegisterWindowCallback
                0x00000000       0x26 build/default/production/mcc_generated_files/src/adc0.o
 .text          0x00000000        0x0 build/default/production/mcc_generated_files/device_config.o
 .data          0x00000000        0x0 build/default/production/mcc_generated_files/device_config.o
 .bss           0x00000000        0x0 build/default/production/mcc_generated_files/device_config.o
 .text          0x00000000        0x0 build/default/production/mcc_generated_files/mcc.o
 .data          0x00000000        0x0 build/default/production/mcc_generated_files/mcc.o
 .bss           0x00000000        0x0 build/default/production/mcc_generated_files/mcc.o
 .text          0x00000000        0x0 build/default/production/main.o
 .data          0x00000000        0x0 build/default/production/main.o
 .bss           0x00000000        0x0 build/default/production/main.o
 .text          0x00000000        0x0 build/default/production/mcc_generated_files/src/nvmctrl.o
 .data          0x00000000        0x0 build/default/production/mcc_generated_files/src/nvmctrl.o
 .bss           0x00000000        0x0 build/default/production/mcc_generated_files/src/nvmctrl.o
 .text.FLASH_ReadEepromBlock
                0x00000000       0x3e build/default/production/mcc_generated_files/src/nvmctrl.o
 .text.FLASH_WriteEepromBlock
                0x00000000       0xa6 build/default/production/mcc_generated_files/src/nvmctrl.o
 .text.FLASH_IsEepromReady
                0x00000000       0x28 build/default/production/mcc_generated_files/src/nvmctrl.o
 .text.FLASH_ReadFlashByte
                0x00000000       0x22 build/default/production/mcc_generated_files/src/nvmctrl.o
 .text.FLASH_WriteFlashByte
                0x00000000       0x94 build/default/production/mcc_generated_files/src/nvmctrl.o
 .text.FLASH_EraseFlashPage
                0x00000000       0x52 build/default/production/mcc_generated_files/src/nvmctrl.o
 .text.FLASH_WriteFlashPage
                0x00000000       0x62 build/default/production/mcc_generated_files/src/nvmctrl.o
 .text.FLASH_WriteFlashBlock
                0x00000000      0x118 build/default/production/mcc_generated_files/src/nvmctrl.o
 .text.FLASH_WriteFlashStream
                0x00000000       0x70 build/default/production/mcc_generated_files/src/nvmctrl.o
 .text          0x00000000        0x0 c:/program files (x86)/microchip/xc8/v2.10/avr/bin/../lib/gcc/avr/5.4.0/avrxmega3\libgcc.a(_exit.o)
 .data          0x00000000        0x0 c:/program files (x86)/microchip/xc8/v2.10/avr/bin/../lib/gcc/avr/5.4.0/avrxmega3\libgcc.a(_exit.o)
 .bss           0x00000000        0x0 c:/program files (x86)/microchip/xc8/v2.10/avr/bin/../lib/gcc/avr/5.4.0/avrxmega3\libgcc.a(_exit.o)
 .text.libgcc.mul
                0x00000000        0x0 c:/program files (x86)/microchip/xc8/v2.10/avr/bin/../lib/gcc/avr/5.4.0/avrxmega3\libgcc.a(_exit.o)
 .text.libgcc.div
                0x00000000        0x0 c:/program files (x86)/microchip/xc8/v2.10/avr/bin/../lib/gcc/avr/5.4.0/avrxmega3\libgcc.a(_exit.o)
 .text.libgcc   0x00000000        0x0 c:/program files (x86)/microchip/xc8/v2.10/avr/bin/../lib/gcc/avr/5.4.0/avrxmega3\libgcc.a(_exit.o)
 .text.libgcc.prologue
                0x00000000        0x0 c:/program files (x86)/microchip/xc8/v2.10/avr/bin/../lib/gcc/avr/5.4.0/avrxmega3\libgcc.a(_exit.o)
 .text.libgcc.builtins
                0x00000000        0x0 c:/program files (x86)/microchip/xc8/v2.10/avr/bin/../lib/gcc/avr/5.4.0/avrxmega3\libgcc.a(_exit.o)
 .text.libgcc.fmul
                0x00000000        0x0 c:/program files (x86)/microchip/xc8/v2.10/avr/bin/../lib/gcc/avr/5.4.0/avrxmega3\libgcc.a(_exit.o)
 .text.libgcc.fixed
                0x00000000        0x0 c:/program files (x86)/microchip/xc8/v2.10/avr/bin/../lib/gcc/avr/5.4.0/avrxmega3\libgcc.a(_exit.o)
 .text          0x00000000        0x0 c:/program files (x86)/microchip/xc8/v2.10/avr/bin/../lib/gcc/avr/5.4.0/avrxmega3\libgcc.a(_tablejump2.o)
 .data          0x00000000        0x0 c:/program files (x86)/microchip/xc8/v2.10/avr/bin/../lib/gcc/avr/5.4.0/avrxmega3\libgcc.a(_tablejump2.o)
 .bss           0x00000000        0x0 c:/program files (x86)/microchip/xc8/v2.10/avr/bin/../lib/gcc/avr/5.4.0/avrxmega3\libgcc.a(_tablejump2.o)
 .text.libgcc.mul
                0x00000000        0x0 c:/program files (x86)/microchip/xc8/v2.10/avr/bin/../lib/gcc/avr/5.4.0/avrxmega3\libgcc.a(_tablejump2.o)
 .text.libgcc.div
                0x00000000        0x0 c:/program files (x86)/microchip/xc8/v2.10/avr/bin/../lib/gcc/avr/5.4.0/avrxmega3\libgcc.a(_tablejump2.o)
 .text.libgcc.prologue
                0x00000000        0x0 c:/program files (x86)/microchip/xc8/v2.10/avr/bin/../lib/gcc/avr/5.4.0/avrxmega3\libgcc.a(_tablejump2.o)
 .text.libgcc.builtins
                0x00000000        0x0 c:/program files (x86)/microchip/xc8/v2.10/avr/bin/../lib/gcc/avr/5.4.0/avrxmega3\libgcc.a(_tablejump2.o)
 .text.libgcc.fmul
                0x00000000        0x0 c:/program files (x86)/microchip/xc8/v2.10/avr/bin/../lib/gcc/avr/5.4.0/avrxmega3\libgcc.a(_tablejump2.o)
 .text.libgcc.fixed
                0x00000000        0x0 c:/program files (x86)/microchip/xc8/v2.10/avr/bin/../lib/gcc/avr/5.4.0/avrxmega3\libgcc.a(_tablejump2.o)
 .text          0x00000000        0x0 c:/program files (x86)/microchip/xc8/v2.10/avr/bin/../lib/gcc/avr/5.4.0/avrxmega3\libgcc.a(_copy_data.o)
 .data          0x00000000        0x0 c:/program files (x86)/microchip/xc8/v2.10/avr/bin/../lib/gcc/avr/5.4.0/avrxmega3\libgcc.a(_copy_data.o)
 .bss           0x00000000        0x0 c:/program files (x86)/microchip/xc8/v2.10/avr/bin/../lib/gcc/avr/5.4.0/avrxmega3\libgcc.a(_copy_data.o)
 .text.libgcc.mul
                0x00000000        0x0 c:/program files (x86)/microchip/xc8/v2.10/avr/bin/../lib/gcc/avr/5.4.0/avrxmega3\libgcc.a(_copy_data.o)
 .text.libgcc.div
                0x00000000        0x0 c:/program files (x86)/microchip/xc8/v2.10/avr/bin/../lib/gcc/avr/5.4.0/avrxmega3\libgcc.a(_copy_data.o)
 .text.libgcc   0x00000000        0x0 c:/program files (x86)/microchip/xc8/v2.10/avr/bin/../lib/gcc/avr/5.4.0/avrxmega3\libgcc.a(_copy_data.o)
 .text.libgcc.prologue
                0x00000000        0x0 c:/program files (x86)/microchip/xc8/v2.10/avr/bin/../lib/gcc/avr/5.4.0/avrxmega3\libgcc.a(_copy_data.o)
 .text.libgcc.builtins
                0x00000000        0x0 c:/program files (x86)/microchip/xc8/v2.10/avr/bin/../lib/gcc/avr/5.4.0/avrxmega3\libgcc.a(_copy_data.o)
 .text.libgcc.fmul
                0x00000000        0x0 c:/program files (x86)/microchip/xc8/v2.10/avr/bin/../lib/gcc/avr/5.4.0/avrxmega3\libgcc.a(_copy_data.o)
 .text.libgcc.fixed
                0x00000000        0x0 c:/program files (x86)/microchip/xc8/v2.10/avr/bin/../lib/gcc/avr/5.4.0/avrxmega3\libgcc.a(_copy_data.o)
 .text          0x00000000        0x0 c:/program files (x86)/microchip/xc8/v2.10/avr/bin/../lib/gcc/avr/5.4.0/../../../../avr/lib/avrxmega3\libc.a(memcpy.o)
 .data          0x00000000        0x0 c:/program files (x86)/microchip/xc8/v2.10/avr/bin/../lib/gcc/avr/5.4.0/../../../../avr/lib/avrxmega3\libc.a(memcpy.o)
 .bss           0x00000000        0x0 c:/program files (x86)/microchip/xc8/v2.10/avr/bin/../lib/gcc/avr/5.4.0/../../../../avr/lib/avrxmega3\libc.a(memcpy.o)
 .text.avrlibc  0x00000000       0x12 c:/program files (x86)/microchip/xc8/v2.10/avr/bin/../lib/gcc/avr/5.4.0/../../../../avr/lib/avrxmega3\libc.a(memcpy.o)

Memory Configuration

Name             Origin             Length             Attributes
text             0x00000000         0x00004000         xr
data             0x00803800         0x00000800         rw !x
eeprom           0x00810000         0x00000100         rw !x
fuse             0x00820000         0x00000009         rw !x
lock             0x00830000         0x00000400         rw !x
signature        0x00840000         0x00000400         rw !x
user_signatures  0x00850000         0x00000400         rw !x
*default*        0x00000000         0xffffffff

Linker script and memory map

Address of section .data set to 0x803800
                0x00008000                __RODATA_PM_OFFSET__ = 0x8000
LOAD C:/Program Files (x86)/Microchip/MPLABX/v5.30/packs/Microchip/ATtiny_DFP/2.0.10/gcc/dev/attiny1616/avrxmega3/crtattiny1616.o
                0x00000001                __MPLAB_BUILD = 0x1
LOAD build/default/production/mcc_generated_files/src/pin_manager.o
LOAD build/default/production/mcc_generated_files/src/cpuint.o
LOAD build/default/production/mcc_generated_files/src/tca0.o
LOAD build/default/production/mcc_generated_files/src/protected_io.o
LOAD build/default/production/mcc_generated_files/src/tcb0.o
LOAD build/default/production/mcc_generated_files/src/adc0.o
LOAD build/default/production/mcc_generated_files/device_config.o
LOAD build/default/production/mcc_generated_files/mcc.o
LOAD build/default/production/main.o
LOAD build/default/production/mcc_generated_files/src/nvmctrl.o
START GROUP
LOAD c:/program files (x86)/microchip/xc8/v2.10/avr/bin/../lib/gcc/avr/5.4.0/../../../../avr/lib/avrxmega3\libm.a
END GROUP
START GROUP
LOAD c:/program files (x86)/microchip/xc8/v2.10/avr/bin/../lib/gcc/avr/5.4.0/avrxmega3\libgcc.a
LOAD c:/program files (x86)/microchip/xc8/v2.10/avr/bin/../lib/gcc/avr/5.4.0/../../../../avr/lib/avrxmega3\libm.a
LOAD c:/program files (x86)/microchip/xc8/v2.10/avr/bin/../lib/gcc/avr/5.4.0/../../../../avr/lib/avrxmega3\libc.a
LOAD C:/Program Files (x86)/Microchip/MPLABX/v5.30/packs/Microchip/ATtiny_DFP/2.0.10/gcc/dev/attiny1616/avrxmega3\libattiny1616.a
END GROUP
                [0x00000000]                __TEXT_REGION_ORIGIN__ = DEFINED (__TEXT_REGION_ORIGIN__)?__TEXT_REGION_ORIGIN__:0x0
                [0x00803800]                __DATA_REGION_ORIGIN__ = DEFINED (__DATA_REGION_ORIGIN__)?__DATA_REGION_ORIGIN__:0x802000
                [0x00004000]                __TEXT_REGION_LENGTH__ = DEFINED (__TEXT_REGION_LENGTH__)?__TEXT_REGION_LENGTH__:0x100000
                [0x00000800]                __DATA_REGION_LENGTH__ = DEFINED (__DATA_REGION_LENGTH__)?__DATA_REGION_LENGTH__:0xffa0
                [0x00000100]                __EEPROM_REGION_LENGTH__ = DEFINED (__EEPROM_REGION_LENGTH__)?__EEPROM_REGION_LENGTH__:0x10000
                [0x00000009]                __FUSE_REGION_LENGTH__ = DEFINED (__FUSE_REGION_LENGTH__)?__FUSE_REGION_LENGTH__:0x400
                0x00000400                __LOCK_REGION_LENGTH__ = DEFINED (__LOCK_REGION_LENGTH__)?__LOCK_REGION_LENGTH__:0x400
                0x00000400                __SIGNATURE_REGION_LENGTH__ = DEFINED (__SIGNATURE_REGION_LENGTH__)?__SIGNATURE_REGION_LENGTH__:0x400
                0x00000400                __USER_SIGNATURE_REGION_LENGTH__ = DEFINED (__USER_SIGNATURE_REGION_LENGTH__)?__USER_SIGNATURE_REGION_LENGTH__:0x400
                0x00008000                __RODATA_PM_OFFSET__ = DEFINED (__RODATA_PM_OFFSET__)?__RODATA_PM_OFFSET__:0x8000

.hash
 *(.hash)

.dynsym
 *(.dynsym)

.dynstr
 *(.dynstr)

.gnu.version
 *(.gnu.version)

.gnu.version_d
 *(.gnu.version_d)

.gnu.version_r
 *(.gnu.version_r)

.rel.init
 *(.rel.init)

.rela.init
 *(.rela.init)

.rel.text
 *(.rel.text)
 *(.rel.text.*)
 *(.rel.gnu.linkonce.t*)

.rela.text
 *(.rela.text)
 *(.rela.text.*)
 *(.rela.gnu.linkonce.t*)

.rel.fini
 *(.rel.fini)

.rela.fini
 *(.rela.fini)

.rel.rodata
 *(.rel.rodata)
 *(.rel.rodata.*)
 *(.rel.gnu.linkonce.r*)

.rela.rodata
 *(.rela.rodata)
 *(.rela.rodata.*)
 *(.rela.gnu.linkonce.r*)

.rel.data
 *(.rel.data)
 *(.rel.data.*)
 *(.rel.gnu.linkonce.d*)

.rela.data
 *(.rela.data)
 *(.rela.data.*)
 *(.rela.gnu.linkonce.d*)

.rel.ctors
 *(.rel.ctors)

.rela.ctors
 *(.rela.ctors)

.rel.dtors
 *(.rel.dtors)

.rela.dtors
 *(.rela.dtors)

.rel.got
 *(.rel.got)

.rela.got
 *(.rela.got)

.rel.bss
 *(.rel.bss)

.rela.bss
 *(.rela.bss)

.rel.plt
 *(.rel.plt)

.rela.plt
 *(.rela.plt)

.text           0x00000000      0x178
 *(.vectors)
 .vectors       0x00000000       0x7c C:/Program Files (x86)/Microchip/MPLABX/v5.30/packs/Microchip/ATtiny_DFP/2.0.10/gcc/dev/attiny1616/avrxmega3/crtattiny1616.o
                0x00000000                __vector_default
                0x00000000                __vectors
 *(.vectors)
 *(.progmem.gcc*)
 .progmem.gcc_sw_table.__vector_13
                0x0000007c       0x28 build/default/production/mcc_generated_files/src/tcb0.o
 *(.dinit)
 .dinit         0x000000a4       0x7f data_init
                0x00000124                . = ALIGN (0x2)
 *fill*         0x00000123        0x1 
                0x00000124                __trampolines_start = .
 *(.trampolines)
 .trampolines   0x00000124        0x0 linker stubs
 *(.trampolines*)
                0x00000124                __trampolines_end = .
 *libprintf_flt.a:*(.progmem.data)
 *libc.a:*(.progmem.data)
                0x00000124                . = ALIGN (0x2)
 *(.jumptables)
 *(.jumptables*)
 *(.lowtext)
 *(.lowtext*)
                0x00000124                __ctors_start = .
 *(.ctors)
                0x00000124                __ctors_end = .
                0x00000124                __dtors_start = .
 *(.dtors)
                0x00000124                __dtors_end = .
 SORT(*)(.ctors)
 SORT(*)(.dtors)
 *(.init0)
 .init0         0x00000124        0x0 C:/Program Files (x86)/Microchip/MPLABX/v5.30/packs/Microchip/ATtiny_DFP/2.0.10/gcc/dev/attiny1616/avrxmega3/crtattiny1616.o
                0x00000124                __init
 *(.init0)
 *(.init1)
 *(.init1)
 *(.init2)
 .init2         0x00000124        0xc C:/Program Files (x86)/Microchip/MPLABX/v5.30/packs/Microchip/ATtiny_DFP/2.0.10/gcc/dev/attiny1616/avrxmega3/crtattiny1616.o
 *(.init2)
 *(.init3)
 *(.init3)
 *(.init4)
 .init4         0x00000130       0x3c c:/program files (x86)/microchip/xc8/v2.10/avr/bin/../lib/gcc/avr/5.4.0/avrxmega3\libgcc.a(_copy_data.o)
                0x00000130                __do_copy_data
                0x0000015e                __do_clear_bss
 *(.init4)
 *(.init5)
 *(.init5)
 *(.init6)
 *(.init6)
 *(.init7)
 *(.init7)
 *(.init8)
 *(.init8)
 *(.init9)
 .init9         0x0000016c        0x8 C:/Program Files (x86)/Microchip/MPLABX/v5.30/packs/Microchip/ATtiny_DFP/2.0.10/gcc/dev/attiny1616/avrxmega3/crtattiny1616.o
 *(.init9)
                0x00000174                . = ALIGN (0x2)
 *(.fini9)
 .fini9         0x00000174        0x0 c:/program files (x86)/microchip/xc8/v2.10/avr/bin/../lib/gcc/avr/5.4.0/avrxmega3\libgcc.a(_exit.o)
                0x00000174                _exit
                0x00000174                exit
 *(.fini9)
 *(.fini8)
 *(.fini8)
 *(.fini7)
 *(.fini7)
 *(.fini6)
 *(.fini6)
 *(.fini5)
 *(.fini5)
 *(.fini4)
 *(.fini4)
 *(.fini3)
 *(.fini3)
 *(.fini2)
 *(.fini2)
 *(.fini1)
 *(.fini1)
 *(.fini0)
 .fini0         0x00000174        0x4 c:/program files (x86)/microchip/xc8/v2.10/avr/bin/../lib/gcc/avr/5.4.0/avrxmega3\libgcc.a(_exit.o)
 *(.fini0)
                0x00000178                _etext = .

.rodata
 *(.rodata)
 *(.rodata*)
 *(.gnu.linkonce.r*)

.data           0x00803800        0x0 load address 0x00000178
                [!provide]                PROVIDE (__data_start, .)
 *(.gnu.linkonce.d*)
                0x00803800                . = ALIGN (0x2)
                0x00803800                _edata = .
                [!provide]                PROVIDE (__data_end, .)

.bss            0x00803800       0x29
                [!provide]                PROVIDE (__bss_start, .)
 *(COMMON)
 COMMON         0x00803800       0x29 build/default/production/mcc_generated_files/src/tcb0.o
                0x00803800                LED_STATE
                0x00803801                PWM_CONTROL
                0x00803802                SYSTEM_STATE
                0x00803803                SW_Struct_t
                0x00803814                LED_Struct_t
                0x00803818                System_State_Struc_t
                0x00803828                SYSTEM_SUB_STATE
                [!provide]                PROVIDE (__bss_end, .)
                0x00000178                __data_load_start = LOADADDR (.data)
                0x00000178                __data_load_end = (__data_load_start + SIZEOF (.data))

.noinit         0x00803829        0x0
                [!provide]                PROVIDE (__noinit_start, .)
 *(.noinit*)
                [!provide]                PROVIDE (__noinit_end, .)
                0x00803829                _end = .

.eeprom         0x00810000        0x0
 *(.eeprom*)
                0x00810000                __eeprom_end = .

.fuse           0x00820000        0x9
 *(.fuse)
 .fuse          0x00820000        0x9 build/default/production/mcc_generated_files/device_config.o
                0x00820000                __fuse
 *(.lfuse)
 *(.hfuse)
 *(.efuse)

.lock
 *(.lock*)

.signature
 *(.signature*)

.user_signatures
 *(.user_signatures*)

.stab
 *(.stab)

.stabstr
 *(.stabstr)

.stab.excl
 *(.stab.excl)

.stab.exclstr
 *(.stab.exclstr)

.stab.index
 *(.stab.index)

.stab.indexstr
 *(.stab.indexstr)

.comment        0x00000000       0x2f
 *(.comment)
 .comment       0x00000000       0x2f build/default/production/mcc_generated_files/src/pin_manager.o
                                 0x30 (size before relaxing)
 .comment       0x0000002f       0x30 build/default/production/mcc_generated_files/src/cpuint.o
 .comment       0x0000002f       0x30 build/default/production/mcc_generated_files/src/tca0.o
 .comment       0x0000002f       0x30 build/default/production/mcc_generated_files/src/tcb0.o
 .comment       0x0000002f       0x30 build/default/production/mcc_generated_files/src/adc0.o
 .comment       0x0000002f       0x30 build/default/production/mcc_generated_files/device_config.o
 .comment       0x0000002f       0x30 build/default/production/mcc_generated_files/mcc.o
 .comment       0x0000002f       0x30 build/default/production/main.o
 .comment       0x0000002f       0x30 build/default/production/mcc_generated_files/src/nvmctrl.o

.note.gnu.build-id
 *(.note.gnu.build-id)

.debug
 *(.debug)

.line
 *(.line)

.debug_srcinfo
 *(.debug_srcinfo)

.debug_sfnames
 *(.debug_sfnames)

.debug_aranges  0x00000000      0x3b8
 *(.debug_aranges)
 .debug_aranges
                0x00000000       0xa8 build/default/production/mcc_generated_files/src/pin_manager.o
 .debug_aranges
                0x000000a8       0x28 build/default/production/mcc_generated_files/src/cpuint.o
 .debug_aranges
                0x000000d0       0xb0 build/default/production/mcc_generated_files/src/tca0.o
 .debug_aranges
                0x00000180       0x20 build/default/production/mcc_generated_files/src/protected_io.o
 .debug_aranges
                0x000001a0       0x60 build/default/production/mcc_generated_files/src/tcb0.o
 .debug_aranges
                0x00000200       0xa8 build/default/production/mcc_generated_files/src/adc0.o
 .debug_aranges
                0x000002a8       0x18 build/default/production/mcc_generated_files/device_config.o
 .debug_aranges
                0x000002c0       0x50 build/default/production/mcc_generated_files/mcc.o
 .debug_aranges
                0x00000310       0x20 build/default/production/main.o
 .debug_aranges
                0x00000330       0x88 build/default/production/mcc_generated_files/src/nvmctrl.o

.debug_pubnames
 *(.debug_pubnames)

.debug_info     0x00000000     0x9183
 *(.debug_info .gnu.linkonce.wi.*)
 .debug_info    0x00000000     0x19ed C:/Program Files (x86)/Microchip/MPLABX/v5.30/packs/Microchip/ATtiny_DFP/2.0.10/gcc/dev/attiny1616/avrxmega3/crtattiny1616.o
 .debug_info    0x000019ed      0xba6 build/default/production/mcc_generated_files/src/pin_manager.o
 .debug_info    0x00002593      0x37f build/default/production/mcc_generated_files/src/cpuint.o
 .debug_info    0x00002912     0x1028 build/default/production/mcc_generated_files/src/tca0.o
 .debug_info    0x0000393a       0x84 build/default/production/mcc_generated_files/src/protected_io.o
 .debug_info    0x000039be     0x1871 build/default/production/mcc_generated_files/src/tcb0.o
 .debug_info    0x0000522f     0x10ee build/default/production/mcc_generated_files/src/adc0.o
 .debug_info    0x0000631d      0x845 build/default/production/mcc_generated_files/device_config.o
 .debug_info    0x00006b62      0xe8b build/default/production/mcc_generated_files/mcc.o
 .debug_info    0x000079ed      0xd0f build/default/production/main.o
 .debug_info    0x000086fc      0xa87 build/default/production/mcc_generated_files/src/nvmctrl.o

.debug_abbrev   0x00000000     0x2455
 *(.debug_abbrev)
 .debug_abbrev  0x00000000     0x1888 C:/Program Files (x86)/Microchip/MPLABX/v5.30/packs/Microchip/ATtiny_DFP/2.0.10/gcc/dev/attiny1616/avrxmega3/crtattiny1616.o
 .debug_abbrev  0x00001888       0xf9 build/default/production/mcc_generated_files/src/pin_manager.o
 .debug_abbrev  0x00001981       0xc0 build/default/production/mcc_generated_files/src/cpuint.o
 .debug_abbrev  0x00001a41      0x18c build/default/production/mcc_generated_files/src/tca0.o
 .debug_abbrev  0x00001bcd       0x14 build/default/production/mcc_generated_files/src/protected_io.o
 .debug_abbrev  0x00001be1      0x1ed build/default/production/mcc_generated_files/src/tcb0.o
 .debug_abbrev  0x00001dce      0x1cb build/default/production/mcc_generated_files/src/adc0.o
 .debug_abbrev  0x00001f99       0x85 build/default/production/mcc_generated_files/device_config.o
 .debug_abbrev  0x0000201e      0x13f build/default/production/mcc_generated_files/mcc.o
 .debug_abbrev  0x0000215d       0xe0 build/default/production/main.o
 .debug_abbrev  0x0000223d      0x218 build/default/production/mcc_generated_files/src/nvmctrl.o

.debug_line     0x00000000     0x23ce
 *(.debug_line .debug_line.* .debug_line_end)
 .debug_line    0x00000000      0x151 C:/Program Files (x86)/Microchip/MPLABX/v5.30/packs/Microchip/ATtiny_DFP/2.0.10/gcc/dev/attiny1616/avrxmega3/crtattiny1616.o
 .debug_line    0x00000151      0x435 build/default/production/mcc_generated_files/src/pin_manager.o
 .debug_line    0x00000586      0x16d build/default/production/mcc_generated_files/src/cpuint.o
 .debug_line    0x000006f3      0x3d5 build/default/production/mcc_generated_files/src/tca0.o
 .debug_line    0x00000ac8       0x66 build/default/production/mcc_generated_files/src/protected_io.o
 .debug_line    0x00000b2e      0x803 build/default/production/mcc_generated_files/src/tcb0.o
 .debug_line    0x00001331      0x417 build/default/production/mcc_generated_files/src/adc0.o
 .debug_line    0x00001748       0xf2 build/default/production/mcc_generated_files/device_config.o
 .debug_line    0x0000183a      0x26b build/default/production/mcc_generated_files/mcc.o
 .debug_line    0x00001aa5      0x437 build/default/production/main.o
 .debug_line    0x00001edc      0x4f2 build/default/production/mcc_generated_files/src/nvmctrl.o

.debug_frame    0x00000000      0xd98
 *(.debug_frame)
 .debug_frame   0x00000000      0x254 build/default/production/mcc_generated_files/src/pin_manager.o
 .debug_frame   0x00000254       0x54 build/default/production/mcc_generated_files/src/cpuint.o
 .debug_frame   0x000002a8      0x384 build/default/production/mcc_generated_files/src/tca0.o
 .debug_frame   0x0000062c      0x178 build/default/production/mcc_generated_files/src/tcb0.o
 .debug_frame   0x000007a4      0x2b8 build/default/production/mcc_generated_files/src/adc0.o
 .debug_frame   0x00000a5c      0x114 build/default/production/mcc_generated_files/mcc.o
 .debug_frame   0x00000b70       0x34 build/default/production/main.o
 .debug_frame   0x00000ba4      0x1f4 build/default/production/mcc_generated_files/src/nvmctrl.o

.debug_str      0x00000000      0xfcc
 *(.debug_str)
 .debug_str     0x00000000      0xacf C:/Program Files (x86)/Microchip/MPLABX/v5.30/packs/Microchip/ATtiny_DFP/2.0.10/gcc/dev/attiny1616/avrxmega3/crtattiny1616.o
 .debug_str     0x00000acf       0x65 build/default/production/mcc_generated_files/src/pin_manager.o
 .debug_str     0x00000b34        0x0 build/default/production/mcc_generated_files/src/cpuint.o
 .debug_str     0x00000b34      0x1e9 build/default/production/mcc_generated_files/src/tca0.o
 .debug_str     0x00000d1d      0x207 build/default/production/mcc_generated_files/src/tcb0.o
 .debug_str     0x00000f24        0x8 build/default/production/mcc_generated_files/src/adc0.o
 .debug_str     0x00000f2c        0x0 build/default/production/mcc_generated_files/device_config.o
 .debug_str     0x00000f2c       0x70 build/default/production/mcc_generated_files/mcc.o
 .debug_str     0x00000f9c        0x0 build/default/production/main.o
 .debug_str     0x00000f9c       0x30 build/default/production/mcc_generated_files/src/nvmctrl.o

.debug_loc
 *(.debug_loc)

.debug_macinfo
 *(.debug_macinfo)

.debug_weaknames
 *(.debug_weaknames)

.debug_funcnames
 *(.debug_funcnames)

.debug_typenames
 *(.debug_typenames)

.debug_varnames
 *(.debug_varnames)

.debug_pubtypes
 *(.debug_pubtypes)

.debug_ranges   0x00000000      0x300
 *(.debug_ranges)
 .debug_ranges  0x00000000       0x98 build/default/production/mcc_generated_files/src/pin_manager.o
 .debug_ranges  0x00000098       0x18 build/default/production/mcc_generated_files/src/cpuint.o
 .debug_ranges  0x000000b0       0xa0 build/default/production/mcc_generated_files/src/tca0.o
 .debug_ranges  0x00000150       0x50 build/default/production/mcc_generated_files/src/tcb0.o
 .debug_ranges  0x000001a0       0x98 build/default/production/mcc_generated_files/src/adc0.o
 .debug_ranges  0x00000238       0x40 build/default/production/mcc_generated_files/mcc.o
 .debug_ranges  0x00000278       0x10 build/default/production/main.o
 .debug_ranges  0x00000288       0x78 build/default/production/mcc_generated_files/src/nvmctrl.o

.debug_macro
 *(.debug_macro)
OUTPUT(dist/default/production/EMOTIONAL.X.production.elf elf32-avr)
LOAD linker stubs
LOAD data_init

.note.gnu.avr.deviceinfo
                0x00000000       0x40
 .note.gnu.avr.deviceinfo
                0x00000000       0x40 C:/Program Files (x86)/Microchip/MPLABX/v5.30/packs/Microchip/ATtiny_DFP/2.0.10/gcc/dev/attiny1616/avrxmega3/crtattiny1616.o

.bss.PORTC_SW_POWER_InterruptHandler
                0x00803829        0x2
 .bss.PORTC_SW_POWER_InterruptHandler
                0x00803829        0x2 build/default/production/mcc_generated_files/src/pin_manager.o

.bss.PORTB_PB2_InterruptHandler
                0x0080382b        0x2
 .bss.PORTB_PB2_InterruptHandler
                0x0080382b        0x2 build/default/production/mcc_generated_files/src/pin_manager.o

.bss.PORTA_PA5_InterruptHandler
                0x0080382d        0x2
 .bss.PORTA_PA5_InterruptHandler
                0x0080382d        0x2 build/default/production/mcc_generated_files/src/pin_manager.o

.bss.PORTC_IO_PC0_InterruptHandler
                0x0080382f        0x2
 .bss.PORTC_IO_PC0_InterruptHandler
                0x0080382f        0x2 build/default/production/mcc_generated_files/src/pin_manager.o

.bss.PORTC_SW_MODE_InterruptHandler
                0x00803831        0x2
 .bss.PORTC_SW_MODE_InterruptHandler
                0x00803831        0x2 build/default/production/mcc_generated_files/src/pin_manager.o

.bss.PORTB_PB1_InterruptHandler
                0x00803833        0x2
 .bss.PORTB_PB1_InterruptHandler
                0x00803833        0x2 build/default/production/mcc_generated_files/src/pin_manager.o

.bss.PORTC_IO_PC1_InterruptHandler
                0x00803835        0x2
 .bss.PORTC_IO_PC1_InterruptHandler
                0x00803835        0x2 build/default/production/mcc_generated_files/src/pin_manager.o

.bss.PORTB_PB0_InterruptHandler
                0x00803837        0x2
 .bss.PORTB_PB0_InterruptHandler
                0x00803837        0x2 build/default/production/mcc_generated_files/src/pin_manager.o

.bss.i16Cnt     0x00803841        0x2
 .bss.i16Cnt    0x00803841        0x2 build/default/production/mcc_generated_files/src/tcb0.o
                0x00803841                i16Cnt

.bss.u16PwmDutyTemp
                0x00803843        0x2
 .bss.u16PwmDutyTemp
                0x00803843        0x2 build/default/production/mcc_generated_files/src/tcb0.o
                0x00803843                u16PwmDutyTemp

.bss.u16PwmDutyStep
                0x00803845        0x2
 .bss.u16PwmDutyStep
                0x00803845        0x2 build/default/production/mcc_generated_files/src/tcb0.o
                0x00803845                u16PwmDutyStep

.bss.u16PwmMode
                0x0080384b        0x2
 .bss.u16PwmMode
                0x0080384b        0x2 build/default/production/mcc_generated_files/src/tcb0.o
                0x0080384b                u16PwmMode

.bss.TCB0_CAPT_isr_cb
                0x0080384d        0x2
 .bss.TCB0_CAPT_isr_cb
                0x0080384d        0x2 build/default/production/mcc_generated_files/src/tcb0.o
                0x0080384d                TCB0_CAPT_isr_cb

.bss.ADC0_window_cb
                0x0080384f        0x2
 .bss.ADC0_window_cb
                0x0080384f        0x2 build/default/production/mcc_generated_files/src/adc0.o
                0x0080384f                ADC0_window_cb

.bss.i16Temp    0x00803851        0x2
 .bss.i16Temp   0x00803851        0x2 build/default/production/main.o
                0x00803851                i16Temp

.bss.u8Temp     0x00803853        0x1
 .bss.u8Temp    0x00803853        0x1 build/default/production/main.o
                0x00803853                u8Temp

.text.__vector_13
                0x00000178      0x8ee
 .text.__vector_13
                0x00000178      0x8ee build/default/production/mcc_generated_files/src/tcb0.o
                0x00000178                __vector_13

.text.main      0x00000a66      0x46e
 .text.main     0x00000a66      0x46e build/default/production/main.o
                0x00000a66                main

.text.PIN_MANAGER_Initialize
                0x00000ed4      0x16c
 .text.PIN_MANAGER_Initialize
                0x00000ed4      0x16c build/default/production/mcc_generated_files/src/pin_manager.o
                0x00000ed4                PIN_MANAGER_Initialize

.text.TCA0_Initialize
                0x00001040       0xb4
 .text.TCA0_Initialize
                0x00001040       0xb4 build/default/production/mcc_generated_files/src/tca0.o
                0x00001040                TCA0_Initialize

.text.PORT_Initialize
                0x000010f4       0xa4
 .text.PORT_Initialize
                0x000010f4       0xa4 build/default/production/mcc_generated_files/src/pin_manager.o
                0x000010f4                PORT_Initialize

.text.ADC0_Initialize
                0x00001198       0x84
 .text.ADC0_Initialize
                0x00001198       0x84 build/default/production/mcc_generated_files/src/adc0.o
                0x00001198                ADC0_Initialize

.text.__vector_10
                0x0000121c       0x78
 .text.__vector_10
                0x0000121c       0x78 build/default/production/mcc_generated_files/src/tca0.o
                0x0000121c                __vector_10

.text.__vector_11
                0x00001294       0x78
 .text.__vector_11
                0x00001294       0x78 build/default/production/mcc_generated_files/src/tca0.o
                0x00001294                __vector_11

.text.__vector_12
                0x0000130c       0x78
 .text.__vector_12
                0x0000130c       0x78 build/default/production/mcc_generated_files/src/tca0.o
                0x0000130c                __vector_12

.text.__vector_8
                0x00001384       0x78
 .text.__vector_8
                0x00001384       0x78 build/default/production/mcc_generated_files/src/tca0.o
                0x00001384                __vector_8

.text.__vector_21
                0x000013fc       0x78
 .text.__vector_21
                0x000013fc       0x78 build/default/production/mcc_generated_files/src/adc0.o
                0x000013fc                __vector_21

.text.TCB0_Initialize
                0x00001474       0x64
 .text.TCB0_Initialize
                0x00001474       0x64 build/default/production/mcc_generated_files/src/tcb0.o
                0x00001474                TCB0_Initialize

.text.__vector_20
                0x000014d8       0x5c
 .text.__vector_20
                0x000014d8       0x5c build/default/production/mcc_generated_files/src/adc0.o
                0x000014d8                __vector_20

.text.FLASH_WriteEepromByte
                0x00001534       0x56
 .text.FLASH_WriteEepromByte
                0x00001534       0x56 build/default/production/mcc_generated_files/src/nvmctrl.o
                0x00001534                FLASH_WriteEepromByte

.text.CLKCTRL_Initialize
                0x0000158a       0x4c
 .text.CLKCTRL_Initialize
                0x0000158a       0x4c build/default/production/mcc_generated_files/mcc.o
                0x0000158a                CLKCTRL_Initialize

.text.__vector_2
                0x000015d6       0x44
 .text.__vector_2
                0x000015d6       0x44 build/default/production/mcc_generated_files/mcc.o
                0x000015d6                __vector_2

.text.__vector_30
                0x0000161a       0x44
 .text.__vector_30
                0x0000161a       0x44 build/default/production/mcc_generated_files/src/nvmctrl.o
                0x0000161a                __vector_30

.text.SYSTEM_Initialize
                0x0000165e       0x38
 .text.SYSTEM_Initialize
                0x0000165e       0x38 build/default/production/mcc_generated_files/mcc.o
                0x0000165e                SYSTEM_Initialize

.text.ccp_write_io
                0x00001696       0x2c
 .text.ccp_write_io
                0x00001696       0x2c build/default/production/mcc_generated_files/src/cpuint.o

.text.CPUINT_Initialize
                0x000016c2       0x2c
 .text.CPUINT_Initialize
                0x000016c2       0x2c build/default/production/mcc_generated_files/src/cpuint.o
                0x000016c2                CPUINT_Initialize

.text.ccp_write_io
                0x000016ee       0x2c
 .text.ccp_write_io
                0x000016ee       0x2c build/default/production/mcc_generated_files/mcc.o

.text.ccp_write_spm
                0x0000171a       0x2c
 .text.ccp_write_spm
                0x0000171a       0x2c build/default/production/mcc_generated_files/src/nvmctrl.o

.text.ADC0_StartConversion
                0x00001746       0x2a
 .text.ADC0_StartConversion
                0x00001746       0x2a build/default/production/mcc_generated_files/src/adc0.o
                0x00001746                ADC0_StartConversion

.text.BOD_Initialize
                0x00001770       0x2a
 .text.BOD_Initialize
                0x00001770       0x2a build/default/production/mcc_generated_files/mcc.o
                0x00001770                BOD_Initialize

.text.PORTC_SW_POWER_SetInterruptHandler
                0x0000179a       0x26
 .text.PORTC_SW_POWER_SetInterruptHandler
                0x0000179a       0x26 build/default/production/mcc_generated_files/src/pin_manager.o
                0x0000179a                PORTC_SW_POWER_SetInterruptHandler

.text.PORTB_PB2_SetInterruptHandler
                0x000017c0       0x26
 .text.PORTB_PB2_SetInterruptHandler
                0x000017c0       0x26 build/default/production/mcc_generated_files/src/pin_manager.o
                0x000017c0                PORTB_PB2_SetInterruptHandler

.text.PORTA_PA5_SetInterruptHandler
                0x000017e6       0x26
 .text.PORTA_PA5_SetInterruptHandler
                0x000017e6       0x26 build/default/production/mcc_generated_files/src/pin_manager.o
                0x000017e6                PORTA_PA5_SetInterruptHandler

.text.PORTC_IO_PC0_SetInterruptHandler
                0x0000180c       0x26
 .text.PORTC_IO_PC0_SetInterruptHandler
                0x0000180c       0x26 build/default/production/mcc_generated_files/src/pin_manager.o
                0x0000180c                PORTC_IO_PC0_SetInterruptHandler

.text.PORTC_SW_MODE_SetInterruptHandler
                0x00001832       0x26
 .text.PORTC_SW_MODE_SetInterruptHandler
                0x00001832       0x26 build/default/production/mcc_generated_files/src/pin_manager.o
                0x00001832                PORTC_SW_MODE_SetInterruptHandler

.text.PORTB_PB1_SetInterruptHandler
                0x00001858       0x26
 .text.PORTB_PB1_SetInterruptHandler
                0x00001858       0x26 build/default/production/mcc_generated_files/src/pin_manager.o
                0x00001858                PORTB_PB1_SetInterruptHandler

.text.PORTC_IO_PC1_SetInterruptHandler
                0x0000187e       0x26
 .text.PORTC_IO_PC1_SetInterruptHandler
                0x0000187e       0x26 build/default/production/mcc_generated_files/src/pin_manager.o
                0x0000187e                PORTC_IO_PC1_SetInterruptHandler

.text.PORTB_PB0_SetInterruptHandler
                0x000018a4       0x26
 .text.PORTB_PB0_SetInterruptHandler
                0x000018a4       0x26 build/default/production/mcc_generated_files/src/pin_manager.o
                0x000018a4                PORTB_PB0_SetInterruptHandler

.text.FLASH_ReadEepromByte
                0x000018ca       0x22
 .text.FLASH_ReadEepromByte
                0x000018ca       0x22 build/default/production/mcc_generated_files/src/nvmctrl.o
                0x000018ca                FLASH_ReadEepromByte

.text.FLASH_Initialize
                0x000018ec       0x20
 .text.FLASH_Initialize
                0x000018ec       0x20 build/default/production/mcc_generated_files/src/nvmctrl.o
                0x000018ec                FLASH_Initialize

.text.SLPCTRL_Initialize
                0x0000190c       0x1a
 .text.SLPCTRL_Initialize
                0x0000190c       0x1a build/default/production/mcc_generated_files/mcc.o
                0x0000190c                SLPCTRL_Initialize

.text.WDT_Initialize
                0x00001926       0x1a
 .text.WDT_Initialize
                0x00001926       0x1a build/default/production/mcc_generated_files/mcc.o
                0x00001926                WDT_Initialize

.text.PORTC_SW_POWER_DefaultInterruptHandler
                0x00001940       0x10
 .text.PORTC_SW_POWER_DefaultInterruptHandler
                0x00001940       0x10 build/default/production/mcc_generated_files/src/pin_manager.o
                0x00001940                PORTC_SW_POWER_DefaultInterruptHandler

.text.PORTB_PB2_DefaultInterruptHandler
                0x00001950       0x10
 .text.PORTB_PB2_DefaultInterruptHandler
                0x00001950       0x10 build/default/production/mcc_generated_files/src/pin_manager.o
                0x00001950                PORTB_PB2_DefaultInterruptHandler

.text.PORTA_PA5_DefaultInterruptHandler
                0x00001960       0x10
 .text.PORTA_PA5_DefaultInterruptHandler
                0x00001960       0x10 build/default/production/mcc_generated_files/src/pin_manager.o
                0x00001960                PORTA_PA5_DefaultInterruptHandler

.text.PORTC_IO_PC0_DefaultInterruptHandler
                0x00001970       0x10
 .text.PORTC_IO_PC0_DefaultInterruptHandler
                0x00001970       0x10 build/default/production/mcc_generated_files/src/pin_manager.o
                0x00001970                PORTC_IO_PC0_DefaultInterruptHandler

.text.PORTC_SW_MODE_DefaultInterruptHandler
                0x00001980       0x10
 .text.PORTC_SW_MODE_DefaultInterruptHandler
                0x00001980       0x10 build/default/production/mcc_generated_files/src/pin_manager.o
                0x00001980                PORTC_SW_MODE_DefaultInterruptHandler

.text.PORTB_PB1_DefaultInterruptHandler
                0x00001990       0x10
 .text.PORTB_PB1_DefaultInterruptHandler
                0x00001990       0x10 build/default/production/mcc_generated_files/src/pin_manager.o
                0x00001990                PORTB_PB1_DefaultInterruptHandler

.text.PORTC_IO_PC1_DefaultInterruptHandler
                0x000019a0       0x10
 .text.PORTC_IO_PC1_DefaultInterruptHandler
                0x000019a0       0x10 build/default/production/mcc_generated_files/src/pin_manager.o
                0x000019a0                PORTC_IO_PC1_DefaultInterruptHandler

.text.PORTB_PB0_DefaultInterruptHandler
                0x000019b0       0x10
 .text.PORTB_PB0_DefaultInterruptHandler
                0x000019b0       0x10 build/default/production/mcc_generated_files/src/pin_manager.o
                0x000019b0                PORTB_PB0_DefaultInterruptHandler

.text.TCA0_DefaultCMP0IsrCallback
                0x000019c0       0x10
 .text.TCA0_DefaultCMP0IsrCallback
                0x000019c0       0x10 build/default/production/mcc_generated_files/src/tca0.o
                0x000019c0                TCA0_DefaultCMP0IsrCallback

.text.TCA0_DefaultCMP1IsrCallback
                0x000019d0       0x10
 .text.TCA0_DefaultCMP1IsrCallback
                0x000019d0       0x10 build/default/production/mcc_generated_files/src/tca0.o
                0x000019d0                TCA0_DefaultCMP1IsrCallback

.text.TCA0_DefaultCMP2IsrCallback
                0x000019e0       0x10
 .text.TCA0_DefaultCMP2IsrCallback
                0x000019e0       0x10 build/default/production/mcc_generated_files/src/tca0.o
                0x000019e0                TCA0_DefaultCMP2IsrCallback

.text.TCA0_DefaultOVFIsrCallback
                0x000019f0       0x10
 .text.TCA0_DefaultOVFIsrCallback
                0x000019f0       0x10 build/default/production/mcc_generated_files/src/tca0.o
                0x000019f0                TCA0_DefaultOVFIsrCallback

.text.libgcc    0x00001a00        0xc
 .text.libgcc   0x00001a00        0xc c:/program files (x86)/microchip/xc8/v2.10/avr/bin/../lib/gcc/avr/5.4.0/avrxmega3\libgcc.a(_tablejump2.o)
                0x00001a00                __tablejump2__

.text.protected_write_io
                0x00001a0c        0x8
 .text.protected_write_io
                0x00001a0c        0x8 build/default/production/mcc_generated_files/src/protected_io.o
                0x00001a0c                protected_write_io

.text           0x00001a14        0x4
 .text          0x00001a14        0x4 C:/Program Files (x86)/Microchip/MPLABX/v5.30/packs/Microchip/ATtiny_DFP/2.0.10/gcc/dev/attiny1616/avrxmega3/crtattiny1616.o
                0x00001a14                __vector_22
                0x00001a14                __vector_28
                0x00001a14                __vector_1
                0x00001a14                __vector_24
                0x00001a14                __bad_interrupt
                0x00001a14                __vector_6
                0x00001a14                __vector_3
                0x00001a14                __vector_23
                0x00001a14                __vector_25
                0x00001a14                __vector_17
                0x00001a14                __vector_19
                0x00001a14                __vector_7
                0x00001a14                __vector_27
                0x00001a14                __vector_5
                0x00001a14                __vector_4
                0x00001a14                __vector_9
                0x00001a14                __vector_15
                0x00001a14                __vector_29
                0x00001a14                __vector_26
                0x00001a14                __vector_14
                0x00001a14                __vector_16
                0x00001a14                __vector_18

.data.TCA0_CMP0_isr_cb
                0x00803839        0x2 load address 0x00001a18
 .data.TCA0_CMP0_isr_cb
                0x00803839        0x2 build/default/production/mcc_generated_files/src/tca0.o
                0x00803839                TCA0_CMP0_isr_cb

.data.TCA0_CMP1_isr_cb
                0x0080383b        0x2 load address 0x00001a1a
 .data.TCA0_CMP1_isr_cb
                0x0080383b        0x2 build/default/production/mcc_generated_files/src/tca0.o
                0x0080383b                TCA0_CMP1_isr_cb

.data.TCA0_CMP2_isr_cb
                0x0080383d        0x2 load address 0x00001a1c
 .data.TCA0_CMP2_isr_cb
                0x0080383d        0x2 build/default/production/mcc_generated_files/src/tca0.o
                0x0080383d                TCA0_CMP2_isr_cb

.data.TCA0_OVF_isr_cb
                0x0080383f        0x2 load address 0x00001a1e
 .data.TCA0_OVF_isr_cb
                0x0080383f        0x2 build/default/production/mcc_generated_files/src/tca0.o
                0x0080383f                TCA0_OVF_isr_cb

.data.u16PwmDutyTarget
                0x00803847        0x2 load address 0x00001a20
 .data.u16PwmDutyTarget
                0x00803847        0x2 build/default/production/mcc_generated_files/src/tcb0.o
                0x00803847                u16PwmDutyTarget

.data.u16PwmState
                0x00803849        0x2 load address 0x00001a22
 .data.u16PwmState
                0x00803849        0x2 build/default/production/mcc_generated_files/src/tcb0.o
                0x00803849                u16PwmState
