Archive member included to satisfy reference by file (symbol)

c:/program files (x86)/microchip/xc8/v2.10/avr/bin/../lib/gcc/avr/5.4.0/avrxmega3\libgcc.a(_exit.o)
                              C:/Program Files (x86)/Microchip/MPLABX/v5.30/packs/Microchip/ATtiny_DFP/2.0.10/gcc/dev/attiny1616/avrxmega3/crtattiny1616.o (exit)
c:/program files (x86)/microchip/xc8/v2.10/avr/bin/../lib/gcc/avr/5.4.0/avrxmega3\libgcc.a(_tablejump2.o)
                              build/default/production/mcc_generated_files/src/tcb0.o (__tablejump2__)
c:/program files (x86)/microchip/xc8/v2.10/avr/bin/../lib/gcc/avr/5.4.0/avrxmega3\libgcc.a(_copy_data.o)
                              build/default/production/mcc_generated_files/src/tca0.o (__do_copy_data)

Allocating common symbols
Common symbol       size              file

PWM_CONTROL         0x1               build/default/production/mcc_generated_files/src/tcb0.o
SW_Struct_t         0x4               build/default/production/mcc_generated_files/src/tcb0.o

Discarded input sections

 .data          0x00000000        0x0 C:/Program Files (x86)/Microchip/MPLABX/v5.30/packs/Microchip/ATtiny_DFP/2.0.10/gcc/dev/attiny1616/avrxmega3/crtattiny1616.o
 .bss           0x00000000        0x0 C:/Program Files (x86)/Microchip/MPLABX/v5.30/packs/Microchip/ATtiny_DFP/2.0.10/gcc/dev/attiny1616/avrxmega3/crtattiny1616.o
 .text          0x00000000        0x0 build/default/production/mcc_generated_files/src/pin_manager.o
 .data          0x00000000        0x0 build/default/production/mcc_generated_files/src/pin_manager.o
 .bss           0x00000000        0x0 build/default/production/mcc_generated_files/src/pin_manager.o
 .text.PORTB_PB2_DefaultInterruptHandler
                0x00000000        0x2 build/default/production/mcc_generated_files/src/pin_manager.o
 .text.PORTC_SW_MODE_DefaultInterruptHandler
                0x00000000        0x2 build/default/production/mcc_generated_files/src/pin_manager.o
 .text.PORTA_PA5_DefaultInterruptHandler
                0x00000000        0x2 build/default/production/mcc_generated_files/src/pin_manager.o
 .text.PORTC_IO_PC0_DefaultInterruptHandler
                0x00000000        0x2 build/default/production/mcc_generated_files/src/pin_manager.o
 .text.PORTB_PB1_DefaultInterruptHandler
                0x00000000        0x2 build/default/production/mcc_generated_files/src/pin_manager.o
 .text.PORTC_SW_POPWER_DefaultInterruptHandler
                0x00000000        0x2 build/default/production/mcc_generated_files/src/pin_manager.o
 .text.PORTC_IO_PC1_DefaultInterruptHandler
                0x00000000        0x2 build/default/production/mcc_generated_files/src/pin_manager.o
 .text.PORTB_PB0_DefaultInterruptHandler
                0x00000000        0x2 build/default/production/mcc_generated_files/src/pin_manager.o
 .text.PORTB_PB2_SetInterruptHandler
                0x00000000        0x2 build/default/production/mcc_generated_files/src/pin_manager.o
 .text.PORTC_SW_MODE_SetInterruptHandler
                0x00000000        0x2 build/default/production/mcc_generated_files/src/pin_manager.o
 .text.PORTA_PA5_SetInterruptHandler
                0x00000000        0x2 build/default/production/mcc_generated_files/src/pin_manager.o
 .text.PORTC_IO_PC0_SetInterruptHandler
                0x00000000        0x2 build/default/production/mcc_generated_files/src/pin_manager.o
 .text.PORTB_PB1_SetInterruptHandler
                0x00000000        0x2 build/default/production/mcc_generated_files/src/pin_manager.o
 .text.PORTC_SW_POPWER_SetInterruptHandler
                0x00000000        0x2 build/default/production/mcc_generated_files/src/pin_manager.o
 .text.PORTC_IO_PC1_SetInterruptHandler
                0x00000000        0x2 build/default/production/mcc_generated_files/src/pin_manager.o
 .text.PORTB_PB0_SetInterruptHandler
                0x00000000        0x2 build/default/production/mcc_generated_files/src/pin_manager.o
 .text          0x00000000        0x0 build/default/production/mcc_generated_files/src/cpuint.o
 .data          0x00000000        0x0 build/default/production/mcc_generated_files/src/cpuint.o
 .bss           0x00000000        0x0 build/default/production/mcc_generated_files/src/cpuint.o
 .text          0x00000000        0x0 build/default/production/mcc_generated_files/src/tca0.o
 .data          0x00000000        0x0 build/default/production/mcc_generated_files/src/tca0.o
 .bss           0x00000000        0x0 build/default/production/mcc_generated_files/src/tca0.o
 .text.TCA0_SetOVFIsrCallback
                0x00000000        0xa build/default/production/mcc_generated_files/src/tca0.o
 .text.TCA0_SetCMP0IsrCallback
                0x00000000        0xa build/default/production/mcc_generated_files/src/tca0.o
 .text.TCA0_SetCMP1IsrCallback
                0x00000000        0xa build/default/production/mcc_generated_files/src/tca0.o
 .text.TCA0_SetCMP2IsrCallback
                0x00000000        0xa build/default/production/mcc_generated_files/src/tca0.o
 .text.TCA0_WriteTimer
                0x00000000        0xa build/default/production/mcc_generated_files/src/tca0.o
 .text.TCA0_ReadTimer
                0x00000000        0xa build/default/production/mcc_generated_files/src/tca0.o
 .text.TCA0_EnableInterrupt
                0x00000000        0x8 build/default/production/mcc_generated_files/src/tca0.o
 .text.TCA0_DisableInterrupt
                0x00000000        0x6 build/default/production/mcc_generated_files/src/tca0.o
 .text.TCA0_ClearOverflowInterruptFlag
                0x00000000        0xc build/default/production/mcc_generated_files/src/tca0.o
 .text.TCA0_IsOverflowInterruptEnabled
                0x00000000        0xc build/default/production/mcc_generated_files/src/tca0.o
 .text          0x00000000        0x0 build/default/production/mcc_generated_files/src/protected_io.o
 .data          0x00000000        0x0 build/default/production/mcc_generated_files/src/protected_io.o
 .bss           0x00000000        0x0 build/default/production/mcc_generated_files/src/protected_io.o
 .text          0x00000000        0x0 build/default/production/mcc_generated_files/device_config.o
 .data          0x00000000        0x0 build/default/production/mcc_generated_files/device_config.o
 .bss           0x00000000        0x0 build/default/production/mcc_generated_files/device_config.o
 .text          0x00000000        0x0 build/default/production/mcc_generated_files/mcc.o
 .data          0x00000000        0x0 build/default/production/mcc_generated_files/mcc.o
 .bss           0x00000000        0x0 build/default/production/mcc_generated_files/mcc.o
 .text          0x00000000        0x0 build/default/production/main.o
 .data          0x00000000        0x0 build/default/production/main.o
 .bss           0x00000000        0x0 build/default/production/main.o
 .text          0x00000000        0x0 build/default/production/mcc_generated_files/src/tcb0.o
 .data          0x00000000        0x0 build/default/production/mcc_generated_files/src/tcb0.o
 .bss           0x00000000        0x0 build/default/production/mcc_generated_files/src/tcb0.o
 .text.TCB0_SetCaptIsrCallback
                0x00000000        0xa build/default/production/mcc_generated_files/src/tcb0.o
 .text.TCB0_WriteTimer
                0x00000000        0xa build/default/production/mcc_generated_files/src/tcb0.o
 .text.TCB0_ReadTimer
                0x00000000        0xa build/default/production/mcc_generated_files/src/tcb0.o
 .text.TCB0_EnableInterrupt
                0x00000000        0xc build/default/production/mcc_generated_files/src/tcb0.o
 .text.TCB0_DisableInterrupt
                0x00000000        0xc build/default/production/mcc_generated_files/src/tcb0.o
 .text.TCB0_ClearInterruptFlag
                0x00000000        0xc build/default/production/mcc_generated_files/src/tcb0.o
 .text.TCB0_IsInterruptEnabled
                0x00000000        0xc build/default/production/mcc_generated_files/src/tcb0.o
 .text          0x00000000        0x0 c:/program files (x86)/microchip/xc8/v2.10/avr/bin/../lib/gcc/avr/5.4.0/avrxmega3\libgcc.a(_exit.o)
 .data          0x00000000        0x0 c:/program files (x86)/microchip/xc8/v2.10/avr/bin/../lib/gcc/avr/5.4.0/avrxmega3\libgcc.a(_exit.o)
 .bss           0x00000000        0x0 c:/program files (x86)/microchip/xc8/v2.10/avr/bin/../lib/gcc/avr/5.4.0/avrxmega3\libgcc.a(_exit.o)
 .text.libgcc.mul
                0x00000000        0x0 c:/program files (x86)/microchip/xc8/v2.10/avr/bin/../lib/gcc/avr/5.4.0/avrxmega3\libgcc.a(_exit.o)
 .text.libgcc.div
                0x00000000        0x0 c:/program files (x86)/microchip/xc8/v2.10/avr/bin/../lib/gcc/avr/5.4.0/avrxmega3\libgcc.a(_exit.o)
 .text.libgcc   0x00000000        0x0 c:/program files (x86)/microchip/xc8/v2.10/avr/bin/../lib/gcc/avr/5.4.0/avrxmega3\libgcc.a(_exit.o)
 .text.libgcc.prologue
                0x00000000        0x0 c:/program files (x86)/microchip/xc8/v2.10/avr/bin/../lib/gcc/avr/5.4.0/avrxmega3\libgcc.a(_exit.o)
 .text.libgcc.builtins
                0x00000000        0x0 c:/program files (x86)/microchip/xc8/v2.10/avr/bin/../lib/gcc/avr/5.4.0/avrxmega3\libgcc.a(_exit.o)
 .text.libgcc.fmul
                0x00000000        0x0 c:/program files (x86)/microchip/xc8/v2.10/avr/bin/../lib/gcc/avr/5.4.0/avrxmega3\libgcc.a(_exit.o)
 .text.libgcc.fixed
                0x00000000        0x0 c:/program files (x86)/microchip/xc8/v2.10/avr/bin/../lib/gcc/avr/5.4.0/avrxmega3\libgcc.a(_exit.o)
 .text          0x00000000        0x0 c:/program files (x86)/microchip/xc8/v2.10/avr/bin/../lib/gcc/avr/5.4.0/avrxmega3\libgcc.a(_tablejump2.o)
 .data          0x00000000        0x0 c:/program files (x86)/microchip/xc8/v2.10/avr/bin/../lib/gcc/avr/5.4.0/avrxmega3\libgcc.a(_tablejump2.o)
 .bss           0x00000000        0x0 c:/program files (x86)/microchip/xc8/v2.10/avr/bin/../lib/gcc/avr/5.4.0/avrxmega3\libgcc.a(_tablejump2.o)
 .text.libgcc.mul
                0x00000000        0x0 c:/program files (x86)/microchip/xc8/v2.10/avr/bin/../lib/gcc/avr/5.4.0/avrxmega3\libgcc.a(_tablejump2.o)
 .text.libgcc.div
                0x00000000        0x0 c:/program files (x86)/microchip/xc8/v2.10/avr/bin/../lib/gcc/avr/5.4.0/avrxmega3\libgcc.a(_tablejump2.o)
 .text.libgcc.prologue
                0x00000000        0x0 c:/program files (x86)/microchip/xc8/v2.10/avr/bin/../lib/gcc/avr/5.4.0/avrxmega3\libgcc.a(_tablejump2.o)
 .text.libgcc.builtins
                0x00000000        0x0 c:/program files (x86)/microchip/xc8/v2.10/avr/bin/../lib/gcc/avr/5.4.0/avrxmega3\libgcc.a(_tablejump2.o)
 .text.libgcc.fmul
                0x00000000        0x0 c:/program files (x86)/microchip/xc8/v2.10/avr/bin/../lib/gcc/avr/5.4.0/avrxmega3\libgcc.a(_tablejump2.o)
 .text.libgcc.fixed
                0x00000000        0x0 c:/program files (x86)/microchip/xc8/v2.10/avr/bin/../lib/gcc/avr/5.4.0/avrxmega3\libgcc.a(_tablejump2.o)
 .text          0x00000000        0x0 c:/program files (x86)/microchip/xc8/v2.10/avr/bin/../lib/gcc/avr/5.4.0/avrxmega3\libgcc.a(_copy_data.o)
 .data          0x00000000        0x0 c:/program files (x86)/microchip/xc8/v2.10/avr/bin/../lib/gcc/avr/5.4.0/avrxmega3\libgcc.a(_copy_data.o)
 .bss           0x00000000        0x0 c:/program files (x86)/microchip/xc8/v2.10/avr/bin/../lib/gcc/avr/5.4.0/avrxmega3\libgcc.a(_copy_data.o)
 .text.libgcc.mul
                0x00000000        0x0 c:/program files (x86)/microchip/xc8/v2.10/avr/bin/../lib/gcc/avr/5.4.0/avrxmega3\libgcc.a(_copy_data.o)
 .text.libgcc.div
                0x00000000        0x0 c:/program files (x86)/microchip/xc8/v2.10/avr/bin/../lib/gcc/avr/5.4.0/avrxmega3\libgcc.a(_copy_data.o)
 .text.libgcc   0x00000000        0x0 c:/program files (x86)/microchip/xc8/v2.10/avr/bin/../lib/gcc/avr/5.4.0/avrxmega3\libgcc.a(_copy_data.o)
 .text.libgcc.prologue
                0x00000000        0x0 c:/program files (x86)/microchip/xc8/v2.10/avr/bin/../lib/gcc/avr/5.4.0/avrxmega3\libgcc.a(_copy_data.o)
 .text.libgcc.builtins
                0x00000000        0x0 c:/program files (x86)/microchip/xc8/v2.10/avr/bin/../lib/gcc/avr/5.4.0/avrxmega3\libgcc.a(_copy_data.o)
 .text.libgcc.fmul
                0x00000000        0x0 c:/program files (x86)/microchip/xc8/v2.10/avr/bin/../lib/gcc/avr/5.4.0/avrxmega3\libgcc.a(_copy_data.o)
 .text.libgcc.fixed
                0x00000000        0x0 c:/program files (x86)/microchip/xc8/v2.10/avr/bin/../lib/gcc/avr/5.4.0/avrxmega3\libgcc.a(_copy_data.o)

Memory Configuration

Name             Origin             Length             Attributes
text             0x00000000         0x00004000         xr
data             0x00803800         0x00000800         rw !x
eeprom           0x00810000         0x00000100         rw !x
fuse             0x00820000         0x00000009         rw !x
lock             0x00830000         0x00000400         rw !x
signature        0x00840000         0x00000400         rw !x
user_signatures  0x00850000         0x00000400         rw !x
*default*        0x00000000         0xffffffff

Linker script and memory map

Address of section .data set to 0x803800
                0x00008000                __RODATA_PM_OFFSET__ = 0x8000
LOAD C:/Program Files (x86)/Microchip/MPLABX/v5.30/packs/Microchip/ATtiny_DFP/2.0.10/gcc/dev/attiny1616/avrxmega3/crtattiny1616.o
                0x00000001                __MPLAB_BUILD = 0x1
LOAD build/default/production/mcc_generated_files/src/pin_manager.o
LOAD build/default/production/mcc_generated_files/src/cpuint.o
LOAD build/default/production/mcc_generated_files/src/tca0.o
LOAD build/default/production/mcc_generated_files/src/protected_io.o
LOAD build/default/production/mcc_generated_files/device_config.o
LOAD build/default/production/mcc_generated_files/mcc.o
LOAD build/default/production/main.o
LOAD build/default/production/mcc_generated_files/src/tcb0.o
START GROUP
LOAD c:/program files (x86)/microchip/xc8/v2.10/avr/bin/../lib/gcc/avr/5.4.0/../../../../avr/lib/avrxmega3\libm.a
END GROUP
START GROUP
LOAD c:/program files (x86)/microchip/xc8/v2.10/avr/bin/../lib/gcc/avr/5.4.0/avrxmega3\libgcc.a
LOAD c:/program files (x86)/microchip/xc8/v2.10/avr/bin/../lib/gcc/avr/5.4.0/../../../../avr/lib/avrxmega3\libm.a
LOAD c:/program files (x86)/microchip/xc8/v2.10/avr/bin/../lib/gcc/avr/5.4.0/../../../../avr/lib/avrxmega3\libc.a
LOAD C:/Program Files (x86)/Microchip/MPLABX/v5.30/packs/Microchip/ATtiny_DFP/2.0.10/gcc/dev/attiny1616/avrxmega3\libattiny1616.a
END GROUP
                [0x00000000]                __TEXT_REGION_ORIGIN__ = DEFINED (__TEXT_REGION_ORIGIN__)?__TEXT_REGION_ORIGIN__:0x0
                [0x00803800]                __DATA_REGION_ORIGIN__ = DEFINED (__DATA_REGION_ORIGIN__)?__DATA_REGION_ORIGIN__:0x802000
                [0x00004000]                __TEXT_REGION_LENGTH__ = DEFINED (__TEXT_REGION_LENGTH__)?__TEXT_REGION_LENGTH__:0x100000
                [0x00000800]                __DATA_REGION_LENGTH__ = DEFINED (__DATA_REGION_LENGTH__)?__DATA_REGION_LENGTH__:0xffa0
                [0x00000100]                __EEPROM_REGION_LENGTH__ = DEFINED (__EEPROM_REGION_LENGTH__)?__EEPROM_REGION_LENGTH__:0x10000
                [0x00000009]                __FUSE_REGION_LENGTH__ = DEFINED (__FUSE_REGION_LENGTH__)?__FUSE_REGION_LENGTH__:0x400
                0x00000400                __LOCK_REGION_LENGTH__ = DEFINED (__LOCK_REGION_LENGTH__)?__LOCK_REGION_LENGTH__:0x400
                0x00000400                __SIGNATURE_REGION_LENGTH__ = DEFINED (__SIGNATURE_REGION_LENGTH__)?__SIGNATURE_REGION_LENGTH__:0x400
                0x00000400                __USER_SIGNATURE_REGION_LENGTH__ = DEFINED (__USER_SIGNATURE_REGION_LENGTH__)?__USER_SIGNATURE_REGION_LENGTH__:0x400
                0x00008000                __RODATA_PM_OFFSET__ = DEFINED (__RODATA_PM_OFFSET__)?__RODATA_PM_OFFSET__:0x8000

.hash
 *(.hash)

.dynsym
 *(.dynsym)

.dynstr
 *(.dynstr)

.gnu.version
 *(.gnu.version)

.gnu.version_d
 *(.gnu.version_d)

.gnu.version_r
 *(.gnu.version_r)

.rel.init
 *(.rel.init)

.rela.init
 *(.rela.init)

.rel.text
 *(.rel.text)
 *(.rel.text.*)
 *(.rel.gnu.linkonce.t*)

.rela.text
 *(.rela.text)
 *(.rela.text.*)
 *(.rela.gnu.linkonce.t*)

.rel.fini
 *(.rel.fini)

.rela.fini
 *(.rela.fini)

.rel.rodata
 *(.rel.rodata)
 *(.rel.rodata.*)
 *(.rel.gnu.linkonce.r*)

.rela.rodata
 *(.rela.rodata)
 *(.rela.rodata.*)
 *(.rela.gnu.linkonce.r*)

.rel.data
 *(.rel.data)
 *(.rel.data.*)
 *(.rel.gnu.linkonce.d*)

.rela.data
 *(.rela.data)
 *(.rela.data.*)
 *(.rela.gnu.linkonce.d*)

.rel.ctors
 *(.rel.ctors)

.rela.ctors
 *(.rela.ctors)

.rel.dtors
 *(.rel.dtors)

.rela.dtors
 *(.rela.dtors)

.rel.got
 *(.rel.got)

.rela.got
 *(.rela.got)

.rel.bss
 *(.rel.bss)

.rela.bss
 *(.rela.bss)

.rel.plt
 *(.rel.plt)

.rela.plt
 *(.rela.plt)

.text           0x00000000      0x128
 *(.vectors)
 .vectors       0x00000000       0x7c C:/Program Files (x86)/Microchip/MPLABX/v5.30/packs/Microchip/ATtiny_DFP/2.0.10/gcc/dev/attiny1616/avrxmega3/crtattiny1616.o
                0x00000000                __vector_default
                0x00000000                __vectors
 *(.vectors)
 *(.progmem.gcc*)
 .progmem.gcc_sw_table.__vector_13
                0x0000007c       0x10 build/default/production/mcc_generated_files/src/tcb0.o
 *(.dinit)
 .dinit         0x0000008c       0x48 data_init
                0x000000d4                . = ALIGN (0x2)
                0x000000d4                __trampolines_start = .
 *(.trampolines)
 .trampolines   0x000000d4        0x0 linker stubs
 *(.trampolines*)
                0x000000d4                __trampolines_end = .
 *libprintf_flt.a:*(.progmem.data)
 *libc.a:*(.progmem.data)
                0x000000d4                . = ALIGN (0x2)
 *(.jumptables)
 *(.jumptables*)
 *(.lowtext)
 *(.lowtext*)
                0x000000d4                __ctors_start = .
 *(.ctors)
                0x000000d4                __ctors_end = .
                0x000000d4                __dtors_start = .
 *(.dtors)
                0x000000d4                __dtors_end = .
 SORT(*)(.ctors)
 SORT(*)(.dtors)
 *(.init0)
 .init0         0x000000d4        0x0 C:/Program Files (x86)/Microchip/MPLABX/v5.30/packs/Microchip/ATtiny_DFP/2.0.10/gcc/dev/attiny1616/avrxmega3/crtattiny1616.o
                0x000000d4                __init
 *(.init0)
 *(.init1)
 *(.init1)
 *(.init2)
 .init2         0x000000d4        0xc C:/Program Files (x86)/Microchip/MPLABX/v5.30/packs/Microchip/ATtiny_DFP/2.0.10/gcc/dev/attiny1616/avrxmega3/crtattiny1616.o
 *(.init2)
 *(.init3)
 *(.init3)
 *(.init4)
 .init4         0x000000e0       0x3c c:/program files (x86)/microchip/xc8/v2.10/avr/bin/../lib/gcc/avr/5.4.0/avrxmega3\libgcc.a(_copy_data.o)
                0x000000e0                __do_copy_data
                0x0000010e                __do_clear_bss
 *(.init4)
 *(.init5)
 *(.init5)
 *(.init6)
 *(.init6)
 *(.init7)
 *(.init7)
 *(.init8)
 *(.init8)
 *(.init9)
 .init9         0x0000011c        0x8 C:/Program Files (x86)/Microchip/MPLABX/v5.30/packs/Microchip/ATtiny_DFP/2.0.10/gcc/dev/attiny1616/avrxmega3/crtattiny1616.o
 *(.init9)
                0x00000124                . = ALIGN (0x2)
 *(.fini9)
 .fini9         0x00000124        0x0 c:/program files (x86)/microchip/xc8/v2.10/avr/bin/../lib/gcc/avr/5.4.0/avrxmega3\libgcc.a(_exit.o)
                0x00000124                _exit
                0x00000124                exit
 *(.fini9)
 *(.fini8)
 *(.fini8)
 *(.fini7)
 *(.fini7)
 *(.fini6)
 *(.fini6)
 *(.fini5)
 *(.fini5)
 *(.fini4)
 *(.fini4)
 *(.fini3)
 *(.fini3)
 *(.fini2)
 *(.fini2)
 *(.fini1)
 *(.fini1)
 *(.fini0)
 .fini0         0x00000124        0x4 c:/program files (x86)/microchip/xc8/v2.10/avr/bin/../lib/gcc/avr/5.4.0/avrxmega3\libgcc.a(_exit.o)
 *(.fini0)
                0x00000128                _etext = .

.rodata
 *(.rodata)
 *(.rodata*)
 *(.gnu.linkonce.r*)

.data           0x00803800        0x0 load address 0x00000128
                [!provide]                PROVIDE (__data_start, .)
 *(.gnu.linkonce.d*)
                0x00803800                . = ALIGN (0x2)
                0x00803800                _edata = .
                [!provide]                PROVIDE (__data_end, .)

.bss            0x00803800        0x5
                [!provide]                PROVIDE (__bss_start, .)
 *(COMMON)
 COMMON         0x00803800        0x5 build/default/production/mcc_generated_files/src/tcb0.o
                0x00803800                PWM_CONTROL
                0x00803801                SW_Struct_t
                [!provide]                PROVIDE (__bss_end, .)
                0x00000128                __data_load_start = LOADADDR (.data)
                0x00000128                __data_load_end = (__data_load_start + SIZEOF (.data))

.noinit         0x00803805        0x0
                [!provide]                PROVIDE (__noinit_start, .)
 *(.noinit*)
                [!provide]                PROVIDE (__noinit_end, .)
                0x00803805                _end = .

.eeprom         0x00810000        0x0
 *(.eeprom*)
                0x00810000                __eeprom_end = .

.fuse           0x00820000        0x9
 *(.fuse)
 .fuse          0x00820000        0x9 build/default/production/mcc_generated_files/device_config.o
                0x00820000                __fuse
 *(.lfuse)
 *(.hfuse)
 *(.efuse)

.lock
 *(.lock*)

.signature
 *(.signature*)

.user_signatures
 *(.user_signatures*)

.stab
 *(.stab)

.stabstr
 *(.stabstr)

.stab.excl
 *(.stab.excl)

.stab.exclstr
 *(.stab.exclstr)

.stab.index
 *(.stab.index)

.stab.indexstr
 *(.stab.indexstr)

.comment        0x00000000       0x2f
 *(.comment)
 .comment       0x00000000       0x2f build/default/production/mcc_generated_files/src/pin_manager.o
                                 0x30 (size before relaxing)
 .comment       0x0000002f       0x30 build/default/production/mcc_generated_files/src/cpuint.o
 .comment       0x0000002f       0x30 build/default/production/mcc_generated_files/src/tca0.o
 .comment       0x0000002f       0x30 build/default/production/mcc_generated_files/device_config.o
 .comment       0x0000002f       0x30 build/default/production/mcc_generated_files/mcc.o
 .comment       0x0000002f       0x30 build/default/production/main.o
 .comment       0x0000002f       0x30 build/default/production/mcc_generated_files/src/tcb0.o

.note.gnu.build-id
 *(.note.gnu.build-id)

.debug
 *(.debug)

.line
 *(.line)

.debug_srcinfo
 *(.debug_srcinfo)

.debug_sfnames
 *(.debug_sfnames)

.debug_aranges  0x00000000      0x278
 *(.debug_aranges)
 .debug_aranges
                0x00000000       0xa8 build/default/production/mcc_generated_files/src/pin_manager.o
 .debug_aranges
                0x000000a8       0x20 build/default/production/mcc_generated_files/src/cpuint.o
 .debug_aranges
                0x000000c8       0xb0 build/default/production/mcc_generated_files/src/tca0.o
 .debug_aranges
                0x00000178       0x20 build/default/production/mcc_generated_files/src/protected_io.o
 .debug_aranges
                0x00000198       0x18 build/default/production/mcc_generated_files/device_config.o
 .debug_aranges
                0x000001b0       0x48 build/default/production/mcc_generated_files/mcc.o
 .debug_aranges
                0x000001f8       0x20 build/default/production/main.o
 .debug_aranges
                0x00000218       0x60 build/default/production/mcc_generated_files/src/tcb0.o

.debug_pubnames
 *(.debug_pubnames)

.debug_info     0x00000000     0x6204
 *(.debug_info .gnu.linkonce.wi.*)
 .debug_info    0x00000000     0x19ed C:/Program Files (x86)/Microchip/MPLABX/v5.30/packs/Microchip/ATtiny_DFP/2.0.10/gcc/dev/attiny1616/avrxmega3/crtattiny1616.o
 .debug_info    0x000019ed      0xc2b build/default/production/mcc_generated_files/src/pin_manager.o
 .debug_info    0x00002618      0x3c4 build/default/production/mcc_generated_files/src/cpuint.o
 .debug_info    0x000029dc     0x1040 build/default/production/mcc_generated_files/src/tca0.o
 .debug_info    0x00003a1c       0x84 build/default/production/mcc_generated_files/src/protected_io.o
 .debug_info    0x00003aa0      0x845 build/default/production/mcc_generated_files/device_config.o
 .debug_info    0x000042e5      0xb02 build/default/production/mcc_generated_files/mcc.o
 .debug_info    0x00004de7      0x261 build/default/production/main.o
 .debug_info    0x00005048     0x11bc build/default/production/mcc_generated_files/src/tcb0.o

.debug_abbrev   0x00000000     0x20a7
 *(.debug_abbrev)
 .debug_abbrev  0x00000000     0x1888 C:/Program Files (x86)/Microchip/MPLABX/v5.30/packs/Microchip/ATtiny_DFP/2.0.10/gcc/dev/attiny1616/avrxmega3/crtattiny1616.o
 .debug_abbrev  0x00001888      0x14e build/default/production/mcc_generated_files/src/pin_manager.o
 .debug_abbrev  0x000019d6       0xfa build/default/production/mcc_generated_files/src/cpuint.o
 .debug_abbrev  0x00001ad0      0x18c build/default/production/mcc_generated_files/src/tca0.o
 .debug_abbrev  0x00001c5c       0x14 build/default/production/mcc_generated_files/src/protected_io.o
 .debug_abbrev  0x00001c70       0x85 build/default/production/mcc_generated_files/device_config.o
 .debug_abbrev  0x00001cf5      0x157 build/default/production/mcc_generated_files/mcc.o
 .debug_abbrev  0x00001e4c       0x5d build/default/production/main.o
 .debug_abbrev  0x00001ea9      0x1fe build/default/production/mcc_generated_files/src/tcb0.o

.debug_line     0x00000000     0x1121
 *(.debug_line .debug_line.* .debug_line_end)
 .debug_line    0x00000000      0x151 C:/Program Files (x86)/Microchip/MPLABX/v5.30/packs/Microchip/ATtiny_DFP/2.0.10/gcc/dev/attiny1616/avrxmega3/crtattiny1616.o
 .debug_line    0x00000151      0x345 build/default/production/mcc_generated_files/src/pin_manager.o
 .debug_line    0x00000496      0x18d build/default/production/mcc_generated_files/src/cpuint.o
 .debug_line    0x00000623      0x371 build/default/production/mcc_generated_files/src/tca0.o
 .debug_line    0x00000994       0x66 build/default/production/mcc_generated_files/src/protected_io.o
 .debug_line    0x000009fa       0xf2 build/default/production/mcc_generated_files/device_config.o
 .debug_line    0x00000aec      0x263 build/default/production/mcc_generated_files/mcc.o
 .debug_line    0x00000d4f       0x57 build/default/production/main.o
 .debug_line    0x00000da6      0x37b build/default/production/mcc_generated_files/src/tcb0.o

.debug_frame    0x00000000      0x55c
 *(.debug_frame)
 .debug_frame   0x00000000      0x140 build/default/production/mcc_generated_files/src/pin_manager.o
 .debug_frame   0x00000140       0x24 build/default/production/mcc_generated_files/src/cpuint.o
 .debug_frame   0x00000164      0x264 build/default/production/mcc_generated_files/src/tca0.o
 .debug_frame   0x000003c8       0x84 build/default/production/mcc_generated_files/mcc.o
 .debug_frame   0x0000044c       0x24 build/default/production/main.o
 .debug_frame   0x00000470       0xec build/default/production/mcc_generated_files/src/tcb0.o

.debug_str      0x00000000     0x1015
 *(.debug_str)
 .debug_str     0x00000000      0xacf C:/Program Files (x86)/Microchip/MPLABX/v5.30/packs/Microchip/ATtiny_DFP/2.0.10/gcc/dev/attiny1616/avrxmega3/crtattiny1616.o
 .debug_str     0x00000acf       0x65 build/default/production/mcc_generated_files/src/pin_manager.o
 .debug_str     0x00000b34       0x13 build/default/production/mcc_generated_files/src/cpuint.o
 .debug_str     0x00000b47      0x1e9 build/default/production/mcc_generated_files/src/tca0.o
 .debug_str     0x00000d30        0x0 build/default/production/mcc_generated_files/device_config.o
 .debug_str     0x00000d30       0xcc build/default/production/mcc_generated_files/mcc.o
 .debug_str     0x00000dfc       0x12 build/default/production/main.o
 .debug_str     0x00000e0e      0x207 build/default/production/mcc_generated_files/src/tcb0.o

.debug_loc      0x00000000      0x1d2
 *(.debug_loc)
 .debug_loc     0x00000000       0x36 build/default/production/mcc_generated_files/src/pin_manager.o
 .debug_loc     0x00000036       0x2a build/default/production/mcc_generated_files/src/cpuint.o
 .debug_loc     0x00000060      0x172 build/default/production/mcc_generated_files/mcc.o

.debug_macinfo
 *(.debug_macinfo)

.debug_weaknames
 *(.debug_weaknames)

.debug_funcnames
 *(.debug_funcnames)

.debug_typenames
 *(.debug_typenames)

.debug_varnames
 *(.debug_varnames)

.debug_pubtypes
 *(.debug_pubtypes)

.debug_ranges   0x00000000      0x1e0
 *(.debug_ranges)
 .debug_ranges  0x00000000       0x98 build/default/production/mcc_generated_files/src/pin_manager.o
 .debug_ranges  0x00000098       0x10 build/default/production/mcc_generated_files/src/cpuint.o
 .debug_ranges  0x000000a8       0xa0 build/default/production/mcc_generated_files/src/tca0.o
 .debug_ranges  0x00000148       0x38 build/default/production/mcc_generated_files/mcc.o
 .debug_ranges  0x00000180       0x10 build/default/production/main.o
 .debug_ranges  0x00000190       0x50 build/default/production/mcc_generated_files/src/tcb0.o

.debug_macro
 *(.debug_macro)
OUTPUT(dist/default/production/EMOTIONAL.X.production.elf elf32-avr)
LOAD linker stubs
LOAD data_init

.note.gnu.avr.deviceinfo
                0x00000000       0x40
 .note.gnu.avr.deviceinfo
                0x00000000       0x40 C:/Program Files (x86)/Microchip/MPLABX/v5.30/packs/Microchip/ATtiny_DFP/2.0.10/gcc/dev/attiny1616/avrxmega3/crtattiny1616.o

.bss.cnt.3949   0x0080380d        0x2
 .bss.cnt.3949  0x0080380d        0x2 build/default/production/mcc_generated_files/src/tcb0.o

.bss.TCB0_CAPT_isr_cb
                0x0080380f        0x2
 .bss.TCB0_CAPT_isr_cb
                0x0080380f        0x2 build/default/production/mcc_generated_files/src/tcb0.o
                0x0080380f                TCB0_CAPT_isr_cb

.bss.u16PwmDutyStep
                0x00803815        0x2
 .bss.u16PwmDutyStep
                0x00803815        0x2 build/default/production/mcc_generated_files/src/tcb0.o
                0x00803815                u16PwmDutyStep

.bss.u16PwmDutyTemp
                0x00803817        0x2
 .bss.u16PwmDutyTemp
                0x00803817        0x2 build/default/production/mcc_generated_files/src/tcb0.o
                0x00803817                u16PwmDutyTemp

.bss.i16Cnt     0x00803819        0x2
 .bss.i16Cnt    0x00803819        0x2 build/default/production/mcc_generated_files/src/tcb0.o
                0x00803819                i16Cnt

.text.__vector_13
                0x00000128      0x2ce
 .text.__vector_13
                0x00000128      0x2ce build/default/production/mcc_generated_files/src/tcb0.o
                0x00000128                __vector_13

.text.PIN_MANAGER_Initialize
                0x000003f6       0x88
 .text.PIN_MANAGER_Initialize
                0x000003f6       0x88 build/default/production/mcc_generated_files/src/pin_manager.o
                0x000003f6                PIN_MANAGER_Initialize

.text.__vector_10
                0x0000047e       0x58
 .text.__vector_10
                0x0000047e       0x58 build/default/production/mcc_generated_files/src/tca0.o
                0x0000047e                __vector_10

.text.__vector_11
                0x000004d6       0x58
 .text.__vector_11
                0x000004d6       0x58 build/default/production/mcc_generated_files/src/tca0.o
                0x000004d6                __vector_11

.text.__vector_12
                0x0000052e       0x58
 .text.__vector_12
                0x0000052e       0x58 build/default/production/mcc_generated_files/src/tca0.o
                0x0000052e                __vector_12

.text.__vector_8
                0x00000586       0x58
 .text.__vector_8
                0x00000586       0x58 build/default/production/mcc_generated_files/src/tca0.o
                0x00000586                __vector_8

.text.CLKCTRL_Initialize
                0x000005de       0x4c
 .text.CLKCTRL_Initialize
                0x000005de       0x4c build/default/production/mcc_generated_files/mcc.o
                0x000005de                CLKCTRL_Initialize

.text.TCA0_Initialize
                0x0000062a       0x48
 .text.TCA0_Initialize
                0x0000062a       0x48 build/default/production/mcc_generated_files/src/tca0.o
                0x0000062a                TCA0_Initialize

.text.PORT_Initialize
                0x00000672       0x38
 .text.PORT_Initialize
                0x00000672       0x38 build/default/production/mcc_generated_files/src/pin_manager.o
                0x00000672                PORT_Initialize

.text.TCB0_Initialize
                0x000006aa       0x24
 .text.TCB0_Initialize
                0x000006aa       0x24 build/default/production/mcc_generated_files/src/tcb0.o
                0x000006aa                TCB0_Initialize

.text.SYSTEM_Initialize
                0x000006ce       0x22
 .text.SYSTEM_Initialize
                0x000006ce       0x22 build/default/production/mcc_generated_files/mcc.o
                0x000006ce                SYSTEM_Initialize

.text.__vector_2
                0x000006f0       0x1e
 .text.__vector_2
                0x000006f0       0x1e build/default/production/mcc_generated_files/mcc.o
                0x000006f0                __vector_2

.text.CPUINT_Initialize
                0x0000070e       0x1a
 .text.CPUINT_Initialize
                0x0000070e       0x1a build/default/production/mcc_generated_files/src/cpuint.o
                0x0000070e                CPUINT_Initialize

.text.BOD_Initialize
                0x00000728       0x18
 .text.BOD_Initialize
                0x00000728       0x18 build/default/production/mcc_generated_files/mcc.o
                0x00000728                BOD_Initialize

.text.SLPCTRL_Initialize
                0x00000740       0x10
 .text.SLPCTRL_Initialize
                0x00000740       0x10 build/default/production/mcc_generated_files/mcc.o
                0x00000740                SLPCTRL_Initialize

.text.WDT_Initialize
                0x00000750       0x10
 .text.WDT_Initialize
                0x00000750       0x10 build/default/production/mcc_generated_files/mcc.o
                0x00000750                WDT_Initialize

.text.libgcc    0x00000760        0xc
 .text.libgcc   0x00000760        0xc c:/program files (x86)/microchip/xc8/v2.10/avr/bin/../lib/gcc/avr/5.4.0/avrxmega3\libgcc.a(_tablejump2.o)
                0x00000760                __tablejump2__

.text.protected_write_io
                0x0000076c        0x8
 .text.protected_write_io
                0x0000076c        0x8 build/default/production/mcc_generated_files/src/protected_io.o
                0x0000076c                protected_write_io

.text.main      0x00000774        0x6
 .text.main     0x00000774        0x6 build/default/production/main.o
                0x00000774                main

.text           0x0000077a        0x4
 .text          0x0000077a        0x4 C:/Program Files (x86)/Microchip/MPLABX/v5.30/packs/Microchip/ATtiny_DFP/2.0.10/gcc/dev/attiny1616/avrxmega3/crtattiny1616.o
                0x0000077a                __vector_22
                0x0000077a                __vector_28
                0x0000077a                __vector_1
                0x0000077a                __vector_24
                0x0000077a                __bad_interrupt
                0x0000077a                __vector_6
                0x0000077a                __vector_3
                0x0000077a                __vector_23
                0x0000077a                __vector_30
                0x0000077a                __vector_25
                0x0000077a                __vector_17
                0x0000077a                __vector_19
                0x0000077a                __vector_7
                0x0000077a                __vector_27
                0x0000077a                __vector_5
                0x0000077a                __vector_4
                0x0000077a                __vector_9
                0x0000077a                __vector_21
                0x0000077a                __vector_15
                0x0000077a                __vector_29
                0x0000077a                __vector_26
                0x0000077a                __vector_14
                0x0000077a                __vector_16
                0x0000077a                __vector_18
                0x0000077a                __vector_20

.text.TCA0_DefaultCMP0IsrCallback
                0x0000077e        0x2
 .text.TCA0_DefaultCMP0IsrCallback
                0x0000077e        0x2 build/default/production/mcc_generated_files/src/tca0.o
                0x0000077e                TCA0_DefaultCMP0IsrCallback

.text.TCA0_DefaultCMP1IsrCallback
                0x00000780        0x2
 .text.TCA0_DefaultCMP1IsrCallback
                0x00000780        0x2 build/default/production/mcc_generated_files/src/tca0.o
                0x00000780                TCA0_DefaultCMP1IsrCallback

.text.TCA0_DefaultCMP2IsrCallback
                0x00000782        0x2
 .text.TCA0_DefaultCMP2IsrCallback
                0x00000782        0x2 build/default/production/mcc_generated_files/src/tca0.o
                0x00000782                TCA0_DefaultCMP2IsrCallback

.text.TCA0_DefaultOVFIsrCallback
                0x00000784        0x2
 .text.TCA0_DefaultOVFIsrCallback
                0x00000784        0x2 build/default/production/mcc_generated_files/src/tca0.o
                0x00000784                TCA0_DefaultOVFIsrCallback

.data.TCA0_OVF_isr_cb
                0x00803805        0x2 load address 0x00000786
 .data.TCA0_OVF_isr_cb
                0x00803805        0x2 build/default/production/mcc_generated_files/src/tca0.o
                0x00803805                TCA0_OVF_isr_cb

.data.TCA0_CMP2_isr_cb
                0x00803807        0x2 load address 0x00000788
 .data.TCA0_CMP2_isr_cb
                0x00803807        0x2 build/default/production/mcc_generated_files/src/tca0.o
                0x00803807                TCA0_CMP2_isr_cb

.data.TCA0_CMP1_isr_cb
                0x00803809        0x2 load address 0x0000078a
 .data.TCA0_CMP1_isr_cb
                0x00803809        0x2 build/default/production/mcc_generated_files/src/tca0.o
                0x00803809                TCA0_CMP1_isr_cb

.data.TCA0_CMP0_isr_cb
                0x0080380b        0x2 load address 0x0000078c
 .data.TCA0_CMP0_isr_cb
                0x0080380b        0x2 build/default/production/mcc_generated_files/src/tca0.o
                0x0080380b                TCA0_CMP0_isr_cb

.data.u16PwmState
                0x00803811        0x2 load address 0x0000078e
 .data.u16PwmState
                0x00803811        0x2 build/default/production/mcc_generated_files/src/tcb0.o
                0x00803811                u16PwmState

.data.u16PwmDutyTarget
                0x00803813        0x2 load address 0x00000790
 .data.u16PwmDutyTarget
                0x00803813        0x2 build/default/production/mcc_generated_files/src/tcb0.o
                0x00803813                u16PwmDutyTarget
