Archive member included to satisfy reference by file (symbol)

c:/program files (x86)/microchip/xc8/v2.10/avr/bin/../lib/gcc/avr/5.4.0/avrxmega3\libgcc.a(_exit.o)
                              C:/Program Files (x86)/Microchip/MPLABX/v5.35/packs/Microchip/ATtiny_DFP/2.1.63/gcc/dev/attiny1616/avrxmega3/crtattiny1616.o (exit)
c:/program files (x86)/microchip/xc8/v2.10/avr/bin/../lib/gcc/avr/5.4.0/avrxmega3\libgcc.a(_tablejump2.o)
                              build/default/production/mcc_generated_files/src/tcb0.o (__tablejump2__)
c:/program files (x86)/microchip/xc8/v2.10/avr/bin/../lib/gcc/avr/5.4.0/avrxmega3\libgcc.a(_copy_data.o)
                              build/default/production/mcc_generated_files/src/tca0.o (__do_copy_data)
c:/program files (x86)/microchip/xc8/v2.10/avr/bin/../lib/gcc/avr/5.4.0/../../../../avr/lib/avrxmega3\libc.a(memcpy.o)
                              dist/default/production/__pa_temp_15160/nvmctrl.o (memcpy)

Allocating common symbols
Common symbol       size              file

LED_STATE           0x1               build/default/production/mcc_generated_files/src/pin_manager.o
PWM_CONTROL         0x1               build/default/production/mcc_generated_files/src/pin_manager.o
SYSTEM_STATE        0x1               build/default/production/mcc_generated_files/src/pin_manager.o
SW_Struct_t         0x1a              build/default/production/mcc_generated_files/src/pin_manager.o
LED_Struct_t        0x4               build/default/production/mcc_generated_files/src/pin_manager.o
System_State_Struc_t
                    0x18              build/default/production/mcc_generated_files/src/pin_manager.o
SYSTEM_SUB_STATE    0x1               build/default/production/mcc_generated_files/src/pin_manager.o

Discarded input sections

 .data          0x00000000        0x0 C:/Program Files (x86)/Microchip/MPLABX/v5.35/packs/Microchip/ATtiny_DFP/2.1.63/gcc/dev/attiny1616/avrxmega3/crtattiny1616.o
 .bss           0x00000000        0x0 C:/Program Files (x86)/Microchip/MPLABX/v5.35/packs/Microchip/ATtiny_DFP/2.1.63/gcc/dev/attiny1616/avrxmega3/crtattiny1616.o
 .text          0x00000000        0x0 build/default/production/mcc_generated_files/src/pin_manager.o
 .data          0x00000000        0x0 build/default/production/mcc_generated_files/src/pin_manager.o
 .bss           0x00000000        0x0 build/default/production/mcc_generated_files/src/pin_manager.o
 .text.PORTB_PB0_DefaultInterruptHandler
                0x00000000        0x2 build/default/production/mcc_generated_files/src/pin_manager.o
 .text.PORTB_PB2_DefaultInterruptHandler
                0x00000000        0x2 build/default/production/mcc_generated_files/src/pin_manager.o
 .text.PORTA_PA5_DefaultInterruptHandler
                0x00000000        0x2 build/default/production/mcc_generated_files/src/pin_manager.o
 .text.PORTB_PB1_DefaultInterruptHandler
                0x00000000        0x2 build/default/production/mcc_generated_files/src/pin_manager.o
 .text.PORTC_SW_POWER_SetInterruptHandler
                0x00000000        0xa build/default/production/mcc_generated_files/src/pin_manager.o
 .text.PORTB_PB2_SetInterruptHandler
                0x00000000        0x2 build/default/production/mcc_generated_files/src/pin_manager.o
 .text.PORTA_PA5_SetInterruptHandler
                0x00000000        0x2 build/default/production/mcc_generated_files/src/pin_manager.o
 .text.PORTC_IO_PC0_SetInterruptHandler
                0x00000000        0xa build/default/production/mcc_generated_files/src/pin_manager.o
 .text.PORTC_SW_MODE_SetInterruptHandler
                0x00000000        0xa build/default/production/mcc_generated_files/src/pin_manager.o
 .text.PORTB_PB1_SetInterruptHandler
                0x00000000        0x2 build/default/production/mcc_generated_files/src/pin_manager.o
 .text.PORTC_IO_PC1_SetInterruptHandler
                0x00000000        0xa build/default/production/mcc_generated_files/src/pin_manager.o
 .text.PORTB_PB0_SetInterruptHandler
                0x00000000        0x2 build/default/production/mcc_generated_files/src/pin_manager.o
 .text          0x00000000        0x0 build/default/production/mcc_generated_files/src/cpuint.o
 .data          0x00000000        0x0 build/default/production/mcc_generated_files/src/cpuint.o
 .bss           0x00000000        0x0 build/default/production/mcc_generated_files/src/cpuint.o
 .text          0x00000000        0x0 build/default/production/mcc_generated_files/src/tca0.o
 .data          0x00000000        0x0 build/default/production/mcc_generated_files/src/tca0.o
 .bss           0x00000000        0x0 build/default/production/mcc_generated_files/src/tca0.o
 .text.TCA0_SetOVFIsrCallback
                0x00000000        0xa build/default/production/mcc_generated_files/src/tca0.o
 .text.TCA0_SetCMP0IsrCallback
                0x00000000        0xa build/default/production/mcc_generated_files/src/tca0.o
 .text.TCA0_SetCMP1IsrCallback
                0x00000000        0xa build/default/production/mcc_generated_files/src/tca0.o
 .text.TCA0_SetCMP2IsrCallback
                0x00000000        0xa build/default/production/mcc_generated_files/src/tca0.o
 .text.TCA0_WriteTimer
                0x00000000        0xa build/default/production/mcc_generated_files/src/tca0.o
 .text.TCA0_ReadTimer
                0x00000000        0xa build/default/production/mcc_generated_files/src/tca0.o
 .text.TCA0_EnableInterrupt
                0x00000000        0x8 build/default/production/mcc_generated_files/src/tca0.o
 .text.TCA0_DisableInterrupt
                0x00000000        0x6 build/default/production/mcc_generated_files/src/tca0.o
 .text.TCA0_ClearOverflowInterruptFlag
                0x00000000        0xc build/default/production/mcc_generated_files/src/tca0.o
 .text.TCA0_IsOverflowInterruptEnabled
                0x00000000        0xc build/default/production/mcc_generated_files/src/tca0.o
 .text          0x00000000        0x0 build/default/production/mcc_generated_files/src/protected_io.o
 .data          0x00000000        0x0 build/default/production/mcc_generated_files/src/protected_io.o
 .bss           0x00000000        0x0 build/default/production/mcc_generated_files/src/protected_io.o
 .text          0x00000000        0x0 build/default/production/mcc_generated_files/src/tcb0.o
 .data          0x00000000        0x0 build/default/production/mcc_generated_files/src/tcb0.o
 .bss           0x00000000        0x0 build/default/production/mcc_generated_files/src/tcb0.o
 .text.TCB0_SetCaptIsrCallback
                0x00000000        0xa build/default/production/mcc_generated_files/src/tcb0.o
 .text.TCB0_WriteTimer
                0x00000000        0xa build/default/production/mcc_generated_files/src/tcb0.o
 .text.TCB0_ReadTimer
                0x00000000        0xa build/default/production/mcc_generated_files/src/tcb0.o
 .text.TCB0_EnableInterrupt
                0x00000000        0xc build/default/production/mcc_generated_files/src/tcb0.o
 .text.TCB0_DisableInterrupt
                0x00000000        0xc build/default/production/mcc_generated_files/src/tcb0.o
 .text.TCB0_ClearInterruptFlag
                0x00000000        0xc build/default/production/mcc_generated_files/src/tcb0.o
 .text.TCB0_IsInterruptEnabled
                0x00000000        0xc build/default/production/mcc_generated_files/src/tcb0.o
 .text          0x00000000        0x0 build/default/production/mcc_generated_files/src/adc0.o
 .data          0x00000000        0x0 build/default/production/mcc_generated_files/src/adc0.o
 .bss           0x00000000        0x0 build/default/production/mcc_generated_files/src/adc0.o
 .text.ADC0_Enable
                0x00000000        0xc build/default/production/mcc_generated_files/src/adc0.o
 .text.ADC0_Disable
                0x00000000        0xc build/default/production/mcc_generated_files/src/adc0.o
 .text.ADC0_EnableAutoTrigger
                0x00000000        0xc build/default/production/mcc_generated_files/src/adc0.o
 .text.ADC0_DisableAutoTrigger
                0x00000000        0xc build/default/production/mcc_generated_files/src/adc0.o
 .text.ADC0_SetWindowHigh
                0x00000000        0xa build/default/production/mcc_generated_files/src/adc0.o
 .text.ADC0_SetWindowLow
                0x00000000        0xa build/default/production/mcc_generated_files/src/adc0.o
 .text.ADC0_SetWindowMode
                0x00000000        0x6 build/default/production/mcc_generated_files/src/adc0.o
 .text.ADC0_SetWindowChannel
                0x00000000        0x6 build/default/production/mcc_generated_files/src/adc0.o
 .text.ADC0_IsConversionDone
                0x00000000        0x8 build/default/production/mcc_generated_files/src/adc0.o
 .text.ADC0_GetConversionResult
                0x00000000        0xa build/default/production/mcc_generated_files/src/adc0.o
 .text.ADC0_GetWindowResult
                0x00000000       0x10 build/default/production/mcc_generated_files/src/adc0.o
 .text.ADC0_GetConversion
                0x00000000       0x22 build/default/production/mcc_generated_files/src/adc0.o
 .text.ADC0_GetResolution
                0x00000000       0x10 build/default/production/mcc_generated_files/src/adc0.o
 .text.ADC0_RegisterWindowCallback
                0x00000000        0xa build/default/production/mcc_generated_files/src/adc0.o
 .text          0x00000000        0x0 dist/default/production/__pa_temp_15160/nvmctrl.o
 .data          0x00000000        0x0 dist/default/production/__pa_temp_15160/nvmctrl.o
 .bss           0x00000000        0x0 dist/default/production/__pa_temp_15160/nvmctrl.o
 .text.FLASH_ReadEepromBlock
                0x00000000        0xc dist/default/production/__pa_temp_15160/nvmctrl.o
 .text.FLASH_WriteEepromBlock
                0x00000000       0x64 dist/default/production/__pa_temp_15160/nvmctrl.o
 .text.FLASH_IsEepromReady
                0x00000000        0xa dist/default/production/__pa_temp_15160/nvmctrl.o
 .text.FLASH_ReadFlashByte
                0x00000000        0x8 dist/default/production/__pa_temp_15160/nvmctrl.o
 .text.FLASH_WriteFlashByte
                0x00000000       0x26 dist/default/production/__pa_temp_15160/nvmctrl.o
 .text.FLASH_EraseFlashPage
                0x00000000       0x12 dist/default/production/__pa_temp_15160/nvmctrl.o
 .text.FLASH_WriteFlashPage
                0x00000000       0x1c dist/default/production/__pa_temp_15160/nvmctrl.o
 .text.FLASH_WriteFlashBlock
                0x00000000       0x8c dist/default/production/__pa_temp_15160/nvmctrl.o
 .text.FLASH_WriteFlashStream
                0x00000000       0x1e dist/default/production/__pa_temp_15160/nvmctrl.o
 .__pa__0       0x00000000        0xc dist/default/production/__pa_temp_15160/nvmctrl.o
 .text          0x00000000        0x0 build/default/production/mcc_generated_files/device_config.o
 .data          0x00000000        0x0 build/default/production/mcc_generated_files/device_config.o
 .bss           0x00000000        0x0 build/default/production/mcc_generated_files/device_config.o
 .text          0x00000000        0x0 build/default/production/mcc_generated_files/mcc.o
 .data          0x00000000        0x0 build/default/production/mcc_generated_files/mcc.o
 .bss           0x00000000        0x0 build/default/production/mcc_generated_files/mcc.o
 .text          0x00000000        0x0 build/default/production/main.o
 .data          0x00000000        0x0 build/default/production/main.o
 .bss           0x00000000        0x0 build/default/production/main.o
 .text          0x00000000        0x0 build/default/production/mcc_generated_files/src/rtc.o
 .data          0x00000000        0x0 build/default/production/mcc_generated_files/src/rtc.o
 .bss           0x00000000        0x0 build/default/production/mcc_generated_files/src/rtc.o
 .text.RTC_SetOVFIsrCallback
                0x00000000        0xa build/default/production/mcc_generated_files/src/rtc.o
 .text.RTC_SetCMPIsrCallback
                0x00000000        0xa build/default/production/mcc_generated_files/src/rtc.o
 .text.RTC_WriteCounter
                0x00000000       0x12 build/default/production/mcc_generated_files/src/rtc.o
 .text.RTC_ReadCounter
                0x00000000        0xa build/default/production/mcc_generated_files/src/rtc.o
 .text.RTC_WritePeroid
                0x00000000       0x12 build/default/production/mcc_generated_files/src/rtc.o
 .text.RTC_ReadPeriod
                0x00000000        0xa build/default/production/mcc_generated_files/src/rtc.o
 .text.RTC_EnableCMPInterrupt
                0x00000000        0xc build/default/production/mcc_generated_files/src/rtc.o
 .text.RTC_DisableCMPInterrupt
                0x00000000        0xc build/default/production/mcc_generated_files/src/rtc.o
 .text.RTC_EnablePITInterrupt
                0x00000000        0xc build/default/production/mcc_generated_files/src/rtc.o
 .text.RTC_EnableOVFInterrupt
                0x00000000        0x4 build/default/production/mcc_generated_files/src/rtc.o
 .text.RTC_DisablePITInterrupt
                0x00000000        0xc build/default/production/mcc_generated_files/src/rtc.o
 .text.RTC_DisableOVFInterrupt
                0x00000000        0x4 build/default/production/mcc_generated_files/src/rtc.o
 .text.RTC_ClearOVFInterruptFlag
                0x00000000        0xc build/default/production/mcc_generated_files/src/rtc.o
 .text.RTC_IsOVFInterruptEnabled
                0x00000000        0xc build/default/production/mcc_generated_files/src/rtc.o
 .bss.RTC_PIT_isr_cb
                0x00000000        0x2 build/default/production/mcc_generated_files/src/rtc.o
 .text          0x00000000        0x0 c:/program files (x86)/microchip/xc8/v2.10/avr/bin/../lib/gcc/avr/5.4.0/avrxmega3\libgcc.a(_exit.o)
 .data          0x00000000        0x0 c:/program files (x86)/microchip/xc8/v2.10/avr/bin/../lib/gcc/avr/5.4.0/avrxmega3\libgcc.a(_exit.o)
 .bss           0x00000000        0x0 c:/program files (x86)/microchip/xc8/v2.10/avr/bin/../lib/gcc/avr/5.4.0/avrxmega3\libgcc.a(_exit.o)
 .text.libgcc.mul
                0x00000000        0x0 c:/program files (x86)/microchip/xc8/v2.10/avr/bin/../lib/gcc/avr/5.4.0/avrxmega3\libgcc.a(_exit.o)
 .text.libgcc.div
                0x00000000        0x0 c:/program files (x86)/microchip/xc8/v2.10/avr/bin/../lib/gcc/avr/5.4.0/avrxmega3\libgcc.a(_exit.o)
 .text.libgcc   0x00000000        0x0 c:/program files (x86)/microchip/xc8/v2.10/avr/bin/../lib/gcc/avr/5.4.0/avrxmega3\libgcc.a(_exit.o)
 .text.libgcc.prologue
                0x00000000        0x0 c:/program files (x86)/microchip/xc8/v2.10/avr/bin/../lib/gcc/avr/5.4.0/avrxmega3\libgcc.a(_exit.o)
 .text.libgcc.builtins
                0x00000000        0x0 c:/program files (x86)/microchip/xc8/v2.10/avr/bin/../lib/gcc/avr/5.4.0/avrxmega3\libgcc.a(_exit.o)
 .text.libgcc.fmul
                0x00000000        0x0 c:/program files (x86)/microchip/xc8/v2.10/avr/bin/../lib/gcc/avr/5.4.0/avrxmega3\libgcc.a(_exit.o)
 .text.libgcc.fixed
                0x00000000        0x0 c:/program files (x86)/microchip/xc8/v2.10/avr/bin/../lib/gcc/avr/5.4.0/avrxmega3\libgcc.a(_exit.o)
 .text          0x00000000        0x0 c:/program files (x86)/microchip/xc8/v2.10/avr/bin/../lib/gcc/avr/5.4.0/avrxmega3\libgcc.a(_tablejump2.o)
 .data          0x00000000        0x0 c:/program files (x86)/microchip/xc8/v2.10/avr/bin/../lib/gcc/avr/5.4.0/avrxmega3\libgcc.a(_tablejump2.o)
 .bss           0x00000000        0x0 c:/program files (x86)/microchip/xc8/v2.10/avr/bin/../lib/gcc/avr/5.4.0/avrxmega3\libgcc.a(_tablejump2.o)
 .text.libgcc.mul
                0x00000000        0x0 c:/program files (x86)/microchip/xc8/v2.10/avr/bin/../lib/gcc/avr/5.4.0/avrxmega3\libgcc.a(_tablejump2.o)
 .text.libgcc.div
                0x00000000        0x0 c:/program files (x86)/microchip/xc8/v2.10/avr/bin/../lib/gcc/avr/5.4.0/avrxmega3\libgcc.a(_tablejump2.o)
 .text.libgcc.prologue
                0x00000000        0x0 c:/program files (x86)/microchip/xc8/v2.10/avr/bin/../lib/gcc/avr/5.4.0/avrxmega3\libgcc.a(_tablejump2.o)
 .text.libgcc.builtins
                0x00000000        0x0 c:/program files (x86)/microchip/xc8/v2.10/avr/bin/../lib/gcc/avr/5.4.0/avrxmega3\libgcc.a(_tablejump2.o)
 .text.libgcc.fmul
                0x00000000        0x0 c:/program files (x86)/microchip/xc8/v2.10/avr/bin/../lib/gcc/avr/5.4.0/avrxmega3\libgcc.a(_tablejump2.o)
 .text.libgcc.fixed
                0x00000000        0x0 c:/program files (x86)/microchip/xc8/v2.10/avr/bin/../lib/gcc/avr/5.4.0/avrxmega3\libgcc.a(_tablejump2.o)
 .text          0x00000000        0x0 c:/program files (x86)/microchip/xc8/v2.10/avr/bin/../lib/gcc/avr/5.4.0/avrxmega3\libgcc.a(_copy_data.o)
 .data          0x00000000        0x0 c:/program files (x86)/microchip/xc8/v2.10/avr/bin/../lib/gcc/avr/5.4.0/avrxmega3\libgcc.a(_copy_data.o)
 .bss           0x00000000        0x0 c:/program files (x86)/microchip/xc8/v2.10/avr/bin/../lib/gcc/avr/5.4.0/avrxmega3\libgcc.a(_copy_data.o)
 .text.libgcc.mul
                0x00000000        0x0 c:/program files (x86)/microchip/xc8/v2.10/avr/bin/../lib/gcc/avr/5.4.0/avrxmega3\libgcc.a(_copy_data.o)
 .text.libgcc.div
                0x00000000        0x0 c:/program files (x86)/microchip/xc8/v2.10/avr/bin/../lib/gcc/avr/5.4.0/avrxmega3\libgcc.a(_copy_data.o)
 .text.libgcc   0x00000000        0x0 c:/program files (x86)/microchip/xc8/v2.10/avr/bin/../lib/gcc/avr/5.4.0/avrxmega3\libgcc.a(_copy_data.o)
 .text.libgcc.prologue
                0x00000000        0x0 c:/program files (x86)/microchip/xc8/v2.10/avr/bin/../lib/gcc/avr/5.4.0/avrxmega3\libgcc.a(_copy_data.o)
 .text.libgcc.builtins
                0x00000000        0x0 c:/program files (x86)/microchip/xc8/v2.10/avr/bin/../lib/gcc/avr/5.4.0/avrxmega3\libgcc.a(_copy_data.o)
 .text.libgcc.fmul
                0x00000000        0x0 c:/program files (x86)/microchip/xc8/v2.10/avr/bin/../lib/gcc/avr/5.4.0/avrxmega3\libgcc.a(_copy_data.o)
 .text.libgcc.fixed
                0x00000000        0x0 c:/program files (x86)/microchip/xc8/v2.10/avr/bin/../lib/gcc/avr/5.4.0/avrxmega3\libgcc.a(_copy_data.o)
 .text          0x00000000        0x0 c:/program files (x86)/microchip/xc8/v2.10/avr/bin/../lib/gcc/avr/5.4.0/../../../../avr/lib/avrxmega3\libc.a(memcpy.o)
 .data          0x00000000        0x0 c:/program files (x86)/microchip/xc8/v2.10/avr/bin/../lib/gcc/avr/5.4.0/../../../../avr/lib/avrxmega3\libc.a(memcpy.o)
 .bss           0x00000000        0x0 c:/program files (x86)/microchip/xc8/v2.10/avr/bin/../lib/gcc/avr/5.4.0/../../../../avr/lib/avrxmega3\libc.a(memcpy.o)
 .text.avrlibc  0x00000000       0x12 c:/program files (x86)/microchip/xc8/v2.10/avr/bin/../lib/gcc/avr/5.4.0/../../../../avr/lib/avrxmega3\libc.a(memcpy.o)

Memory Configuration

Name             Origin             Length             Attributes
text             0x00000000         0x00004000         xr
data             0x00803800         0x00000800         rw !x
eeprom           0x00810000         0x00000100         rw !x
fuse             0x00820000         0x0000000a         rw !x
lock             0x00830000         0x00000400         rw !x
signature        0x00840000         0x00000400         rw !x
user_signatures  0x00850000         0x00000400         rw !x
*default*        0x00000000         0xffffffff

Linker script and memory map

Address of section .data set to 0x803800
                0x00008000                __RODATA_PM_OFFSET__ = 0x8000
LOAD C:/Program Files (x86)/Microchip/MPLABX/v5.35/packs/Microchip/ATtiny_DFP/2.1.63/gcc/dev/attiny1616/avrxmega3/crtattiny1616.o
                0x00000001                __MPLAB_BUILD = 0x1
LOAD build/default/production/mcc_generated_files/src/pin_manager.o
LOAD build/default/production/mcc_generated_files/src/cpuint.o
LOAD build/default/production/mcc_generated_files/src/tca0.o
LOAD build/default/production/mcc_generated_files/src/protected_io.o
LOAD build/default/production/mcc_generated_files/src/tcb0.o
LOAD build/default/production/mcc_generated_files/src/adc0.o
LOAD dist/default/production/__pa_temp_15160/nvmctrl.o
LOAD build/default/production/mcc_generated_files/device_config.o
LOAD build/default/production/mcc_generated_files/mcc.o
LOAD build/default/production/main.o
LOAD build/default/production/mcc_generated_files/src/rtc.o
START GROUP
LOAD c:/program files (x86)/microchip/xc8/v2.10/avr/bin/../lib/gcc/avr/5.4.0/../../../../avr/lib/avrxmega3\libm.a
END GROUP
START GROUP
LOAD c:/program files (x86)/microchip/xc8/v2.10/avr/bin/../lib/gcc/avr/5.4.0/avrxmega3\libgcc.a
LOAD c:/program files (x86)/microchip/xc8/v2.10/avr/bin/../lib/gcc/avr/5.4.0/../../../../avr/lib/avrxmega3\libm.a
LOAD c:/program files (x86)/microchip/xc8/v2.10/avr/bin/../lib/gcc/avr/5.4.0/../../../../avr/lib/avrxmega3\libc.a
LOAD C:/Program Files (x86)/Microchip/MPLABX/v5.35/packs/Microchip/ATtiny_DFP/2.1.63/gcc/dev/attiny1616/avrxmega3\libattiny1616.a
END GROUP
                [0x00000000]                __TEXT_REGION_ORIGIN__ = DEFINED (__TEXT_REGION_ORIGIN__)?__TEXT_REGION_ORIGIN__:0x0
                [0x00803800]                __DATA_REGION_ORIGIN__ = DEFINED (__DATA_REGION_ORIGIN__)?__DATA_REGION_ORIGIN__:0x802000
                [0x00004000]                __TEXT_REGION_LENGTH__ = DEFINED (__TEXT_REGION_LENGTH__)?__TEXT_REGION_LENGTH__:0x100000
                [0x00000800]                __DATA_REGION_LENGTH__ = DEFINED (__DATA_REGION_LENGTH__)?__DATA_REGION_LENGTH__:0xffa0
                [0x00000100]                __EEPROM_REGION_LENGTH__ = DEFINED (__EEPROM_REGION_LENGTH__)?__EEPROM_REGION_LENGTH__:0x10000
                [0x0000000a]                __FUSE_REGION_LENGTH__ = DEFINED (__FUSE_REGION_LENGTH__)?__FUSE_REGION_LENGTH__:0x400
                0x00000400                __LOCK_REGION_LENGTH__ = DEFINED (__LOCK_REGION_LENGTH__)?__LOCK_REGION_LENGTH__:0x400
                0x00000400                __SIGNATURE_REGION_LENGTH__ = DEFINED (__SIGNATURE_REGION_LENGTH__)?__SIGNATURE_REGION_LENGTH__:0x400
                0x00000400                __USER_SIGNATURE_REGION_LENGTH__ = DEFINED (__USER_SIGNATURE_REGION_LENGTH__)?__USER_SIGNATURE_REGION_LENGTH__:0x400
                0x00008000                __RODATA_PM_OFFSET__ = DEFINED (__RODATA_PM_OFFSET__)?__RODATA_PM_OFFSET__:0x8000

.hash
 *(.hash)

.dynsym
 *(.dynsym)

.dynstr
 *(.dynstr)

.gnu.version
 *(.gnu.version)

.gnu.version_d
 *(.gnu.version_d)

.gnu.version_r
 *(.gnu.version_r)

.rel.init
 *(.rel.init)

.rela.init
 *(.rela.init)

.rel.text
 *(.rel.text)
 *(.rel.text.*)
 *(.rel.gnu.linkonce.t*)

.rela.text
 *(.rela.text)
 *(.rela.text.*)
 *(.rela.gnu.linkonce.t*)

.rel.fini
 *(.rel.fini)

.rela.fini
 *(.rela.fini)

.rel.rodata
 *(.rel.rodata)
 *(.rel.rodata.*)
 *(.rel.gnu.linkonce.r*)

.rela.rodata
 *(.rela.rodata)
 *(.rela.rodata.*)
 *(.rela.gnu.linkonce.r*)

.rel.data
 *(.rel.data)
 *(.rel.data.*)
 *(.rel.gnu.linkonce.d*)

.rela.data
 *(.rela.data)
 *(.rela.data.*)
 *(.rela.gnu.linkonce.d*)

.rel.ctors
 *(.rel.ctors)

.rela.ctors
 *(.rela.ctors)

.rel.dtors
 *(.rel.dtors)

.rela.dtors
 *(.rela.dtors)

.rel.got
 *(.rel.got)

.rela.got
 *(.rela.got)

.rel.bss
 *(.rel.bss)

.rela.bss
 *(.rela.bss)

.rel.plt
 *(.rel.plt)

.rela.plt
 *(.rela.plt)

.text           0x00000000      0x172
 *(.vectors)
 .vectors       0x00000000       0x7c C:/Program Files (x86)/Microchip/MPLABX/v5.35/packs/Microchip/ATtiny_DFP/2.1.63/gcc/dev/attiny1616/avrxmega3/crtattiny1616.o
                0x00000000                __vector_default
                0x00000000                __vectors
 *(.vectors)
 *(.progmem.gcc*)
 .progmem.gcc_sw_table.__vector_13
                0x0000007c       0x18 build/default/production/mcc_generated_files/src/tcb0.o
 .progmem.gcc_sw_table.__vector_7
                0x00000094       0x10 build/default/production/mcc_generated_files/src/rtc.o
 *(.dinit)
 .dinit         0x000000a4       0x7a data_init
                0x0000011e                . = ALIGN (0x2)
                0x0000011e                __trampolines_start = .
 *(.trampolines)
 .trampolines   0x0000011e        0x0 linker stubs
 *(.trampolines*)
                0x0000011e                __trampolines_end = .
 *libprintf_flt.a:*(.progmem.data)
 *libc.a:*(.progmem.data)
                0x0000011e                . = ALIGN (0x2)
 *(.jumptables)
 *(.jumptables*)
 *(.lowtext)
 *(.lowtext*)
                0x0000011e                __ctors_start = .
 *(.ctors)
                0x0000011e                __ctors_end = .
                0x0000011e                __dtors_start = .
 *(.dtors)
                0x0000011e                __dtors_end = .
 SORT(*)(.ctors)
 SORT(*)(.dtors)
 *(.init0)
 .init0         0x0000011e        0x0 C:/Program Files (x86)/Microchip/MPLABX/v5.35/packs/Microchip/ATtiny_DFP/2.1.63/gcc/dev/attiny1616/avrxmega3/crtattiny1616.o
                0x0000011e                __init
 *(.init0)
 *(.init1)
 *(.init1)
 *(.init2)
 .init2         0x0000011e        0xc C:/Program Files (x86)/Microchip/MPLABX/v5.35/packs/Microchip/ATtiny_DFP/2.1.63/gcc/dev/attiny1616/avrxmega3/crtattiny1616.o
 *(.init2)
 *(.init3)
 *(.init3)
 *(.init4)
 .init4         0x0000012a       0x3c c:/program files (x86)/microchip/xc8/v2.10/avr/bin/../lib/gcc/avr/5.4.0/avrxmega3\libgcc.a(_copy_data.o)
                0x0000012a                __do_copy_data
                0x00000158                __do_clear_bss
 *(.init4)
 *(.init5)
 *(.init5)
 *(.init6)
 *(.init6)
 *(.init7)
 *(.init7)
 *(.init8)
 *(.init8)
 *(.init9)
 .init9         0x00000166        0x8 C:/Program Files (x86)/Microchip/MPLABX/v5.35/packs/Microchip/ATtiny_DFP/2.1.63/gcc/dev/attiny1616/avrxmega3/crtattiny1616.o
 *(.init9)
                0x0000016e                . = ALIGN (0x2)
 *(.fini9)
 .fini9         0x0000016e        0x0 c:/program files (x86)/microchip/xc8/v2.10/avr/bin/../lib/gcc/avr/5.4.0/avrxmega3\libgcc.a(_exit.o)
                0x0000016e                _exit
                0x0000016e                exit
 *(.fini9)
 *(.fini8)
 *(.fini8)
 *(.fini7)
 *(.fini7)
 *(.fini6)
 *(.fini6)
 *(.fini5)
 *(.fini5)
 *(.fini4)
 *(.fini4)
 *(.fini3)
 *(.fini3)
 *(.fini2)
 *(.fini2)
 *(.fini1)
 *(.fini1)
 *(.fini0)
 .fini0         0x0000016e        0x4 c:/program files (x86)/microchip/xc8/v2.10/avr/bin/../lib/gcc/avr/5.4.0/avrxmega3\libgcc.a(_exit.o)
 *(.fini0)
                0x00000172                _etext = .

.rodata
 *(.rodata)
 *(.rodata*)
 *(.gnu.linkonce.r*)

.data           0x00803800        0x0 load address 0x00000172
                [!provide]                PROVIDE (__data_start, .)
 *(.gnu.linkonce.d*)
                0x00803800                . = ALIGN (0x2)
                0x00803800                _edata = .
                [!provide]                PROVIDE (__data_end, .)

.bss            0x00803800       0x3a
                [!provide]                PROVIDE (__bss_start, .)
 *(COMMON)
 COMMON         0x00803800       0x3a build/default/production/mcc_generated_files/src/pin_manager.o
                0x00803800                LED_STATE
                0x00803801                PWM_CONTROL
                0x00803802                SYSTEM_STATE
                0x00803803                SW_Struct_t
                0x0080381d                LED_Struct_t
                0x00803821                System_State_Struc_t
                0x00803839                SYSTEM_SUB_STATE
                [!provide]                PROVIDE (__bss_end, .)
                0x00000172                __data_load_start = LOADADDR (.data)
                0x00000172                __data_load_end = (__data_load_start + SIZEOF (.data))

.noinit         0x0080383a        0x0
                [!provide]                PROVIDE (__noinit_start, .)
 *(.noinit*)
                [!provide]                PROVIDE (__noinit_end, .)
                0x0080383a                _end = .

.eeprom         0x00810000        0x0
 *(.eeprom*)
                0x00810000                __eeprom_end = .

.fuse           0x00820000        0x9
 *(.fuse)
 .fuse          0x00820000        0x9 build/default/production/mcc_generated_files/device_config.o
                0x00820000                __fuse
 *(.lfuse)
 *(.hfuse)
 *(.efuse)

.lock
 *(.lock*)

.signature
 *(.signature*)

.user_signatures
 *(.user_signatures*)

.stab
 *(.stab)

.stabstr
 *(.stabstr)

.stab.excl
 *(.stab.excl)

.stab.exclstr
 *(.stab.exclstr)

.stab.index
 *(.stab.index)

.stab.indexstr
 *(.stab.indexstr)

.comment        0x00000000       0x2f
 *(.comment)
 .comment       0x00000000       0x2f build/default/production/mcc_generated_files/src/pin_manager.o
                                 0x30 (size before relaxing)
 .comment       0x0000002f       0x30 build/default/production/mcc_generated_files/src/cpuint.o
 .comment       0x0000002f       0x30 build/default/production/mcc_generated_files/src/tca0.o
 .comment       0x0000002f       0x30 build/default/production/mcc_generated_files/src/tcb0.o
 .comment       0x0000002f       0x30 build/default/production/mcc_generated_files/src/adc0.o
 .comment       0x0000002f       0x30 dist/default/production/__pa_temp_15160/nvmctrl.o
 .comment       0x0000002f       0x30 build/default/production/mcc_generated_files/device_config.o
 .comment       0x0000002f       0x30 build/default/production/mcc_generated_files/mcc.o
 .comment       0x0000002f       0x30 build/default/production/main.o
 .comment       0x0000002f       0x30 build/default/production/mcc_generated_files/src/rtc.o

.note.gnu.build-id
 *(.note.gnu.build-id)

.debug
 *(.debug)

.line
 *(.line)

.debug_srcinfo
 *(.debug_srcinfo)

.debug_sfnames
 *(.debug_sfnames)

.debug_aranges  0x00000000      0x400
 *(.debug_aranges)
 .debug_aranges
                0x00000000       0x80 build/default/production/mcc_generated_files/src/pin_manager.o
 .debug_aranges
                0x00000080       0x20 build/default/production/mcc_generated_files/src/cpuint.o
 .debug_aranges
                0x000000a0       0x98 build/default/production/mcc_generated_files/src/tca0.o
 .debug_aranges
                0x00000138       0x20 build/default/production/mcc_generated_files/src/protected_io.o
 .debug_aranges
                0x00000158       0x60 build/default/production/mcc_generated_files/src/tcb0.o
 .debug_aranges
                0x000001b8       0xa8 build/default/production/mcc_generated_files/src/adc0.o
 .debug_aranges
                0x00000260       0x88 dist/default/production/__pa_temp_15160/nvmctrl.o
 .debug_aranges
                0x000002e8       0x18 build/default/production/mcc_generated_files/device_config.o
 .debug_aranges
                0x00000300       0x50 build/default/production/mcc_generated_files/mcc.o
 .debug_aranges
                0x00000350       0x20 build/default/production/main.o
 .debug_aranges
                0x00000370       0x90 build/default/production/mcc_generated_files/src/rtc.o

.debug_pubnames
 *(.debug_pubnames)

.debug_info     0x00000000     0xa8f7
 *(.debug_info .gnu.linkonce.wi.*)
 .debug_info    0x00000000     0x19ed C:/Program Files (x86)/Microchip/MPLABX/v5.35/packs/Microchip/ATtiny_DFP/2.1.63/gcc/dev/attiny1616/avrxmega3/crtattiny1616.o
 .debug_info    0x000019ed     0x120a build/default/production/mcc_generated_files/src/pin_manager.o
 .debug_info    0x00002bf7      0x3c1 build/default/production/mcc_generated_files/src/cpuint.o
 .debug_info    0x00002fb8      0xc8e build/default/production/mcc_generated_files/src/tca0.o
 .debug_info    0x00003c46       0x7c build/default/production/mcc_generated_files/src/protected_io.o
 .debug_info    0x00003cc2     0x1039 build/default/production/mcc_generated_files/src/tcb0.o
 .debug_info    0x00004cfb     0x1268 build/default/production/mcc_generated_files/src/adc0.o
 .debug_info    0x00005f63      0xb84 dist/default/production/__pa_temp_15160/nvmctrl.o
 .debug_info    0x00006ae7      0x7f5 build/default/production/mcc_generated_files/device_config.o
 .debug_info    0x000072dc     0x1028 build/default/production/mcc_generated_files/mcc.o
 .debug_info    0x00008304      0xfd5 build/default/production/main.o
 .debug_info    0x000092d9     0x161e build/default/production/mcc_generated_files/src/rtc.o

.debug_abbrev   0x00000000     0x2a77
 *(.debug_abbrev)
 .debug_abbrev  0x00000000     0x1888 C:/Program Files (x86)/Microchip/MPLABX/v5.35/packs/Microchip/ATtiny_DFP/2.1.63/gcc/dev/attiny1616/avrxmega3/crtattiny1616.o
 .debug_abbrev  0x00001888      0x1fa build/default/production/mcc_generated_files/src/pin_manager.o
 .debug_abbrev  0x00001a82       0xfa build/default/production/mcc_generated_files/src/cpuint.o
 .debug_abbrev  0x00001b7c      0x1bf build/default/production/mcc_generated_files/src/tca0.o
 .debug_abbrev  0x00001d3b       0x14 build/default/production/mcc_generated_files/src/protected_io.o
 .debug_abbrev  0x00001d4f      0x21b build/default/production/mcc_generated_files/src/tcb0.o
 .debug_abbrev  0x00001f6a      0x24c build/default/production/mcc_generated_files/src/adc0.o
 .debug_abbrev  0x000021b6      0x270 dist/default/production/__pa_temp_15160/nvmctrl.o
 .debug_abbrev  0x00002426       0x97 build/default/production/mcc_generated_files/device_config.o
 .debug_abbrev  0x000024bd      0x1b2 build/default/production/mcc_generated_files/mcc.o
 .debug_abbrev  0x0000266f      0x1e2 build/default/production/main.o
 .debug_abbrev  0x00002851      0x226 build/default/production/mcc_generated_files/src/rtc.o

.debug_line     0x00000000     0x2382
 *(.debug_line .debug_line.* .debug_line_end)
 .debug_line    0x00000000      0x151 C:/Program Files (x86)/Microchip/MPLABX/v5.35/packs/Microchip/ATtiny_DFP/2.1.63/gcc/dev/attiny1616/avrxmega3/crtattiny1616.o
 .debug_line    0x00000151      0x3c0 build/default/production/mcc_generated_files/src/pin_manager.o
 .debug_line    0x00000511      0x18d build/default/production/mcc_generated_files/src/cpuint.o
 .debug_line    0x0000069e      0x341 build/default/production/mcc_generated_files/src/tca0.o
 .debug_line    0x000009df       0x66 build/default/production/mcc_generated_files/src/protected_io.o
 .debug_line    0x00000a45      0x4f3 build/default/production/mcc_generated_files/src/tcb0.o
 .debug_line    0x00000f38      0x39d build/default/production/mcc_generated_files/src/adc0.o
 .debug_line    0x000012d5      0x478 dist/default/production/__pa_temp_15160/nvmctrl.o
 .debug_line    0x0000174d       0xf2 build/default/production/mcc_generated_files/device_config.o
 .debug_line    0x0000183f      0x2cd build/default/production/mcc_generated_files/mcc.o
 .debug_line    0x00001b0c      0x446 build/default/production/main.o
 .debug_line    0x00001f52      0x430 build/default/production/mcc_generated_files/src/rtc.o

.debug_frame    0x00000000      0xa54
 *(.debug_frame)
 .debug_frame   0x00000000      0x198 build/default/production/mcc_generated_files/src/pin_manager.o
 .debug_frame   0x00000198       0x24 build/default/production/mcc_generated_files/src/cpuint.o
 .debug_frame   0x000001bc      0x264 build/default/production/mcc_generated_files/src/tca0.o
 .debug_frame   0x00000420       0xec build/default/production/mcc_generated_files/src/tcb0.o
 .debug_frame   0x0000050c      0x1a0 build/default/production/mcc_generated_files/src/adc0.o
 .debug_frame   0x000006ac      0x15c dist/default/production/__pa_temp_15160/nvmctrl.o
 .debug_frame   0x00000808       0x94 build/default/production/mcc_generated_files/mcc.o
 .debug_frame   0x0000089c       0x24 build/default/production/main.o
 .debug_frame   0x000008c0      0x194 build/default/production/mcc_generated_files/src/rtc.o

.debug_str      0x00000000      0xd3f
 *(.debug_str)
 .debug_str     0x00000000      0xacf C:/Program Files (x86)/Microchip/MPLABX/v5.35/packs/Microchip/ATtiny_DFP/2.1.63/gcc/dev/attiny1616/avrxmega3/crtattiny1616.o
 .debug_str     0x00000acf       0x25 build/default/production/mcc_generated_files/src/pin_manager.o
 .debug_str     0x00000af4       0x13 build/default/production/mcc_generated_files/src/cpuint.o
 .debug_str     0x00000b07       0x52 build/default/production/mcc_generated_files/src/tca0.o
 .debug_str     0x00000b59       0x1e build/default/production/mcc_generated_files/src/tcb0.o
 .debug_str     0x00000b77        0x8 build/default/production/mcc_generated_files/src/adc0.o
 .debug_str     0x00000b7f       0x43 dist/default/production/__pa_temp_15160/nvmctrl.o
 .debug_str     0x00000bc2        0x0 build/default/production/mcc_generated_files/device_config.o
 .debug_str     0x00000bc2       0xa2 build/default/production/mcc_generated_files/mcc.o
 .debug_str     0x00000c64       0x70 build/default/production/main.o
 .debug_str     0x00000cd4       0x6b build/default/production/mcc_generated_files/src/rtc.o

.debug_loc      0x00000000      0x918
 *(.debug_loc)
 .debug_loc     0x00000000       0x36 build/default/production/mcc_generated_files/src/pin_manager.o
 .debug_loc     0x00000036       0x2a build/default/production/mcc_generated_files/src/cpuint.o
 .debug_loc     0x00000060       0xa4 build/default/production/mcc_generated_files/src/adc0.o
 .debug_loc     0x00000104      0x770 dist/default/production/__pa_temp_15160/nvmctrl.o
 .debug_loc     0x00000874       0x52 build/default/production/mcc_generated_files/mcc.o
 .debug_loc     0x000008c6       0x52 build/default/production/main.o

.debug_macinfo
 *(.debug_macinfo)

.debug_weaknames
 *(.debug_weaknames)

.debug_funcnames
 *(.debug_funcnames)

.debug_typenames
 *(.debug_typenames)

.debug_varnames
 *(.debug_varnames)

.debug_pubtypes
 *(.debug_pubtypes)

.debug_ranges   0x00000000      0x338
 *(.debug_ranges)
 .debug_ranges  0x00000000       0x70 build/default/production/mcc_generated_files/src/pin_manager.o
 .debug_ranges  0x00000070       0x10 build/default/production/mcc_generated_files/src/cpuint.o
 .debug_ranges  0x00000080       0x88 build/default/production/mcc_generated_files/src/tca0.o
 .debug_ranges  0x00000108       0x50 build/default/production/mcc_generated_files/src/tcb0.o
 .debug_ranges  0x00000158       0x98 build/default/production/mcc_generated_files/src/adc0.o
 .debug_ranges  0x000001f0       0x78 dist/default/production/__pa_temp_15160/nvmctrl.o
 .debug_ranges  0x00000268       0x40 build/default/production/mcc_generated_files/mcc.o
 .debug_ranges  0x000002a8       0x10 build/default/production/main.o
 .debug_ranges  0x000002b8       0x80 build/default/production/mcc_generated_files/src/rtc.o

.debug_macro
 *(.debug_macro)
OUTPUT(dist/default/production/EMOTIONAL.X.production.elf elf32-avr)
LOAD linker stubs
LOAD data_init

.note.gnu.avr.deviceinfo
                0x00000000       0x40
 .note.gnu.avr.deviceinfo
                0x00000000       0x40 C:/Program Files (x86)/Microchip/MPLABX/v5.35/packs/Microchip/ATtiny_DFP/2.1.63/gcc/dev/attiny1616/avrxmega3/crtattiny1616.o

.bss.PORTC_IO_PC1_InterruptHandler
                0x0080383a        0x2
 .bss.PORTC_IO_PC1_InterruptHandler
                0x0080383a        0x2 build/default/production/mcc_generated_files/src/pin_manager.o

.bss.PORTC_SW_MODE_InterruptHandler
                0x0080383c        0x2
 .bss.PORTC_SW_MODE_InterruptHandler
                0x0080383c        0x2 build/default/production/mcc_generated_files/src/pin_manager.o

.bss.PORTC_IO_PC0_InterruptHandler
                0x0080383e        0x2
 .bss.PORTC_IO_PC0_InterruptHandler
                0x0080383e        0x2 build/default/production/mcc_generated_files/src/pin_manager.o

.bss.PORTC_SW_POWER_InterruptHandler
                0x00803840        0x2
 .bss.PORTC_SW_POWER_InterruptHandler
                0x00803840        0x2 build/default/production/mcc_generated_files/src/pin_manager.o

.bss.TCB0_CAPT_isr_cb
                0x0080384a        0x2
 .bss.TCB0_CAPT_isr_cb
                0x0080384a        0x2 build/default/production/mcc_generated_files/src/tcb0.o
                0x0080384a                TCB0_CAPT_isr_cb

.bss.u8Cnt      0x00803860        0x1
 .bss.u8Cnt     0x00803860        0x1 build/default/production/mcc_generated_files/src/tcb0.o
                0x00803860                u8Cnt

.bss.u16PwmMode
                0x0080384c        0x2
 .bss.u16PwmMode
                0x0080384c        0x2 build/default/production/mcc_generated_files/src/tcb0.o
                0x0080384c                u16PwmMode

.bss.u16PwmDutyStep
                0x00803852        0x2
 .bss.u16PwmDutyStep
                0x00803852        0x2 build/default/production/mcc_generated_files/src/tcb0.o
                0x00803852                u16PwmDutyStep

.bss.u16PwmDutyTemp
                0x00803854        0x2
 .bss.u16PwmDutyTemp
                0x00803854        0x2 build/default/production/mcc_generated_files/src/tcb0.o
                0x00803854                u16PwmDutyTemp

.bss.i16Cnt     0x00803856        0x2
 .bss.i16Cnt    0x00803856        0x2 build/default/production/mcc_generated_files/src/tcb0.o
                0x00803856                i16Cnt

.bss.ADC0_window_cb
                0x00803858        0x2
 .bss.ADC0_window_cb
                0x00803858        0x2 build/default/production/mcc_generated_files/src/adc0.o
                0x00803858                ADC0_window_cb

.bss.u8Temp     0x00803861        0x1
 .bss.u8Temp    0x00803861        0x1 build/default/production/main.o
                0x00803861                u8Temp

.bss.i16Temp    0x0080385a        0x2
 .bss.i16Temp   0x0080385a        0x2 build/default/production/main.o
                0x0080385a                i16Temp

.bss.RTC_CMP_isr_cb
                0x0080385c        0x2
 .bss.RTC_CMP_isr_cb
                0x0080385c        0x2 build/default/production/mcc_generated_files/src/rtc.o
                0x0080385c                RTC_CMP_isr_cb

.bss.RTC_OVF_isr_cb
                0x0080385e        0x2
 .bss.RTC_OVF_isr_cb
                0x0080385e        0x2 build/default/production/mcc_generated_files/src/rtc.o
                0x0080385e                RTC_OVF_isr_cb

.text.__vector_13
                0x00000172      0x44a
 .text.__vector_13
                0x00000172      0x44a build/default/production/mcc_generated_files/src/tcb0.o
                0x00000172                __vector_13

.text.startup.main
                0x000005bc      0x36e
 .text.startup.main
                0x000005bc      0x36e build/default/production/main.o
                0x000005bc                main

.text.__vector_7
                0x0000092a      0x216
 .text.__vector_7
                0x0000092a      0x216 build/default/production/mcc_generated_files/src/rtc.o
                0x0000092a                __vector_7

.text.PIN_MANAGER_Initialize
                0x00000b40       0xbc
 .text.PIN_MANAGER_Initialize
                0x00000b40       0xbc build/default/production/mcc_generated_files/src/pin_manager.o
                0x00000b40                PIN_MANAGER_Initialize

.text.__vector_5
                0x00000bfc       0x80
 .text.__vector_5
                0x00000bfc       0x80 build/default/production/mcc_generated_files/src/pin_manager.o
                0x00000bfc                __vector_5

.text.__vector_6
                0x00000c7c       0x76
 .text.__vector_6
                0x00000c7c       0x76 build/default/production/mcc_generated_files/src/rtc.o
                0x00000c7c                __vector_6

.text.__vector_10
                0x00000cf2       0x58
 .text.__vector_10
                0x00000cf2       0x58 build/default/production/mcc_generated_files/src/tca0.o
                0x00000cf2                __vector_10

.text.__vector_11
                0x00000d4a       0x58
 .text.__vector_11
                0x00000d4a       0x58 build/default/production/mcc_generated_files/src/tca0.o
                0x00000d4a                __vector_11

.text.__vector_12
                0x00000da2       0x58
 .text.__vector_12
                0x00000da2       0x58 build/default/production/mcc_generated_files/src/tca0.o
                0x00000da2                __vector_12

.text.__vector_8
                0x00000dfa       0x58
 .text.__vector_8
                0x00000dfa       0x58 build/default/production/mcc_generated_files/src/tca0.o
                0x00000dfa                __vector_8

.text.__vector_21
                0x00000e52       0x58
 .text.__vector_21
                0x00000e52       0x58 build/default/production/mcc_generated_files/src/adc0.o
                0x00000e52                __vector_21

.text.RTC_Initialize
                0x00000eaa       0x48
 .text.RTC_Initialize
                0x00000eaa       0x48 build/default/production/mcc_generated_files/src/rtc.o
                0x00000eaa                RTC_Initialize

.text.TCA0_Initialize
                0x00000ef2       0x40
 .text.TCA0_Initialize
                0x00000ef2       0x40 build/default/production/mcc_generated_files/src/tca0.o
                0x00000ef2                TCA0_Initialize

.text.CLKCTRL_Initialize
                0x00000f32       0x40
 .text.CLKCTRL_Initialize
                0x00000f32       0x40 build/default/production/mcc_generated_files/mcc.o
                0x00000f32                CLKCTRL_Initialize

.text.__vector_20
                0x00000f72       0x3e
 .text.__vector_20
                0x00000f72       0x3e build/default/production/mcc_generated_files/src/adc0.o
                0x00000f72                __vector_20

.text.PORT_Initialize
                0x00000fb0       0x38
 .text.PORT_Initialize
                0x00000fb0       0x38 build/default/production/mcc_generated_files/src/pin_manager.o
                0x00000fb0                PORT_Initialize

.text.ADC0_Initialize
                0x00000fe8       0x2e
 .text.ADC0_Initialize
                0x00000fe8       0x2e build/default/production/mcc_generated_files/src/adc0.o
                0x00000fe8                ADC0_Initialize

.text.FLASH_WriteEepromByte
                0x00001016       0x2c
 .text.FLASH_WriteEepromByte
                0x00001016       0x2c dist/default/production/__pa_temp_15160/nvmctrl.o
                0x00001016                FLASH_WriteEepromByte

.text.SYSTEM_Initialize
                0x00001042       0x2c
 .text.SYSTEM_Initialize
                0x00001042       0x2c build/default/production/mcc_generated_files/mcc.o
                0x00001042                SYSTEM_Initialize

.text.TCB0_Initialize
                0x0000106e       0x26
 .text.TCB0_Initialize
                0x0000106e       0x26 build/default/production/mcc_generated_files/src/tcb0.o
                0x0000106e                TCB0_Initialize

.text.__vector_30
                0x00001094       0x1e
 .text.__vector_30
                0x00001094       0x1e dist/default/production/__pa_temp_15160/nvmctrl.o
                0x00001094                __vector_30

.text.__vector_2
                0x000010b2       0x1e
 .text.__vector_2
                0x000010b2       0x1e build/default/production/mcc_generated_files/mcc.o
                0x000010b2                __vector_2

.text.CPUINT_Initialize
                0x000010d0       0x1a
 .text.CPUINT_Initialize
                0x000010d0       0x1a build/default/production/mcc_generated_files/src/cpuint.o
                0x000010d0                CPUINT_Initialize

.text.BOD_Initialize
                0x000010ea       0x16
 .text.BOD_Initialize
                0x000010ea       0x16 build/default/production/mcc_generated_files/mcc.o
                0x000010ea                BOD_Initialize

.text.SLPCTRL_Initialize
                0x00001100        0xe
 .text.SLPCTRL_Initialize
                0x00001100        0xe build/default/production/mcc_generated_files/mcc.o
                0x00001100                SLPCTRL_Initialize

.text.WDT_Initialize
                0x0000110e        0xe
 .text.WDT_Initialize
                0x0000110e        0xe build/default/production/mcc_generated_files/mcc.o
                0x0000110e                WDT_Initialize

.text.ADC0_StartConversion
                0x0000111c        0xc
 .text.ADC0_StartConversion
                0x0000111c        0xc build/default/production/mcc_generated_files/src/adc0.o
                0x0000111c                ADC0_StartConversion

.text.ccp_write_spm.constprop.0
                0x00001128        0xc
 .text.ccp_write_spm.constprop.0
                0x00001128        0xc dist/default/production/__pa_temp_15160/nvmctrl.o

.text.FLASH_Initialize
                0x00001134        0xc
 .text.FLASH_Initialize
                0x00001134        0xc dist/default/production/__pa_temp_15160/nvmctrl.o
                0x00001134                FLASH_Initialize

.text.libgcc    0x00001140        0xc
 .text.libgcc   0x00001140        0xc c:/program files (x86)/microchip/xc8/v2.10/avr/bin/../lib/gcc/avr/5.4.0/avrxmega3\libgcc.a(_tablejump2.o)
                0x00001140                __tablejump2__

.text.PORTC_SW_POWER_DefaultInterruptHandler
                0x0000114c        0xa
 .text.PORTC_SW_POWER_DefaultInterruptHandler
                0x0000114c        0xa build/default/production/mcc_generated_files/src/pin_manager.o
                0x0000114c                PORTC_SW_POWER_DefaultInterruptHandler

.text.protected_write_io
                0x00001156        0x8
 .text.protected_write_io
                0x00001156        0x8 build/default/production/mcc_generated_files/src/protected_io.o
                0x00001156                protected_write_io

.text.FLASH_ReadEepromByte
                0x0000115e        0x8
 .text.FLASH_ReadEepromByte
                0x0000115e        0x8 dist/default/production/__pa_temp_15160/nvmctrl.o
                0x0000115e                FLASH_ReadEepromByte

.text.ccp_write_io
                0x00001166        0x8
 .text.ccp_write_io
                0x00001166        0x8 build/default/production/mcc_generated_files/mcc.o

.text           0x0000116e        0x4
 .text          0x0000116e        0x4 C:/Program Files (x86)/Microchip/MPLABX/v5.35/packs/Microchip/ATtiny_DFP/2.1.63/gcc/dev/attiny1616/avrxmega3/crtattiny1616.o
                0x0000116e                __vector_22
                0x0000116e                __vector_28
                0x0000116e                __vector_1
                0x0000116e                __vector_24
                0x0000116e                __bad_interrupt
                0x0000116e                __vector_3
                0x0000116e                __vector_23
                0x0000116e                __vector_25
                0x0000116e                __vector_17
                0x0000116e                __vector_19
                0x0000116e                __vector_27
                0x0000116e                __vector_4
                0x0000116e                __vector_9
                0x0000116e                __vector_15
                0x0000116e                __vector_29
                0x0000116e                __vector_26
                0x0000116e                __vector_14
                0x0000116e                __vector_16
                0x0000116e                __vector_18

.text.PORTC_IO_PC1_DefaultInterruptHandler
                0x00001172        0x2
 .text.PORTC_IO_PC1_DefaultInterruptHandler
                0x00001172        0x2 build/default/production/mcc_generated_files/src/pin_manager.o
                0x00001172                PORTC_IO_PC1_DefaultInterruptHandler

.text.PORTC_IO_PC0_DefaultInterruptHandler
                0x00001174        0x2
 .text.PORTC_IO_PC0_DefaultInterruptHandler
                0x00001174        0x2 build/default/production/mcc_generated_files/src/pin_manager.o
                0x00001174                PORTC_IO_PC0_DefaultInterruptHandler

.text.PORTC_SW_MODE_DefaultInterruptHandler
                0x00001176        0x2
 .text.PORTC_SW_MODE_DefaultInterruptHandler
                0x00001176        0x2 build/default/production/mcc_generated_files/src/pin_manager.o
                0x00001176                PORTC_SW_MODE_DefaultInterruptHandler

.text.TCA0_DefaultOVFIsrCallback
                0x00001178        0x2
 .text.TCA0_DefaultOVFIsrCallback
                0x00001178        0x2 build/default/production/mcc_generated_files/src/tca0.o
                0x00001178                TCA0_DefaultOVFIsrCallback

.text.TCA0_DefaultCMP2IsrCallback
                0x0000117a        0x2
 .text.TCA0_DefaultCMP2IsrCallback
                0x0000117a        0x2 build/default/production/mcc_generated_files/src/tca0.o
                0x0000117a                TCA0_DefaultCMP2IsrCallback

.text.TCA0_DefaultCMP0IsrCallback
                0x0000117c        0x2
 .text.TCA0_DefaultCMP0IsrCallback
                0x0000117c        0x2 build/default/production/mcc_generated_files/src/tca0.o
                0x0000117c                TCA0_DefaultCMP0IsrCallback

.text.TCA0_DefaultCMP1IsrCallback
                0x0000117e        0x2
 .text.TCA0_DefaultCMP1IsrCallback
                0x0000117e        0x2 build/default/production/mcc_generated_files/src/tca0.o
                0x0000117e                TCA0_DefaultCMP1IsrCallback

.data.TCA0_OVF_isr_cb
                0x00803842        0x2 load address 0x00001180
 .data.TCA0_OVF_isr_cb
                0x00803842        0x2 build/default/production/mcc_generated_files/src/tca0.o
                0x00803842                TCA0_OVF_isr_cb

.data.TCA0_CMP2_isr_cb
                0x00803844        0x2 load address 0x00001182
 .data.TCA0_CMP2_isr_cb
                0x00803844        0x2 build/default/production/mcc_generated_files/src/tca0.o
                0x00803844                TCA0_CMP2_isr_cb

.data.TCA0_CMP1_isr_cb
                0x00803846        0x2 load address 0x00001184
 .data.TCA0_CMP1_isr_cb
                0x00803846        0x2 build/default/production/mcc_generated_files/src/tca0.o
                0x00803846                TCA0_CMP1_isr_cb

.data.TCA0_CMP0_isr_cb
                0x00803848        0x2 load address 0x00001186
 .data.TCA0_CMP0_isr_cb
                0x00803848        0x2 build/default/production/mcc_generated_files/src/tca0.o
                0x00803848                TCA0_CMP0_isr_cb

.data.u16PwmState
                0x0080384e        0x2 load address 0x00001188
 .data.u16PwmState
                0x0080384e        0x2 build/default/production/mcc_generated_files/src/tcb0.o
                0x0080384e                u16PwmState

.data.u16PwmDutyTarget
                0x00803850        0x2 load address 0x0000118a
 .data.u16PwmDutyTarget
                0x00803850        0x2 build/default/production/mcc_generated_files/src/tcb0.o
                0x00803850                u16PwmDutyTarget
