Archive member included to satisfy reference by file (symbol)

c:/program files (x86)/microchip/xc8/v2.10/avr/bin/../lib/gcc/avr/5.4.0/avrxmega3\libgcc.a(_udivmodhi4.o)
                              build/default/production/mcc_generated_files/src/tcb0.o (__udivmodhi4)
c:/program files (x86)/microchip/xc8/v2.10/avr/bin/../lib/gcc/avr/5.4.0/avrxmega3\libgcc.a(_exit.o)
                              C:/Program Files (x86)/Microchip/MPLABX/v5.30/packs/Microchip/ATtiny_DFP/2.0.10/gcc/dev/attiny1616/avrxmega3/crtattiny1616.o (exit)
c:/program files (x86)/microchip/xc8/v2.10/avr/bin/../lib/gcc/avr/5.4.0/avrxmega3\libgcc.a(_tablejump2.o)
                              build/default/production/mcc_generated_files/src/tcb0.o (__tablejump2__)
c:/program files (x86)/microchip/xc8/v2.10/avr/bin/../lib/gcc/avr/5.4.0/avrxmega3\libgcc.a(_copy_data.o)
                              build/default/production/mcc_generated_files/src/tca0.o (__do_copy_data)
c:/program files (x86)/microchip/xc8/v2.10/avr/bin/../lib/gcc/avr/5.4.0/../../../../avr/lib/avrxmega3\libc.a(memcpy.o)
                              dist/default/production/__pa_temp_22776/nvmctrl.o (memcpy)

Allocating common symbols
Common symbol       size              file

LED_STATE           0x1               build/default/production/mcc_generated_files/src/pin_manager.o
PWM_CONTROL         0x1               build/default/production/mcc_generated_files/src/pin_manager.o
SYSTEM_STATE        0x1               build/default/production/mcc_generated_files/src/pin_manager.o
SW_Struct_t         0x16              build/default/production/mcc_generated_files/src/pin_manager.o
LED_Struct_t        0x4               build/default/production/mcc_generated_files/src/pin_manager.o
System_State_Struc_t
                    0x12              build/default/production/mcc_generated_files/src/pin_manager.o
SYSTEM_SUB_STATE    0x1               build/default/production/mcc_generated_files/src/pin_manager.o

Discarded input sections

 .data          0x00000000        0x0 C:/Program Files (x86)/Microchip/MPLABX/v5.30/packs/Microchip/ATtiny_DFP/2.0.10/gcc/dev/attiny1616/avrxmega3/crtattiny1616.o
 .bss           0x00000000        0x0 C:/Program Files (x86)/Microchip/MPLABX/v5.30/packs/Microchip/ATtiny_DFP/2.0.10/gcc/dev/attiny1616/avrxmega3/crtattiny1616.o
 .text          0x00000000        0x0 build/default/production/mcc_generated_files/src/pin_manager.o
 .data          0x00000000        0x0 build/default/production/mcc_generated_files/src/pin_manager.o
 .bss           0x00000000        0x0 build/default/production/mcc_generated_files/src/pin_manager.o
 .text.PORTB_PB0_DefaultInterruptHandler
                0x00000000        0x2 build/default/production/mcc_generated_files/src/pin_manager.o
 .text.PORTB_PB2_DefaultInterruptHandler
                0x00000000        0x2 build/default/production/mcc_generated_files/src/pin_manager.o
 .text.PORTA_PA5_DefaultInterruptHandler
                0x00000000        0x2 build/default/production/mcc_generated_files/src/pin_manager.o
 .text.PORTB_PB1_DefaultInterruptHandler
                0x00000000        0x2 build/default/production/mcc_generated_files/src/pin_manager.o
 .text.PORTC_SW_POWER_SetInterruptHandler
                0x00000000        0xa build/default/production/mcc_generated_files/src/pin_manager.o
 .text.PORTB_PB2_SetInterruptHandler
                0x00000000        0x2 build/default/production/mcc_generated_files/src/pin_manager.o
 .text.PORTA_PA5_SetInterruptHandler
                0x00000000        0x2 build/default/production/mcc_generated_files/src/pin_manager.o
 .text.PORTC_IO_PC0_SetInterruptHandler
                0x00000000        0xa build/default/production/mcc_generated_files/src/pin_manager.o
 .text.PORTC_SW_MODE_SetInterruptHandler
                0x00000000        0xa build/default/production/mcc_generated_files/src/pin_manager.o
 .text.PORTB_PB1_SetInterruptHandler
                0x00000000        0x2 build/default/production/mcc_generated_files/src/pin_manager.o
 .text.PORTC_IO_PC1_SetInterruptHandler
                0x00000000        0xa build/default/production/mcc_generated_files/src/pin_manager.o
 .text.PORTB_PB0_SetInterruptHandler
                0x00000000        0x2 build/default/production/mcc_generated_files/src/pin_manager.o
 .text          0x00000000        0x0 build/default/production/mcc_generated_files/src/cpuint.o
 .data          0x00000000        0x0 build/default/production/mcc_generated_files/src/cpuint.o
 .bss           0x00000000        0x0 build/default/production/mcc_generated_files/src/cpuint.o
 .text          0x00000000        0x0 build/default/production/mcc_generated_files/src/tca0.o
 .data          0x00000000        0x0 build/default/production/mcc_generated_files/src/tca0.o
 .bss           0x00000000        0x0 build/default/production/mcc_generated_files/src/tca0.o
 .text.TCA0_SetOVFIsrCallback
                0x00000000        0xa build/default/production/mcc_generated_files/src/tca0.o
 .text.TCA0_SetCMP0IsrCallback
                0x00000000        0xa build/default/production/mcc_generated_files/src/tca0.o
 .text.TCA0_SetCMP1IsrCallback
                0x00000000        0xa build/default/production/mcc_generated_files/src/tca0.o
 .text.TCA0_SetCMP2IsrCallback
                0x00000000        0xa build/default/production/mcc_generated_files/src/tca0.o
 .text.TCA0_WriteTimer
                0x00000000        0xa build/default/production/mcc_generated_files/src/tca0.o
 .text.TCA0_ReadTimer
                0x00000000        0xa build/default/production/mcc_generated_files/src/tca0.o
 .text.TCA0_EnableInterrupt
                0x00000000        0x8 build/default/production/mcc_generated_files/src/tca0.o
 .text.TCA0_DisableInterrupt
                0x00000000        0x6 build/default/production/mcc_generated_files/src/tca0.o
 .text.TCA0_ClearOverflowInterruptFlag
                0x00000000        0xc build/default/production/mcc_generated_files/src/tca0.o
 .text.TCA0_IsOverflowInterruptEnabled
                0x00000000        0xc build/default/production/mcc_generated_files/src/tca0.o
 .text          0x00000000        0x0 build/default/production/mcc_generated_files/src/protected_io.o
 .data          0x00000000        0x0 build/default/production/mcc_generated_files/src/protected_io.o
 .bss           0x00000000        0x0 build/default/production/mcc_generated_files/src/protected_io.o
 .text          0x00000000        0x0 build/default/production/mcc_generated_files/src/tcb0.o
 .data          0x00000000        0x0 build/default/production/mcc_generated_files/src/tcb0.o
 .bss           0x00000000        0x0 build/default/production/mcc_generated_files/src/tcb0.o
 .text.TCB0_SetCaptIsrCallback
                0x00000000        0xa build/default/production/mcc_generated_files/src/tcb0.o
 .text.TCB0_WriteTimer
                0x00000000        0xa build/default/production/mcc_generated_files/src/tcb0.o
 .text.TCB0_ReadTimer
                0x00000000        0xa build/default/production/mcc_generated_files/src/tcb0.o
 .text.TCB0_EnableInterrupt
                0x00000000        0xc build/default/production/mcc_generated_files/src/tcb0.o
 .text.TCB0_DisableInterrupt
                0x00000000        0xc build/default/production/mcc_generated_files/src/tcb0.o
 .text.TCB0_ClearInterruptFlag
                0x00000000        0xc build/default/production/mcc_generated_files/src/tcb0.o
 .text.TCB0_IsInterruptEnabled
                0x00000000        0xc build/default/production/mcc_generated_files/src/tcb0.o
 .text          0x00000000        0x0 build/default/production/mcc_generated_files/src/adc0.o
 .data          0x00000000        0x0 build/default/production/mcc_generated_files/src/adc0.o
 .bss           0x00000000        0x0 build/default/production/mcc_generated_files/src/adc0.o
 .text.ADC0_Enable
                0x00000000        0xc build/default/production/mcc_generated_files/src/adc0.o
 .text.ADC0_Disable
                0x00000000        0xc build/default/production/mcc_generated_files/src/adc0.o
 .text.ADC0_EnableAutoTrigger
                0x00000000        0xc build/default/production/mcc_generated_files/src/adc0.o
 .text.ADC0_DisableAutoTrigger
                0x00000000        0xc build/default/production/mcc_generated_files/src/adc0.o
 .text.ADC0_SetWindowHigh
                0x00000000        0xa build/default/production/mcc_generated_files/src/adc0.o
 .text.ADC0_SetWindowLow
                0x00000000        0xa build/default/production/mcc_generated_files/src/adc0.o
 .text.ADC0_SetWindowMode
                0x00000000        0x6 build/default/production/mcc_generated_files/src/adc0.o
 .text.ADC0_SetWindowChannel
                0x00000000        0x6 build/default/production/mcc_generated_files/src/adc0.o
 .text.ADC0_IsConversionDone
                0x00000000        0x8 build/default/production/mcc_generated_files/src/adc0.o
 .text.ADC0_GetConversionResult
                0x00000000        0xa build/default/production/mcc_generated_files/src/adc0.o
 .text.ADC0_GetWindowResult
                0x00000000       0x10 build/default/production/mcc_generated_files/src/adc0.o
 .text.ADC0_GetConversion
                0x00000000       0x22 build/default/production/mcc_generated_files/src/adc0.o
 .text.ADC0_GetResolution
                0x00000000       0x10 build/default/production/mcc_generated_files/src/adc0.o
 .text.ADC0_RegisterWindowCallback
                0x00000000        0xa build/default/production/mcc_generated_files/src/adc0.o
 .text          0x00000000        0x0 dist/default/production/__pa_temp_22776/nvmctrl.o
 .data          0x00000000        0x0 dist/default/production/__pa_temp_22776/nvmctrl.o
 .bss           0x00000000        0x0 dist/default/production/__pa_temp_22776/nvmctrl.o
 .text.FLASH_ReadEepromBlock
                0x00000000        0xc dist/default/production/__pa_temp_22776/nvmctrl.o
 .text.FLASH_WriteEepromBlock
                0x00000000       0x64 dist/default/production/__pa_temp_22776/nvmctrl.o
 .text.FLASH_IsEepromReady
                0x00000000        0xa dist/default/production/__pa_temp_22776/nvmctrl.o
 .text.FLASH_ReadFlashByte
                0x00000000        0x8 dist/default/production/__pa_temp_22776/nvmctrl.o
 .text.FLASH_WriteFlashByte
                0x00000000       0x26 dist/default/production/__pa_temp_22776/nvmctrl.o
 .text.FLASH_EraseFlashPage
                0x00000000       0x12 dist/default/production/__pa_temp_22776/nvmctrl.o
 .text.FLASH_WriteFlashPage
                0x00000000       0x1c dist/default/production/__pa_temp_22776/nvmctrl.o
 .text.FLASH_WriteFlashBlock
                0x00000000       0x8c dist/default/production/__pa_temp_22776/nvmctrl.o
 .text.FLASH_WriteFlashStream
                0x00000000       0x1e dist/default/production/__pa_temp_22776/nvmctrl.o
 .__pa__0       0x00000000        0xc dist/default/production/__pa_temp_22776/nvmctrl.o
 .text          0x00000000        0x0 build/default/production/mcc_generated_files/device_config.o
 .data          0x00000000        0x0 build/default/production/mcc_generated_files/device_config.o
 .bss           0x00000000        0x0 build/default/production/mcc_generated_files/device_config.o
 .text          0x00000000        0x0 build/default/production/mcc_generated_files/mcc.o
 .data          0x00000000        0x0 build/default/production/mcc_generated_files/mcc.o
 .bss           0x00000000        0x0 build/default/production/mcc_generated_files/mcc.o
 .text          0x00000000        0x0 build/default/production/main.o
 .data          0x00000000        0x0 build/default/production/main.o
 .bss           0x00000000        0x0 build/default/production/main.o
 .text          0x00000000        0x0 c:/program files (x86)/microchip/xc8/v2.10/avr/bin/../lib/gcc/avr/5.4.0/avrxmega3\libgcc.a(_udivmodhi4.o)
 .data          0x00000000        0x0 c:/program files (x86)/microchip/xc8/v2.10/avr/bin/../lib/gcc/avr/5.4.0/avrxmega3\libgcc.a(_udivmodhi4.o)
 .bss           0x00000000        0x0 c:/program files (x86)/microchip/xc8/v2.10/avr/bin/../lib/gcc/avr/5.4.0/avrxmega3\libgcc.a(_udivmodhi4.o)
 .text.libgcc.mul
                0x00000000        0x0 c:/program files (x86)/microchip/xc8/v2.10/avr/bin/../lib/gcc/avr/5.4.0/avrxmega3\libgcc.a(_udivmodhi4.o)
 .text.libgcc   0x00000000        0x0 c:/program files (x86)/microchip/xc8/v2.10/avr/bin/../lib/gcc/avr/5.4.0/avrxmega3\libgcc.a(_udivmodhi4.o)
 .text.libgcc.prologue
                0x00000000        0x0 c:/program files (x86)/microchip/xc8/v2.10/avr/bin/../lib/gcc/avr/5.4.0/avrxmega3\libgcc.a(_udivmodhi4.o)
 .text.libgcc.builtins
                0x00000000        0x0 c:/program files (x86)/microchip/xc8/v2.10/avr/bin/../lib/gcc/avr/5.4.0/avrxmega3\libgcc.a(_udivmodhi4.o)
 .text.libgcc.fmul
                0x00000000        0x0 c:/program files (x86)/microchip/xc8/v2.10/avr/bin/../lib/gcc/avr/5.4.0/avrxmega3\libgcc.a(_udivmodhi4.o)
 .text.libgcc.fixed
                0x00000000        0x0 c:/program files (x86)/microchip/xc8/v2.10/avr/bin/../lib/gcc/avr/5.4.0/avrxmega3\libgcc.a(_udivmodhi4.o)
 .text          0x00000000        0x0 c:/program files (x86)/microchip/xc8/v2.10/avr/bin/../lib/gcc/avr/5.4.0/avrxmega3\libgcc.a(_exit.o)
 .data          0x00000000        0x0 c:/program files (x86)/microchip/xc8/v2.10/avr/bin/../lib/gcc/avr/5.4.0/avrxmega3\libgcc.a(_exit.o)
 .bss           0x00000000        0x0 c:/program files (x86)/microchip/xc8/v2.10/avr/bin/../lib/gcc/avr/5.4.0/avrxmega3\libgcc.a(_exit.o)
 .text.libgcc.mul
                0x00000000        0x0 c:/program files (x86)/microchip/xc8/v2.10/avr/bin/../lib/gcc/avr/5.4.0/avrxmega3\libgcc.a(_exit.o)
 .text.libgcc.div
                0x00000000        0x0 c:/program files (x86)/microchip/xc8/v2.10/avr/bin/../lib/gcc/avr/5.4.0/avrxmega3\libgcc.a(_exit.o)
 .text.libgcc   0x00000000        0x0 c:/program files (x86)/microchip/xc8/v2.10/avr/bin/../lib/gcc/avr/5.4.0/avrxmega3\libgcc.a(_exit.o)
 .text.libgcc.prologue
                0x00000000        0x0 c:/program files (x86)/microchip/xc8/v2.10/avr/bin/../lib/gcc/avr/5.4.0/avrxmega3\libgcc.a(_exit.o)
 .text.libgcc.builtins
                0x00000000        0x0 c:/program files (x86)/microchip/xc8/v2.10/avr/bin/../lib/gcc/avr/5.4.0/avrxmega3\libgcc.a(_exit.o)
 .text.libgcc.fmul
                0x00000000        0x0 c:/program files (x86)/microchip/xc8/v2.10/avr/bin/../lib/gcc/avr/5.4.0/avrxmega3\libgcc.a(_exit.o)
 .text.libgcc.fixed
                0x00000000        0x0 c:/program files (x86)/microchip/xc8/v2.10/avr/bin/../lib/gcc/avr/5.4.0/avrxmega3\libgcc.a(_exit.o)
 .text          0x00000000        0x0 c:/program files (x86)/microchip/xc8/v2.10/avr/bin/../lib/gcc/avr/5.4.0/avrxmega3\libgcc.a(_tablejump2.o)
 .data          0x00000000        0x0 c:/program files (x86)/microchip/xc8/v2.10/avr/bin/../lib/gcc/avr/5.4.0/avrxmega3\libgcc.a(_tablejump2.o)
 .bss           0x00000000        0x0 c:/program files (x86)/microchip/xc8/v2.10/avr/bin/../lib/gcc/avr/5.4.0/avrxmega3\libgcc.a(_tablejump2.o)
 .text.libgcc.mul
                0x00000000        0x0 c:/program files (x86)/microchip/xc8/v2.10/avr/bin/../lib/gcc/avr/5.4.0/avrxmega3\libgcc.a(_tablejump2.o)
 .text.libgcc.div
                0x00000000        0x0 c:/program files (x86)/microchip/xc8/v2.10/avr/bin/../lib/gcc/avr/5.4.0/avrxmega3\libgcc.a(_tablejump2.o)
 .text.libgcc.prologue
                0x00000000        0x0 c:/program files (x86)/microchip/xc8/v2.10/avr/bin/../lib/gcc/avr/5.4.0/avrxmega3\libgcc.a(_tablejump2.o)
 .text.libgcc.builtins
                0x00000000        0x0 c:/program files (x86)/microchip/xc8/v2.10/avr/bin/../lib/gcc/avr/5.4.0/avrxmega3\libgcc.a(_tablejump2.o)
 .text.libgcc.fmul
                0x00000000        0x0 c:/program files (x86)/microchip/xc8/v2.10/avr/bin/../lib/gcc/avr/5.4.0/avrxmega3\libgcc.a(_tablejump2.o)
 .text.libgcc.fixed
                0x00000000        0x0 c:/program files (x86)/microchip/xc8/v2.10/avr/bin/../lib/gcc/avr/5.4.0/avrxmega3\libgcc.a(_tablejump2.o)
 .text          0x00000000        0x0 c:/program files (x86)/microchip/xc8/v2.10/avr/bin/../lib/gcc/avr/5.4.0/avrxmega3\libgcc.a(_copy_data.o)
 .data          0x00000000        0x0 c:/program files (x86)/microchip/xc8/v2.10/avr/bin/../lib/gcc/avr/5.4.0/avrxmega3\libgcc.a(_copy_data.o)
 .bss           0x00000000        0x0 c:/program files (x86)/microchip/xc8/v2.10/avr/bin/../lib/gcc/avr/5.4.0/avrxmega3\libgcc.a(_copy_data.o)
 .text.libgcc.mul
                0x00000000        0x0 c:/program files (x86)/microchip/xc8/v2.10/avr/bin/../lib/gcc/avr/5.4.0/avrxmega3\libgcc.a(_copy_data.o)
 .text.libgcc.div
                0x00000000        0x0 c:/program files (x86)/microchip/xc8/v2.10/avr/bin/../lib/gcc/avr/5.4.0/avrxmega3\libgcc.a(_copy_data.o)
 .text.libgcc   0x00000000        0x0 c:/program files (x86)/microchip/xc8/v2.10/avr/bin/../lib/gcc/avr/5.4.0/avrxmega3\libgcc.a(_copy_data.o)
 .text.libgcc.prologue
                0x00000000        0x0 c:/program files (x86)/microchip/xc8/v2.10/avr/bin/../lib/gcc/avr/5.4.0/avrxmega3\libgcc.a(_copy_data.o)
 .text.libgcc.builtins
                0x00000000        0x0 c:/program files (x86)/microchip/xc8/v2.10/avr/bin/../lib/gcc/avr/5.4.0/avrxmega3\libgcc.a(_copy_data.o)
 .text.libgcc.fmul
                0x00000000        0x0 c:/program files (x86)/microchip/xc8/v2.10/avr/bin/../lib/gcc/avr/5.4.0/avrxmega3\libgcc.a(_copy_data.o)
 .text.libgcc.fixed
                0x00000000        0x0 c:/program files (x86)/microchip/xc8/v2.10/avr/bin/../lib/gcc/avr/5.4.0/avrxmega3\libgcc.a(_copy_data.o)
 .text          0x00000000        0x0 c:/program files (x86)/microchip/xc8/v2.10/avr/bin/../lib/gcc/avr/5.4.0/../../../../avr/lib/avrxmega3\libc.a(memcpy.o)
 .data          0x00000000        0x0 c:/program files (x86)/microchip/xc8/v2.10/avr/bin/../lib/gcc/avr/5.4.0/../../../../avr/lib/avrxmega3\libc.a(memcpy.o)
 .bss           0x00000000        0x0 c:/program files (x86)/microchip/xc8/v2.10/avr/bin/../lib/gcc/avr/5.4.0/../../../../avr/lib/avrxmega3\libc.a(memcpy.o)
 .text.avrlibc  0x00000000       0x12 c:/program files (x86)/microchip/xc8/v2.10/avr/bin/../lib/gcc/avr/5.4.0/../../../../avr/lib/avrxmega3\libc.a(memcpy.o)

Memory Configuration

Name             Origin             Length             Attributes
text             0x00000000         0x00004000         xr
data             0x00803800         0x00000800         rw !x
eeprom           0x00810000         0x00000100         rw !x
fuse             0x00820000         0x00000009         rw !x
lock             0x00830000         0x00000400         rw !x
signature        0x00840000         0x00000400         rw !x
user_signatures  0x00850000         0x00000400         rw !x
*default*        0x00000000         0xffffffff

Linker script and memory map

Address of section .data set to 0x803800
                0x00008000                __RODATA_PM_OFFSET__ = 0x8000
LOAD C:/Program Files (x86)/Microchip/MPLABX/v5.30/packs/Microchip/ATtiny_DFP/2.0.10/gcc/dev/attiny1616/avrxmega3/crtattiny1616.o
                0x00000001                __MPLAB_BUILD = 0x1
LOAD build/default/production/mcc_generated_files/src/pin_manager.o
LOAD build/default/production/mcc_generated_files/src/cpuint.o
LOAD build/default/production/mcc_generated_files/src/tca0.o
LOAD build/default/production/mcc_generated_files/src/protected_io.o
LOAD build/default/production/mcc_generated_files/src/tcb0.o
LOAD build/default/production/mcc_generated_files/src/adc0.o
LOAD dist/default/production/__pa_temp_22776/nvmctrl.o
LOAD build/default/production/mcc_generated_files/device_config.o
LOAD build/default/production/mcc_generated_files/mcc.o
LOAD build/default/production/main.o
START GROUP
LOAD c:/program files (x86)/microchip/xc8/v2.10/avr/bin/../lib/gcc/avr/5.4.0/../../../../avr/lib/avrxmega3\libm.a
END GROUP
START GROUP
LOAD c:/program files (x86)/microchip/xc8/v2.10/avr/bin/../lib/gcc/avr/5.4.0/avrxmega3\libgcc.a
LOAD c:/program files (x86)/microchip/xc8/v2.10/avr/bin/../lib/gcc/avr/5.4.0/../../../../avr/lib/avrxmega3\libm.a
LOAD c:/program files (x86)/microchip/xc8/v2.10/avr/bin/../lib/gcc/avr/5.4.0/../../../../avr/lib/avrxmega3\libc.a
LOAD C:/Program Files (x86)/Microchip/MPLABX/v5.30/packs/Microchip/ATtiny_DFP/2.0.10/gcc/dev/attiny1616/avrxmega3\libattiny1616.a
END GROUP
                [0x00000000]                __TEXT_REGION_ORIGIN__ = DEFINED (__TEXT_REGION_ORIGIN__)?__TEXT_REGION_ORIGIN__:0x0
                [0x00803800]                __DATA_REGION_ORIGIN__ = DEFINED (__DATA_REGION_ORIGIN__)?__DATA_REGION_ORIGIN__:0x802000
                [0x00004000]                __TEXT_REGION_LENGTH__ = DEFINED (__TEXT_REGION_LENGTH__)?__TEXT_REGION_LENGTH__:0x100000
                [0x00000800]                __DATA_REGION_LENGTH__ = DEFINED (__DATA_REGION_LENGTH__)?__DATA_REGION_LENGTH__:0xffa0
                [0x00000100]                __EEPROM_REGION_LENGTH__ = DEFINED (__EEPROM_REGION_LENGTH__)?__EEPROM_REGION_LENGTH__:0x10000
                [0x00000009]                __FUSE_REGION_LENGTH__ = DEFINED (__FUSE_REGION_LENGTH__)?__FUSE_REGION_LENGTH__:0x400
                0x00000400                __LOCK_REGION_LENGTH__ = DEFINED (__LOCK_REGION_LENGTH__)?__LOCK_REGION_LENGTH__:0x400
                0x00000400                __SIGNATURE_REGION_LENGTH__ = DEFINED (__SIGNATURE_REGION_LENGTH__)?__SIGNATURE_REGION_LENGTH__:0x400
                0x00000400                __USER_SIGNATURE_REGION_LENGTH__ = DEFINED (__USER_SIGNATURE_REGION_LENGTH__)?__USER_SIGNATURE_REGION_LENGTH__:0x400
                0x00008000                __RODATA_PM_OFFSET__ = DEFINED (__RODATA_PM_OFFSET__)?__RODATA_PM_OFFSET__:0x8000

.hash
 *(.hash)

.dynsym
 *(.dynsym)

.dynstr
 *(.dynstr)

.gnu.version
 *(.gnu.version)

.gnu.version_d
 *(.gnu.version_d)

.gnu.version_r
 *(.gnu.version_r)

.rel.init
 *(.rel.init)

.rela.init
 *(.rela.init)

.rel.text
 *(.rel.text)
 *(.rel.text.*)
 *(.rel.gnu.linkonce.t*)

.rela.text
 *(.rela.text)
 *(.rela.text.*)
 *(.rela.gnu.linkonce.t*)

.rel.fini
 *(.rel.fini)

.rela.fini
 *(.rela.fini)

.rel.rodata
 *(.rel.rodata)
 *(.rel.rodata.*)
 *(.rel.gnu.linkonce.r*)

.rela.rodata
 *(.rela.rodata)
 *(.rela.rodata.*)
 *(.rela.gnu.linkonce.r*)

.rel.data
 *(.rel.data)
 *(.rel.data.*)
 *(.rel.gnu.linkonce.d*)

.rela.data
 *(.rela.data)
 *(.rela.data.*)
 *(.rela.gnu.linkonce.d*)

.rel.ctors
 *(.rel.ctors)

.rela.ctors
 *(.rela.ctors)

.rel.dtors
 *(.rel.dtors)

.rela.dtors
 *(.rela.dtors)

.rel.got
 *(.rel.got)

.rela.got
 *(.rela.got)

.rel.bss
 *(.rel.bss)

.rela.bss
 *(.rela.bss)

.rel.plt
 *(.rel.plt)

.rela.plt
 *(.rela.plt)

.text           0x00000000      0x168
 *(.vectors)
 .vectors       0x00000000       0x7c C:/Program Files (x86)/Microchip/MPLABX/v5.30/packs/Microchip/ATtiny_DFP/2.0.10/gcc/dev/attiny1616/avrxmega3/crtattiny1616.o
                0x00000000                __vector_default
                0x00000000                __vectors
 *(.vectors)
 *(.progmem.gcc*)
 .progmem.gcc_sw_table.__vector_13
                0x0000007c       0x28 build/default/production/mcc_generated_files/src/tcb0.o
 *(.dinit)
 .dinit         0x000000a4       0x70 data_init
                0x00000114                . = ALIGN (0x2)
                0x00000114                __trampolines_start = .
 *(.trampolines)
 .trampolines   0x00000114        0x0 linker stubs
 *(.trampolines*)
                0x00000114                __trampolines_end = .
 *libprintf_flt.a:*(.progmem.data)
 *libc.a:*(.progmem.data)
                0x00000114                . = ALIGN (0x2)
 *(.jumptables)
 *(.jumptables*)
 *(.lowtext)
 *(.lowtext*)
                0x00000114                __ctors_start = .
 *(.ctors)
                0x00000114                __ctors_end = .
                0x00000114                __dtors_start = .
 *(.dtors)
                0x00000114                __dtors_end = .
 SORT(*)(.ctors)
 SORT(*)(.dtors)
 *(.init0)
 .init0         0x00000114        0x0 C:/Program Files (x86)/Microchip/MPLABX/v5.30/packs/Microchip/ATtiny_DFP/2.0.10/gcc/dev/attiny1616/avrxmega3/crtattiny1616.o
                0x00000114                __init
 *(.init0)
 *(.init1)
 *(.init1)
 *(.init2)
 .init2         0x00000114        0xc C:/Program Files (x86)/Microchip/MPLABX/v5.30/packs/Microchip/ATtiny_DFP/2.0.10/gcc/dev/attiny1616/avrxmega3/crtattiny1616.o
 *(.init2)
 *(.init3)
 *(.init3)
 *(.init4)
 .init4         0x00000120       0x3c c:/program files (x86)/microchip/xc8/v2.10/avr/bin/../lib/gcc/avr/5.4.0/avrxmega3\libgcc.a(_copy_data.o)
                0x00000120                __do_copy_data
                0x0000014e                __do_clear_bss
 *(.init4)
 *(.init5)
 *(.init5)
 *(.init6)
 *(.init6)
 *(.init7)
 *(.init7)
 *(.init8)
 *(.init8)
 *(.init9)
 .init9         0x0000015c        0x8 C:/Program Files (x86)/Microchip/MPLABX/v5.30/packs/Microchip/ATtiny_DFP/2.0.10/gcc/dev/attiny1616/avrxmega3/crtattiny1616.o
 *(.init9)
                0x00000164                . = ALIGN (0x2)
 *(.fini9)
 .fini9         0x00000164        0x0 c:/program files (x86)/microchip/xc8/v2.10/avr/bin/../lib/gcc/avr/5.4.0/avrxmega3\libgcc.a(_exit.o)
                0x00000164                _exit
                0x00000164                exit
 *(.fini9)
 *(.fini8)
 *(.fini8)
 *(.fini7)
 *(.fini7)
 *(.fini6)
 *(.fini6)
 *(.fini5)
 *(.fini5)
 *(.fini4)
 *(.fini4)
 *(.fini3)
 *(.fini3)
 *(.fini2)
 *(.fini2)
 *(.fini1)
 *(.fini1)
 *(.fini0)
 .fini0         0x00000164        0x4 c:/program files (x86)/microchip/xc8/v2.10/avr/bin/../lib/gcc/avr/5.4.0/avrxmega3\libgcc.a(_exit.o)
 *(.fini0)
                0x00000168                _etext = .

.rodata
 *(.rodata)
 *(.rodata*)
 *(.gnu.linkonce.r*)

.data           0x00803800        0x0 load address 0x00000168
                [!provide]                PROVIDE (__data_start, .)
 *(.gnu.linkonce.d*)
                0x00803800                . = ALIGN (0x2)
                0x00803800                _edata = .
                [!provide]                PROVIDE (__data_end, .)

.bss            0x00803800       0x30
                [!provide]                PROVIDE (__bss_start, .)
 *(COMMON)
 COMMON         0x00803800       0x30 build/default/production/mcc_generated_files/src/pin_manager.o
                0x00803800                LED_STATE
                0x00803801                PWM_CONTROL
                0x00803802                SYSTEM_STATE
                0x00803803                SW_Struct_t
                0x00803819                LED_Struct_t
                0x0080381d                System_State_Struc_t
                0x0080382f                SYSTEM_SUB_STATE
                [!provide]                PROVIDE (__bss_end, .)
                0x00000168                __data_load_start = LOADADDR (.data)
                0x00000168                __data_load_end = (__data_load_start + SIZEOF (.data))

.noinit         0x00803830        0x0
                [!provide]                PROVIDE (__noinit_start, .)
 *(.noinit*)
                [!provide]                PROVIDE (__noinit_end, .)
                0x00803830                _end = .

.eeprom         0x00810000        0x0
 *(.eeprom*)
                0x00810000                __eeprom_end = .

.fuse           0x00820000        0x9
 *(.fuse)
 .fuse          0x00820000        0x9 build/default/production/mcc_generated_files/device_config.o
                0x00820000                __fuse
 *(.lfuse)
 *(.hfuse)
 *(.efuse)

.lock
 *(.lock*)

.signature
 *(.signature*)

.user_signatures
 *(.user_signatures*)

.stab
 *(.stab)

.stabstr
 *(.stabstr)

.stab.excl
 *(.stab.excl)

.stab.exclstr
 *(.stab.exclstr)

.stab.index
 *(.stab.index)

.stab.indexstr
 *(.stab.indexstr)

.comment        0x00000000       0x2f
 *(.comment)
 .comment       0x00000000       0x2f build/default/production/mcc_generated_files/src/pin_manager.o
                                 0x30 (size before relaxing)
 .comment       0x0000002f       0x30 build/default/production/mcc_generated_files/src/cpuint.o
 .comment       0x0000002f       0x30 build/default/production/mcc_generated_files/src/tca0.o
 .comment       0x0000002f       0x30 build/default/production/mcc_generated_files/src/tcb0.o
 .comment       0x0000002f       0x30 build/default/production/mcc_generated_files/src/adc0.o
 .comment       0x0000002f       0x30 dist/default/production/__pa_temp_22776/nvmctrl.o
 .comment       0x0000002f       0x30 build/default/production/mcc_generated_files/device_config.o
 .comment       0x0000002f       0x30 build/default/production/mcc_generated_files/mcc.o
 .comment       0x0000002f       0x30 build/default/production/main.o

.note.gnu.build-id
 *(.note.gnu.build-id)

.debug
 *(.debug)

.line
 *(.line)

.debug_srcinfo
 *(.debug_srcinfo)

.debug_sfnames
 *(.debug_sfnames)

.debug_aranges  0x00000000      0x370
 *(.debug_aranges)
 .debug_aranges
                0x00000000       0x80 build/default/production/mcc_generated_files/src/pin_manager.o
 .debug_aranges
                0x00000080       0x20 build/default/production/mcc_generated_files/src/cpuint.o
 .debug_aranges
                0x000000a0       0x98 build/default/production/mcc_generated_files/src/tca0.o
 .debug_aranges
                0x00000138       0x20 build/default/production/mcc_generated_files/src/protected_io.o
 .debug_aranges
                0x00000158       0x60 build/default/production/mcc_generated_files/src/tcb0.o
 .debug_aranges
                0x000001b8       0xa8 build/default/production/mcc_generated_files/src/adc0.o
 .debug_aranges
                0x00000260       0x88 dist/default/production/__pa_temp_22776/nvmctrl.o
 .debug_aranges
                0x000002e8       0x18 build/default/production/mcc_generated_files/device_config.o
 .debug_aranges
                0x00000300       0x50 build/default/production/mcc_generated_files/mcc.o
 .debug_aranges
                0x00000350       0x20 build/default/production/main.o

.debug_pubnames
 *(.debug_pubnames)

.debug_info     0x00000000     0xa032
 *(.debug_info .gnu.linkonce.wi.*)
 .debug_info    0x00000000     0x19ed C:/Program Files (x86)/Microchip/MPLABX/v5.30/packs/Microchip/ATtiny_DFP/2.0.10/gcc/dev/attiny1616/avrxmega3/crtattiny1616.o
 .debug_info    0x000019ed     0x12ec build/default/production/mcc_generated_files/src/pin_manager.o
 .debug_info    0x00002cd9      0x3c1 build/default/production/mcc_generated_files/src/cpuint.o
 .debug_info    0x0000309a      0xfbf build/default/production/mcc_generated_files/src/tca0.o
 .debug_info    0x00004059       0x7c build/default/production/mcc_generated_files/src/protected_io.o
 .debug_info    0x000040d5     0x1938 build/default/production/mcc_generated_files/src/tcb0.o
 .debug_info    0x00005a0d     0x11c9 build/default/production/mcc_generated_files/src/adc0.o
 .debug_info    0x00006bd6      0xbd3 dist/default/production/__pa_temp_22776/nvmctrl.o
 .debug_info    0x000077a9      0x842 build/default/production/mcc_generated_files/device_config.o
 .debug_info    0x00007feb     0x1105 build/default/production/mcc_generated_files/mcc.o
 .debug_info    0x000090f0      0xf42 build/default/production/main.o

.debug_abbrev   0x00000000     0x27b2
 *(.debug_abbrev)
 .debug_abbrev  0x00000000     0x1888 C:/Program Files (x86)/Microchip/MPLABX/v5.30/packs/Microchip/ATtiny_DFP/2.0.10/gcc/dev/attiny1616/avrxmega3/crtattiny1616.o
 .debug_abbrev  0x00001888      0x1e8 build/default/production/mcc_generated_files/src/pin_manager.o
 .debug_abbrev  0x00001a70       0xfa build/default/production/mcc_generated_files/src/cpuint.o
 .debug_abbrev  0x00001b6a      0x1ad build/default/production/mcc_generated_files/src/tca0.o
 .debug_abbrev  0x00001d17       0x14 build/default/production/mcc_generated_files/src/protected_io.o
 .debug_abbrev  0x00001d2b      0x218 build/default/production/mcc_generated_files/src/tcb0.o
 .debug_abbrev  0x00001f43      0x23a build/default/production/mcc_generated_files/src/adc0.o
 .debug_abbrev  0x0000217d      0x25e dist/default/production/__pa_temp_22776/nvmctrl.o
 .debug_abbrev  0x000023db       0x85 build/default/production/mcc_generated_files/device_config.o
 .debug_abbrev  0x00002460      0x1a0 build/default/production/mcc_generated_files/mcc.o
 .debug_abbrev  0x00002600      0x1b2 build/default/production/main.o

.debug_line     0x00000000     0x1ff4
 *(.debug_line .debug_line.* .debug_line_end)
 .debug_line    0x00000000      0x151 C:/Program Files (x86)/Microchip/MPLABX/v5.30/packs/Microchip/ATtiny_DFP/2.0.10/gcc/dev/attiny1616/avrxmega3/crtattiny1616.o
 .debug_line    0x00000151      0x3c0 build/default/production/mcc_generated_files/src/pin_manager.o
 .debug_line    0x00000511      0x18d build/default/production/mcc_generated_files/src/cpuint.o
 .debug_line    0x0000069e      0x341 build/default/production/mcc_generated_files/src/tca0.o
 .debug_line    0x000009df       0x66 build/default/production/mcc_generated_files/src/protected_io.o
 .debug_line    0x00000a45      0x5b1 build/default/production/mcc_generated_files/src/tcb0.o
 .debug_line    0x00000ff6      0x39d build/default/production/mcc_generated_files/src/adc0.o
 .debug_line    0x00001393      0x478 dist/default/production/__pa_temp_22776/nvmctrl.o
 .debug_line    0x0000180b       0xf2 build/default/production/mcc_generated_files/device_config.o
 .debug_line    0x000018fd      0x2be build/default/production/mcc_generated_files/mcc.o
 .debug_line    0x00001bbb      0x439 build/default/production/main.o

.debug_frame    0x00000000      0x8c0
 *(.debug_frame)
 .debug_frame   0x00000000      0x198 build/default/production/mcc_generated_files/src/pin_manager.o
 .debug_frame   0x00000198       0x24 build/default/production/mcc_generated_files/src/cpuint.o
 .debug_frame   0x000001bc      0x264 build/default/production/mcc_generated_files/src/tca0.o
 .debug_frame   0x00000420       0xec build/default/production/mcc_generated_files/src/tcb0.o
 .debug_frame   0x0000050c      0x1a0 build/default/production/mcc_generated_files/src/adc0.o
 .debug_frame   0x000006ac      0x15c dist/default/production/__pa_temp_22776/nvmctrl.o
 .debug_frame   0x00000808       0x94 build/default/production/mcc_generated_files/mcc.o
 .debug_frame   0x0000089c       0x24 build/default/production/main.o

.debug_str      0x00000000     0x10f2
 *(.debug_str)
 .debug_str     0x00000000      0xacf C:/Program Files (x86)/Microchip/MPLABX/v5.30/packs/Microchip/ATtiny_DFP/2.0.10/gcc/dev/attiny1616/avrxmega3/crtattiny1616.o
 .debug_str     0x00000acf       0x6e build/default/production/mcc_generated_files/src/pin_manager.o
 .debug_str     0x00000b3d       0x13 build/default/production/mcc_generated_files/src/cpuint.o
 .debug_str     0x00000b50      0x1e9 build/default/production/mcc_generated_files/src/tca0.o
 .debug_str     0x00000d39      0x21c build/default/production/mcc_generated_files/src/tcb0.o
 .debug_str     0x00000f55        0x8 build/default/production/mcc_generated_files/src/adc0.o
 .debug_str     0x00000f5d       0x43 dist/default/production/__pa_temp_22776/nvmctrl.o
 .debug_str     0x00000fa0        0x0 build/default/production/mcc_generated_files/device_config.o
 .debug_str     0x00000fa0       0xed build/default/production/mcc_generated_files/mcc.o
 .debug_str     0x0000108d       0x65 build/default/production/main.o

.debug_loc      0x00000000      0x918
 *(.debug_loc)
 .debug_loc     0x00000000       0x36 build/default/production/mcc_generated_files/src/pin_manager.o
 .debug_loc     0x00000036       0x2a build/default/production/mcc_generated_files/src/cpuint.o
 .debug_loc     0x00000060       0xa4 build/default/production/mcc_generated_files/src/adc0.o
 .debug_loc     0x00000104      0x770 dist/default/production/__pa_temp_22776/nvmctrl.o
 .debug_loc     0x00000874       0x52 build/default/production/mcc_generated_files/mcc.o
 .debug_loc     0x000008c6       0x52 build/default/production/main.o

.debug_macinfo
 *(.debug_macinfo)

.debug_weaknames
 *(.debug_weaknames)

.debug_funcnames
 *(.debug_funcnames)

.debug_typenames
 *(.debug_typenames)

.debug_varnames
 *(.debug_varnames)

.debug_pubtypes
 *(.debug_pubtypes)

.debug_ranges   0x00000000      0x2b8
 *(.debug_ranges)
 .debug_ranges  0x00000000       0x70 build/default/production/mcc_generated_files/src/pin_manager.o
 .debug_ranges  0x00000070       0x10 build/default/production/mcc_generated_files/src/cpuint.o
 .debug_ranges  0x00000080       0x88 build/default/production/mcc_generated_files/src/tca0.o
 .debug_ranges  0x00000108       0x50 build/default/production/mcc_generated_files/src/tcb0.o
 .debug_ranges  0x00000158       0x98 build/default/production/mcc_generated_files/src/adc0.o
 .debug_ranges  0x000001f0       0x78 dist/default/production/__pa_temp_22776/nvmctrl.o
 .debug_ranges  0x00000268       0x40 build/default/production/mcc_generated_files/mcc.o
 .debug_ranges  0x000002a8       0x10 build/default/production/main.o

.debug_macro
 *(.debug_macro)
OUTPUT(dist/default/production/EMOTIONAL.X.production.elf elf32-avr)
LOAD linker stubs
LOAD data_init

.note.gnu.avr.deviceinfo
                0x00000000       0x40
 .note.gnu.avr.deviceinfo
                0x00000000       0x40 C:/Program Files (x86)/Microchip/MPLABX/v5.30/packs/Microchip/ATtiny_DFP/2.0.10/gcc/dev/attiny1616/avrxmega3/crtattiny1616.o

.bss.PORTC_IO_PC1_InterruptHandler
                0x00803830        0x2
 .bss.PORTC_IO_PC1_InterruptHandler
                0x00803830        0x2 build/default/production/mcc_generated_files/src/pin_manager.o

.bss.PORTC_SW_MODE_InterruptHandler
                0x00803832        0x2
 .bss.PORTC_SW_MODE_InterruptHandler
                0x00803832        0x2 build/default/production/mcc_generated_files/src/pin_manager.o

.bss.PORTC_IO_PC0_InterruptHandler
                0x00803834        0x2
 .bss.PORTC_IO_PC0_InterruptHandler
                0x00803834        0x2 build/default/production/mcc_generated_files/src/pin_manager.o

.bss.PORTC_SW_POWER_InterruptHandler
                0x00803836        0x2
 .bss.PORTC_SW_POWER_InterruptHandler
                0x00803836        0x2 build/default/production/mcc_generated_files/src/pin_manager.o

.bss.TCB0_CAPT_isr_cb
                0x00803840        0x2
 .bss.TCB0_CAPT_isr_cb
                0x00803840        0x2 build/default/production/mcc_generated_files/src/tcb0.o
                0x00803840                TCB0_CAPT_isr_cb

.bss.u8Cnt      0x00803852        0x1
 .bss.u8Cnt     0x00803852        0x1 build/default/production/mcc_generated_files/src/tcb0.o
                0x00803852                u8Cnt

.bss.u16PwmMode
                0x00803842        0x2
 .bss.u16PwmMode
                0x00803842        0x2 build/default/production/mcc_generated_files/src/tcb0.o
                0x00803842                u16PwmMode

.bss.u16PwmDutyStep
                0x00803848        0x2
 .bss.u16PwmDutyStep
                0x00803848        0x2 build/default/production/mcc_generated_files/src/tcb0.o
                0x00803848                u16PwmDutyStep

.bss.u16PwmDutyTemp
                0x0080384a        0x2
 .bss.u16PwmDutyTemp
                0x0080384a        0x2 build/default/production/mcc_generated_files/src/tcb0.o
                0x0080384a                u16PwmDutyTemp

.bss.i16Cnt     0x0080384c        0x2
 .bss.i16Cnt    0x0080384c        0x2 build/default/production/mcc_generated_files/src/tcb0.o
                0x0080384c                i16Cnt

.bss.ADC0_window_cb
                0x0080384e        0x2
 .bss.ADC0_window_cb
                0x0080384e        0x2 build/default/production/mcc_generated_files/src/adc0.o
                0x0080384e                ADC0_window_cb

.bss.u8Temp     0x00803853        0x1
 .bss.u8Temp    0x00803853        0x1 build/default/production/main.o
                0x00803853                u8Temp

.bss.i16Temp    0x00803850        0x2
 .bss.i16Temp   0x00803850        0x2 build/default/production/main.o
                0x00803850                i16Temp

.text.__vector_13
                0x00000168      0x594
 .text.__vector_13
                0x00000168      0x594 build/default/production/mcc_generated_files/src/tcb0.o
                0x00000168                __vector_13

.text.startup.main
                0x000006fc      0x35e
 .text.startup.main
                0x000006fc      0x35e build/default/production/main.o
                0x000006fc                main

.text.PIN_MANAGER_Initialize
                0x00000a5a       0xbc
 .text.PIN_MANAGER_Initialize
                0x00000a5a       0xbc build/default/production/mcc_generated_files/src/pin_manager.o
                0x00000a5a                PIN_MANAGER_Initialize

.text.__vector_5
                0x00000b16       0x80
 .text.__vector_5
                0x00000b16       0x80 build/default/production/mcc_generated_files/src/pin_manager.o
                0x00000b16                __vector_5

.text.__vector_10
                0x00000b96       0x58
 .text.__vector_10
                0x00000b96       0x58 build/default/production/mcc_generated_files/src/tca0.o
                0x00000b96                __vector_10

.text.__vector_11
                0x00000bee       0x58
 .text.__vector_11
                0x00000bee       0x58 build/default/production/mcc_generated_files/src/tca0.o
                0x00000bee                __vector_11

.text.__vector_12
                0x00000c46       0x58
 .text.__vector_12
                0x00000c46       0x58 build/default/production/mcc_generated_files/src/tca0.o
                0x00000c46                __vector_12

.text.__vector_8
                0x00000c9e       0x58
 .text.__vector_8
                0x00000c9e       0x58 build/default/production/mcc_generated_files/src/tca0.o
                0x00000c9e                __vector_8

.text.__vector_21
                0x00000cf6       0x58
 .text.__vector_21
                0x00000cf6       0x58 build/default/production/mcc_generated_files/src/adc0.o
                0x00000cf6                __vector_21

.text.TCA0_Initialize
                0x00000d4e       0x40
 .text.TCA0_Initialize
                0x00000d4e       0x40 build/default/production/mcc_generated_files/src/tca0.o
                0x00000d4e                TCA0_Initialize

.text.CLKCTRL_Initialize
                0x00000d8e       0x40
 .text.CLKCTRL_Initialize
                0x00000d8e       0x40 build/default/production/mcc_generated_files/mcc.o
                0x00000d8e                CLKCTRL_Initialize

.text.__vector_20
                0x00000dce       0x3e
 .text.__vector_20
                0x00000dce       0x3e build/default/production/mcc_generated_files/src/adc0.o
                0x00000dce                __vector_20

.text.PORT_Initialize
                0x00000e0c       0x38
 .text.PORT_Initialize
                0x00000e0c       0x38 build/default/production/mcc_generated_files/src/pin_manager.o
                0x00000e0c                PORT_Initialize

.text.ADC0_Initialize
                0x00000e44       0x2e
 .text.ADC0_Initialize
                0x00000e44       0x2e build/default/production/mcc_generated_files/src/adc0.o
                0x00000e44                ADC0_Initialize

.text.FLASH_WriteEepromByte
                0x00000e72       0x2c
 .text.FLASH_WriteEepromByte
                0x00000e72       0x2c dist/default/production/__pa_temp_22776/nvmctrl.o
                0x00000e72                FLASH_WriteEepromByte

.text.SYSTEM_Initialize
                0x00000e9e       0x28
 .text.SYSTEM_Initialize
                0x00000e9e       0x28 build/default/production/mcc_generated_files/mcc.o
                0x00000e9e                SYSTEM_Initialize

.text.libgcc.div
                0x00000ec6       0x28
 .text.libgcc.div
                0x00000ec6       0x28 c:/program files (x86)/microchip/xc8/v2.10/avr/bin/../lib/gcc/avr/5.4.0/avrxmega3\libgcc.a(_udivmodhi4.o)
                0x00000ec6                __udivmodhi4

.text.TCB0_Initialize
                0x00000eee       0x24
 .text.TCB0_Initialize
                0x00000eee       0x24 build/default/production/mcc_generated_files/src/tcb0.o
                0x00000eee                TCB0_Initialize

.text.__vector_30
                0x00000f12       0x1e
 .text.__vector_30
                0x00000f12       0x1e dist/default/production/__pa_temp_22776/nvmctrl.o
                0x00000f12                __vector_30

.text.__vector_2
                0x00000f30       0x1e
 .text.__vector_2
                0x00000f30       0x1e build/default/production/mcc_generated_files/mcc.o
                0x00000f30                __vector_2

.text.CPUINT_Initialize
                0x00000f4e       0x1a
 .text.CPUINT_Initialize
                0x00000f4e       0x1a build/default/production/mcc_generated_files/src/cpuint.o
                0x00000f4e                CPUINT_Initialize

.text.BOD_Initialize
                0x00000f68       0x16
 .text.BOD_Initialize
                0x00000f68       0x16 build/default/production/mcc_generated_files/mcc.o
                0x00000f68                BOD_Initialize

.text.SLPCTRL_Initialize
                0x00000f7e        0xe
 .text.SLPCTRL_Initialize
                0x00000f7e        0xe build/default/production/mcc_generated_files/mcc.o
                0x00000f7e                SLPCTRL_Initialize

.text.WDT_Initialize
                0x00000f8c        0xe
 .text.WDT_Initialize
                0x00000f8c        0xe build/default/production/mcc_generated_files/mcc.o
                0x00000f8c                WDT_Initialize

.text.ADC0_StartConversion
                0x00000f9a        0xc
 .text.ADC0_StartConversion
                0x00000f9a        0xc build/default/production/mcc_generated_files/src/adc0.o
                0x00000f9a                ADC0_StartConversion

.text.ccp_write_spm.constprop.0
                0x00000fa6        0xc
 .text.ccp_write_spm.constprop.0
                0x00000fa6        0xc dist/default/production/__pa_temp_22776/nvmctrl.o

.text.FLASH_Initialize
                0x00000fb2        0xc
 .text.FLASH_Initialize
                0x00000fb2        0xc dist/default/production/__pa_temp_22776/nvmctrl.o
                0x00000fb2                FLASH_Initialize

.text.libgcc    0x00000fbe        0xc
 .text.libgcc   0x00000fbe        0xc c:/program files (x86)/microchip/xc8/v2.10/avr/bin/../lib/gcc/avr/5.4.0/avrxmega3\libgcc.a(_tablejump2.o)
                0x00000fbe                __tablejump2__

.text.PORTC_SW_POWER_DefaultInterruptHandler
                0x00000fca        0xa
 .text.PORTC_SW_POWER_DefaultInterruptHandler
                0x00000fca        0xa build/default/production/mcc_generated_files/src/pin_manager.o
                0x00000fca                PORTC_SW_POWER_DefaultInterruptHandler

.text.protected_write_io
                0x00000fd4        0x8
 .text.protected_write_io
                0x00000fd4        0x8 build/default/production/mcc_generated_files/src/protected_io.o
                0x00000fd4                protected_write_io

.text.FLASH_ReadEepromByte
                0x00000fdc        0x8
 .text.FLASH_ReadEepromByte
                0x00000fdc        0x8 dist/default/production/__pa_temp_22776/nvmctrl.o
                0x00000fdc                FLASH_ReadEepromByte

.text.ccp_write_io
                0x00000fe4        0x8
 .text.ccp_write_io
                0x00000fe4        0x8 build/default/production/mcc_generated_files/mcc.o

.text           0x00000fec        0x4
 .text          0x00000fec        0x4 C:/Program Files (x86)/Microchip/MPLABX/v5.30/packs/Microchip/ATtiny_DFP/2.0.10/gcc/dev/attiny1616/avrxmega3/crtattiny1616.o
                0x00000fec                __vector_22
                0x00000fec                __vector_28
                0x00000fec                __vector_1
                0x00000fec                __vector_24
                0x00000fec                __bad_interrupt
                0x00000fec                __vector_6
                0x00000fec                __vector_3
                0x00000fec                __vector_23
                0x00000fec                __vector_25
                0x00000fec                __vector_17
                0x00000fec                __vector_19
                0x00000fec                __vector_7
                0x00000fec                __vector_27
                0x00000fec                __vector_4
                0x00000fec                __vector_9
                0x00000fec                __vector_15
                0x00000fec                __vector_29
                0x00000fec                __vector_26
                0x00000fec                __vector_14
                0x00000fec                __vector_16
                0x00000fec                __vector_18

.text.PORTC_IO_PC1_DefaultInterruptHandler
                0x00000ff0        0x2
 .text.PORTC_IO_PC1_DefaultInterruptHandler
                0x00000ff0        0x2 build/default/production/mcc_generated_files/src/pin_manager.o
                0x00000ff0                PORTC_IO_PC1_DefaultInterruptHandler

.text.PORTC_IO_PC0_DefaultInterruptHandler
                0x00000ff2        0x2
 .text.PORTC_IO_PC0_DefaultInterruptHandler
                0x00000ff2        0x2 build/default/production/mcc_generated_files/src/pin_manager.o
                0x00000ff2                PORTC_IO_PC0_DefaultInterruptHandler

.text.PORTC_SW_MODE_DefaultInterruptHandler
                0x00000ff4        0x2
 .text.PORTC_SW_MODE_DefaultInterruptHandler
                0x00000ff4        0x2 build/default/production/mcc_generated_files/src/pin_manager.o
                0x00000ff4                PORTC_SW_MODE_DefaultInterruptHandler

.text.TCA0_DefaultOVFIsrCallback
                0x00000ff6        0x2
 .text.TCA0_DefaultOVFIsrCallback
                0x00000ff6        0x2 build/default/production/mcc_generated_files/src/tca0.o
                0x00000ff6                TCA0_DefaultOVFIsrCallback

.text.TCA0_DefaultCMP2IsrCallback
                0x00000ff8        0x2
 .text.TCA0_DefaultCMP2IsrCallback
                0x00000ff8        0x2 build/default/production/mcc_generated_files/src/tca0.o
                0x00000ff8                TCA0_DefaultCMP2IsrCallback

.text.TCA0_DefaultCMP0IsrCallback
                0x00000ffa        0x2
 .text.TCA0_DefaultCMP0IsrCallback
                0x00000ffa        0x2 build/default/production/mcc_generated_files/src/tca0.o
                0x00000ffa                TCA0_DefaultCMP0IsrCallback

.text.TCA0_DefaultCMP1IsrCallback
                0x00000ffc        0x2
 .text.TCA0_DefaultCMP1IsrCallback
                0x00000ffc        0x2 build/default/production/mcc_generated_files/src/tca0.o
                0x00000ffc                TCA0_DefaultCMP1IsrCallback

.data.TCA0_OVF_isr_cb
                0x00803838        0x2 load address 0x00000ffe
 .data.TCA0_OVF_isr_cb
                0x00803838        0x2 build/default/production/mcc_generated_files/src/tca0.o
                0x00803838                TCA0_OVF_isr_cb

.data.TCA0_CMP2_isr_cb
                0x0080383a        0x2 load address 0x00001000
 .data.TCA0_CMP2_isr_cb
                0x0080383a        0x2 build/default/production/mcc_generated_files/src/tca0.o
                0x0080383a                TCA0_CMP2_isr_cb

.data.TCA0_CMP1_isr_cb
                0x0080383c        0x2 load address 0x00001002
 .data.TCA0_CMP1_isr_cb
                0x0080383c        0x2 build/default/production/mcc_generated_files/src/tca0.o
                0x0080383c                TCA0_CMP1_isr_cb

.data.TCA0_CMP0_isr_cb
                0x0080383e        0x2 load address 0x00001004
 .data.TCA0_CMP0_isr_cb
                0x0080383e        0x2 build/default/production/mcc_generated_files/src/tca0.o
                0x0080383e                TCA0_CMP0_isr_cb

.data.u16PwmState
                0x00803844        0x2 load address 0x00001006
 .data.u16PwmState
                0x00803844        0x2 build/default/production/mcc_generated_files/src/tcb0.o
                0x00803844                u16PwmState

.data.u16PwmDutyTarget
                0x00803846        0x2 load address 0x00001008
 .data.u16PwmDutyTarget
                0x00803846        0x2 build/default/production/mcc_generated_files/src/tcb0.o
                0x00803846                u16PwmDutyTarget
