Archive member included to satisfy reference by file (symbol)

c:/program files/microchip/xc8/v2.20/avr/bin/../lib/gcc/avr/5.4.0/avrxmega3\libgcc.a(_exit.o)
                              C:/Program Files/Microchip/xc8/v2.20/dfp/xc8/avr/lib/avrxmega3/crtattiny1616.o (exit)
c:/program files/microchip/xc8/v2.20/avr/bin/../lib/gcc/avr/5.4.0/avrxmega3\libgcc.a(_tablejump2.o)
                              build/default/production/mcc_generated_files/src/tcb0.o (__tablejump2__)
c:/program files/microchip/xc8/v2.20/avr/bin/../lib/gcc/avr/5.4.0/avrxmega3\libgcc.a(_copy_data.o)
                              build/default/production/mcc_generated_files/src/tcb0.o (__do_copy_data)
c:/program files/microchip/xc8/v2.20/avr/bin/../lib/gcc/avr/5.4.0/../../../../avr/lib/avrxmega3\libc.a(memcpy.o)
                              build/default/production/mcc_generated_files/src/nvmctrl.o (memcpy)

Allocating common symbols
Common symbol       size              file

LED_STATE           0x1               build/default/production/mcc_generated_files/src/pin_manager.o
PWM_CONTROL         0x1               build/default/production/mcc_generated_files/src/pin_manager.o
SYSTEM_STATE        0x1               build/default/production/mcc_generated_files/src/pin_manager.o
SW_Struct_t         0x1a              build/default/production/mcc_generated_files/src/pin_manager.o
LED_Struct_t        0x5               build/default/production/mcc_generated_files/src/pin_manager.o
System_State_Struc_t
                    0x13              build/default/production/mcc_generated_files/src/pin_manager.o
SYSTEM_SUB_STATE    0x1               build/default/production/mcc_generated_files/src/pin_manager.o

Discarded input sections

 .data          0x0000000000000000        0x0 C:/Program Files/Microchip/xc8/v2.20/dfp/xc8/avr/lib/avrxmega3/crtattiny1616.o
 .bss           0x0000000000000000        0x0 C:/Program Files/Microchip/xc8/v2.20/dfp/xc8/avr/lib/avrxmega3/crtattiny1616.o
 .text          0x0000000000000000        0x0 build/default/production/mcc_generated_files/src/pin_manager.o
 .data          0x0000000000000000        0x0 build/default/production/mcc_generated_files/src/pin_manager.o
 .bss           0x0000000000000000        0x0 build/default/production/mcc_generated_files/src/pin_manager.o
 .text.PORTB_PWM_DefaultInterruptHandler
                0x0000000000000000        0x2 build/default/production/mcc_generated_files/src/pin_manager.o
 .text.PORTA_PA5_DefaultInterruptHandler
                0x0000000000000000        0x2 build/default/production/mcc_generated_files/src/pin_manager.o
 .text.PORTC_SW_POWER_SetInterruptHandler
                0x0000000000000000        0xa build/default/production/mcc_generated_files/src/pin_manager.o
 .text.PORTA_PA5_SetInterruptHandler
                0x0000000000000000        0x2 build/default/production/mcc_generated_files/src/pin_manager.o
 .text.PORTC_IO_PC0_SetInterruptHandler
                0x0000000000000000        0xa build/default/production/mcc_generated_files/src/pin_manager.o
 .text.PORTC_SW_MODE_SetInterruptHandler
                0x0000000000000000        0xa build/default/production/mcc_generated_files/src/pin_manager.o
 .text.PORTB_PWM_SetInterruptHandler
                0x0000000000000000        0x2 build/default/production/mcc_generated_files/src/pin_manager.o
 .text.PORTC_IO_PC1_SetInterruptHandler
                0x0000000000000000        0xa build/default/production/mcc_generated_files/src/pin_manager.o
 .text          0x0000000000000000        0x0 build/default/production/mcc_generated_files/src/cpuint.o
 .data          0x0000000000000000        0x0 build/default/production/mcc_generated_files/src/cpuint.o
 .bss           0x0000000000000000        0x0 build/default/production/mcc_generated_files/src/cpuint.o
 .text          0x0000000000000000        0x0 build/default/production/mcc_generated_files/src/protected_io.o
 .data          0x0000000000000000        0x0 build/default/production/mcc_generated_files/src/protected_io.o
 .bss           0x0000000000000000        0x0 build/default/production/mcc_generated_files/src/protected_io.o
 .text          0x0000000000000000        0x0 build/default/production/mcc_generated_files/src/tcb0.o
 .data          0x0000000000000000        0x0 build/default/production/mcc_generated_files/src/tcb0.o
 .bss           0x0000000000000000        0x0 build/default/production/mcc_generated_files/src/tcb0.o
 .text.TCB0_SetCaptIsrCallback
                0x0000000000000000        0xa build/default/production/mcc_generated_files/src/tcb0.o
 .text.TCB0_WriteTimer
                0x0000000000000000        0xa build/default/production/mcc_generated_files/src/tcb0.o
 .text.TCB0_ReadTimer
                0x0000000000000000        0xa build/default/production/mcc_generated_files/src/tcb0.o
 .text.TCB0_EnableInterrupt
                0x0000000000000000        0xc build/default/production/mcc_generated_files/src/tcb0.o
 .text.TCB0_DisableInterrupt
                0x0000000000000000        0xc build/default/production/mcc_generated_files/src/tcb0.o
 .text.TCB0_ClearInterruptFlag
                0x0000000000000000        0xc build/default/production/mcc_generated_files/src/tcb0.o
 .text.TCB0_IsInterruptEnabled
                0x0000000000000000        0xc build/default/production/mcc_generated_files/src/tcb0.o
 .bss.u8StepOld
                0x0000000000000000        0x1 build/default/production/mcc_generated_files/src/tcb0.o
 .bss.u8Step    0x0000000000000000        0x1 build/default/production/mcc_generated_files/src/tcb0.o
 .text          0x0000000000000000        0x0 build/default/production/mcc_generated_files/src/adc0.o
 .data          0x0000000000000000        0x0 build/default/production/mcc_generated_files/src/adc0.o
 .bss           0x0000000000000000        0x0 build/default/production/mcc_generated_files/src/adc0.o
 .text.ADC0_Enable
                0x0000000000000000        0xc build/default/production/mcc_generated_files/src/adc0.o
 .text.ADC0_Disable
                0x0000000000000000        0xc build/default/production/mcc_generated_files/src/adc0.o
 .text.ADC0_EnableAutoTrigger
                0x0000000000000000        0xc build/default/production/mcc_generated_files/src/adc0.o
 .text.ADC0_DisableAutoTrigger
                0x0000000000000000        0xc build/default/production/mcc_generated_files/src/adc0.o
 .text.ADC0_SetWindowHigh
                0x0000000000000000        0xa build/default/production/mcc_generated_files/src/adc0.o
 .text.ADC0_SetWindowLow
                0x0000000000000000        0xa build/default/production/mcc_generated_files/src/adc0.o
 .text.ADC0_SetWindowMode
                0x0000000000000000        0x6 build/default/production/mcc_generated_files/src/adc0.o
 .text.ADC0_SetWindowChannel
                0x0000000000000000        0x6 build/default/production/mcc_generated_files/src/adc0.o
 .text.ADC0_IsConversionDone
                0x0000000000000000        0x8 build/default/production/mcc_generated_files/src/adc0.o
 .text.ADC0_GetConversionResult
                0x0000000000000000        0xa build/default/production/mcc_generated_files/src/adc0.o
 .text.ADC0_GetWindowResult
                0x0000000000000000       0x10 build/default/production/mcc_generated_files/src/adc0.o
 .text.ADC0_GetConversion
                0x0000000000000000       0x22 build/default/production/mcc_generated_files/src/adc0.o
 .text.ADC0_GetResolution
                0x0000000000000000       0x10 build/default/production/mcc_generated_files/src/adc0.o
 .text.ADC0_RegisterWindowCallback
                0x0000000000000000        0xa build/default/production/mcc_generated_files/src/adc0.o
 .text          0x0000000000000000        0x0 build/default/production/mcc_generated_files/src/nvmctrl.o
 .data          0x0000000000000000        0x0 build/default/production/mcc_generated_files/src/nvmctrl.o
 .bss           0x0000000000000000        0x0 build/default/production/mcc_generated_files/src/nvmctrl.o
 .text.FLASH_ReadEepromBlock
                0x0000000000000000        0xc build/default/production/mcc_generated_files/src/nvmctrl.o
 .text.FLASH_WriteEepromBlock
                0x0000000000000000       0x64 build/default/production/mcc_generated_files/src/nvmctrl.o
 .text.FLASH_IsEepromReady
                0x0000000000000000        0xa build/default/production/mcc_generated_files/src/nvmctrl.o
 .text.FLASH_ReadFlashByte
                0x0000000000000000        0x8 build/default/production/mcc_generated_files/src/nvmctrl.o
 .text.FLASH_WriteFlashByte
                0x0000000000000000       0x2c build/default/production/mcc_generated_files/src/nvmctrl.o
 .text.FLASH_EraseFlashPage
                0x0000000000000000       0x18 build/default/production/mcc_generated_files/src/nvmctrl.o
 .text.FLASH_WriteFlashPage
                0x0000000000000000       0x22 build/default/production/mcc_generated_files/src/nvmctrl.o
 .text.FLASH_WriteFlashBlock
                0x0000000000000000       0x92 build/default/production/mcc_generated_files/src/nvmctrl.o
 .text.FLASH_WriteFlashStream
                0x0000000000000000       0x24 build/default/production/mcc_generated_files/src/nvmctrl.o
 .text          0x0000000000000000        0x0 build/default/production/mcc_generated_files/src/tca0.o
 .data          0x0000000000000000        0x0 build/default/production/mcc_generated_files/src/tca0.o
 .bss           0x0000000000000000        0x0 build/default/production/mcc_generated_files/src/tca0.o
 .text.TCA0_SetOVFIsrCallback
                0x0000000000000000        0xa build/default/production/mcc_generated_files/src/tca0.o
 .text.TCA0_SetCMP0IsrCallback
                0x0000000000000000        0xa build/default/production/mcc_generated_files/src/tca0.o
 .text.TCA0_SetCMP1IsrCallback
                0x0000000000000000        0xa build/default/production/mcc_generated_files/src/tca0.o
 .text.TCA0_SetCMP2IsrCallback
                0x0000000000000000        0xa build/default/production/mcc_generated_files/src/tca0.o
 .text.TCA0_WriteTimer
                0x0000000000000000        0xa build/default/production/mcc_generated_files/src/tca0.o
 .text.TCA0_ReadTimer
                0x0000000000000000        0xa build/default/production/mcc_generated_files/src/tca0.o
 .text.TCA0_EnableInterrupt
                0x0000000000000000        0x8 build/default/production/mcc_generated_files/src/tca0.o
 .text.TCA0_DisableInterrupt
                0x0000000000000000        0x6 build/default/production/mcc_generated_files/src/tca0.o
 .text.TCA0_ClearOverflowInterruptFlag
                0x0000000000000000        0xc build/default/production/mcc_generated_files/src/tca0.o
 .text.TCA0_IsOverflowInterruptEnabled
                0x0000000000000000        0xc build/default/production/mcc_generated_files/src/tca0.o
 .text          0x0000000000000000        0x0 build/default/production/mcc_generated_files/device_config.o
 .data          0x0000000000000000        0x0 build/default/production/mcc_generated_files/device_config.o
 .bss           0x0000000000000000        0x0 build/default/production/mcc_generated_files/device_config.o
 .text          0x0000000000000000        0x0 build/default/production/mcc_generated_files/mcc.o
 .data          0x0000000000000000        0x0 build/default/production/mcc_generated_files/mcc.o
 .bss           0x0000000000000000        0x0 build/default/production/mcc_generated_files/mcc.o
 .text          0x0000000000000000        0x0 dist/default/production/__pa_temp_13136/main.o
 .data          0x0000000000000000        0x0 dist/default/production/__pa_temp_13136/main.o
 .bss           0x0000000000000000        0x0 dist/default/production/__pa_temp_13136/main.o
 .text          0x0000000000000000        0x0 c:/program files/microchip/xc8/v2.20/avr/bin/../lib/gcc/avr/5.4.0/avrxmega3\libgcc.a(_exit.o)
 .data          0x0000000000000000        0x0 c:/program files/microchip/xc8/v2.20/avr/bin/../lib/gcc/avr/5.4.0/avrxmega3\libgcc.a(_exit.o)
 .bss           0x0000000000000000        0x0 c:/program files/microchip/xc8/v2.20/avr/bin/../lib/gcc/avr/5.4.0/avrxmega3\libgcc.a(_exit.o)
 .text.libgcc.mul
                0x0000000000000000        0x0 c:/program files/microchip/xc8/v2.20/avr/bin/../lib/gcc/avr/5.4.0/avrxmega3\libgcc.a(_exit.o)
 .text.libgcc.div
                0x0000000000000000        0x0 c:/program files/microchip/xc8/v2.20/avr/bin/../lib/gcc/avr/5.4.0/avrxmega3\libgcc.a(_exit.o)
 .text.libgcc   0x0000000000000000        0x0 c:/program files/microchip/xc8/v2.20/avr/bin/../lib/gcc/avr/5.4.0/avrxmega3\libgcc.a(_exit.o)
 .text.libgcc.prologue
                0x0000000000000000        0x0 c:/program files/microchip/xc8/v2.20/avr/bin/../lib/gcc/avr/5.4.0/avrxmega3\libgcc.a(_exit.o)
 .text.libgcc.builtins
                0x0000000000000000        0x0 c:/program files/microchip/xc8/v2.20/avr/bin/../lib/gcc/avr/5.4.0/avrxmega3\libgcc.a(_exit.o)
 .text.libgcc.fmul
                0x0000000000000000        0x0 c:/program files/microchip/xc8/v2.20/avr/bin/../lib/gcc/avr/5.4.0/avrxmega3\libgcc.a(_exit.o)
 .text.libgcc.fixed
                0x0000000000000000        0x0 c:/program files/microchip/xc8/v2.20/avr/bin/../lib/gcc/avr/5.4.0/avrxmega3\libgcc.a(_exit.o)
 .text          0x0000000000000000        0x0 c:/program files/microchip/xc8/v2.20/avr/bin/../lib/gcc/avr/5.4.0/avrxmega3\libgcc.a(_tablejump2.o)
 .data          0x0000000000000000        0x0 c:/program files/microchip/xc8/v2.20/avr/bin/../lib/gcc/avr/5.4.0/avrxmega3\libgcc.a(_tablejump2.o)
 .bss           0x0000000000000000        0x0 c:/program files/microchip/xc8/v2.20/avr/bin/../lib/gcc/avr/5.4.0/avrxmega3\libgcc.a(_tablejump2.o)
 .text.libgcc.mul
                0x0000000000000000        0x0 c:/program files/microchip/xc8/v2.20/avr/bin/../lib/gcc/avr/5.4.0/avrxmega3\libgcc.a(_tablejump2.o)
 .text.libgcc.div
                0x0000000000000000        0x0 c:/program files/microchip/xc8/v2.20/avr/bin/../lib/gcc/avr/5.4.0/avrxmega3\libgcc.a(_tablejump2.o)
 .text.libgcc.prologue
                0x0000000000000000        0x0 c:/program files/microchip/xc8/v2.20/avr/bin/../lib/gcc/avr/5.4.0/avrxmega3\libgcc.a(_tablejump2.o)
 .text.libgcc.builtins
                0x0000000000000000        0x0 c:/program files/microchip/xc8/v2.20/avr/bin/../lib/gcc/avr/5.4.0/avrxmega3\libgcc.a(_tablejump2.o)
 .text.libgcc.fmul
                0x0000000000000000        0x0 c:/program files/microchip/xc8/v2.20/avr/bin/../lib/gcc/avr/5.4.0/avrxmega3\libgcc.a(_tablejump2.o)
 .text.libgcc.fixed
                0x0000000000000000        0x0 c:/program files/microchip/xc8/v2.20/avr/bin/../lib/gcc/avr/5.4.0/avrxmega3\libgcc.a(_tablejump2.o)
 .text          0x0000000000000000        0x0 c:/program files/microchip/xc8/v2.20/avr/bin/../lib/gcc/avr/5.4.0/avrxmega3\libgcc.a(_copy_data.o)
 .data          0x0000000000000000        0x0 c:/program files/microchip/xc8/v2.20/avr/bin/../lib/gcc/avr/5.4.0/avrxmega3\libgcc.a(_copy_data.o)
 .bss           0x0000000000000000        0x0 c:/program files/microchip/xc8/v2.20/avr/bin/../lib/gcc/avr/5.4.0/avrxmega3\libgcc.a(_copy_data.o)
 .text.libgcc.mul
                0x0000000000000000        0x0 c:/program files/microchip/xc8/v2.20/avr/bin/../lib/gcc/avr/5.4.0/avrxmega3\libgcc.a(_copy_data.o)
 .text.libgcc.div
                0x0000000000000000        0x0 c:/program files/microchip/xc8/v2.20/avr/bin/../lib/gcc/avr/5.4.0/avrxmega3\libgcc.a(_copy_data.o)
 .text.libgcc   0x0000000000000000        0x0 c:/program files/microchip/xc8/v2.20/avr/bin/../lib/gcc/avr/5.4.0/avrxmega3\libgcc.a(_copy_data.o)
 .text.libgcc.prologue
                0x0000000000000000        0x0 c:/program files/microchip/xc8/v2.20/avr/bin/../lib/gcc/avr/5.4.0/avrxmega3\libgcc.a(_copy_data.o)
 .text.libgcc.builtins
                0x0000000000000000        0x0 c:/program files/microchip/xc8/v2.20/avr/bin/../lib/gcc/avr/5.4.0/avrxmega3\libgcc.a(_copy_data.o)
 .text.libgcc.fmul
                0x0000000000000000        0x0 c:/program files/microchip/xc8/v2.20/avr/bin/../lib/gcc/avr/5.4.0/avrxmega3\libgcc.a(_copy_data.o)
 .text.libgcc.fixed
                0x0000000000000000        0x0 c:/program files/microchip/xc8/v2.20/avr/bin/../lib/gcc/avr/5.4.0/avrxmega3\libgcc.a(_copy_data.o)
 .text          0x0000000000000000        0x0 c:/program files/microchip/xc8/v2.20/avr/bin/../lib/gcc/avr/5.4.0/../../../../avr/lib/avrxmega3\libc.a(memcpy.o)
 .data          0x0000000000000000        0x0 c:/program files/microchip/xc8/v2.20/avr/bin/../lib/gcc/avr/5.4.0/../../../../avr/lib/avrxmega3\libc.a(memcpy.o)
 .bss           0x0000000000000000        0x0 c:/program files/microchip/xc8/v2.20/avr/bin/../lib/gcc/avr/5.4.0/../../../../avr/lib/avrxmega3\libc.a(memcpy.o)
 .text.avrlibc  0x0000000000000000       0x12 c:/program files/microchip/xc8/v2.20/avr/bin/../lib/gcc/avr/5.4.0/../../../../avr/lib/avrxmega3\libc.a(memcpy.o)

Memory Configuration

Name             Origin             Length             Attributes
text             0x0000000000000000 0x0000000000004000 xr
data             0x0000000000803800 0x0000000000000800 rw !x
eeprom           0x0000000000810000 0x0000000000000100 rw !x
fuse             0x0000000000820000 0x000000000000000a rw !x
lock             0x0000000000830000 0x0000000000000400 rw !x
signature        0x0000000000840000 0x0000000000000400 rw !x
user_signatures  0x0000000000850000 0x0000000000000400 rw !x
*default*        0x0000000000000000 0xffffffffffffffff

Linker script and memory map

Address of section .data set to 0x803800
                0x0000000000008000                __RODATA_PM_OFFSET__ = 0x8000
LOAD C:/Program Files/Microchip/xc8/v2.20/dfp/xc8/avr/lib/avrxmega3/crtattiny1616.o
                0x0000000000000001                __MPLAB_BUILD = 0x1
LOAD build/default/production/mcc_generated_files/src/pin_manager.o
LOAD build/default/production/mcc_generated_files/src/cpuint.o
LOAD build/default/production/mcc_generated_files/src/protected_io.o
LOAD build/default/production/mcc_generated_files/src/tcb0.o
LOAD build/default/production/mcc_generated_files/src/adc0.o
LOAD build/default/production/mcc_generated_files/src/nvmctrl.o
LOAD build/default/production/mcc_generated_files/src/tca0.o
LOAD build/default/production/mcc_generated_files/device_config.o
LOAD build/default/production/mcc_generated_files/mcc.o
LOAD dist/default/production/__pa_temp_13136/main.o
START GROUP
LOAD c:/program files/microchip/xc8/v2.20/avr/bin/../lib/gcc/avr/5.4.0/../../../../avr/lib/avrxmega3\libm.a
END GROUP
START GROUP
LOAD c:/program files/microchip/xc8/v2.20/avr/bin/../lib/gcc/avr/5.4.0/avrxmega3\libgcc.a
LOAD c:/program files/microchip/xc8/v2.20/avr/bin/../lib/gcc/avr/5.4.0/../../../../avr/lib/avrxmega3\libm.a
LOAD c:/program files/microchip/xc8/v2.20/avr/bin/../lib/gcc/avr/5.4.0/../../../../avr/lib/avrxmega3\libc.a
LOAD C:/Program Files/Microchip/xc8/v2.20/dfp/xc8/avr/lib/avrxmega3\libattiny1616.a
END GROUP
                [0x0000000000000000]                __TEXT_REGION_ORIGIN__ = DEFINED (__TEXT_REGION_ORIGIN__)?__TEXT_REGION_ORIGIN__:0x0
                [0x0000000000803800]                __DATA_REGION_ORIGIN__ = DEFINED (__DATA_REGION_ORIGIN__)?__DATA_REGION_ORIGIN__:0x802000
                [0x0000000000004000]                __TEXT_REGION_LENGTH__ = DEFINED (__TEXT_REGION_LENGTH__)?__TEXT_REGION_LENGTH__:0x100000
                [0x0000000000000800]                __DATA_REGION_LENGTH__ = DEFINED (__DATA_REGION_LENGTH__)?__DATA_REGION_LENGTH__:0xffa0
                [0x0000000000000100]                __EEPROM_REGION_LENGTH__ = DEFINED (__EEPROM_REGION_LENGTH__)?__EEPROM_REGION_LENGTH__:0x10000
                [0x000000000000000a]                __FUSE_REGION_LENGTH__ = DEFINED (__FUSE_REGION_LENGTH__)?__FUSE_REGION_LENGTH__:0x400
                0x0000000000000400                __LOCK_REGION_LENGTH__ = DEFINED (__LOCK_REGION_LENGTH__)?__LOCK_REGION_LENGTH__:0x400
                0x0000000000000400                __SIGNATURE_REGION_LENGTH__ = DEFINED (__SIGNATURE_REGION_LENGTH__)?__SIGNATURE_REGION_LENGTH__:0x400
                0x0000000000000400                __USER_SIGNATURE_REGION_LENGTH__ = DEFINED (__USER_SIGNATURE_REGION_LENGTH__)?__USER_SIGNATURE_REGION_LENGTH__:0x400
                0x0000000000008000                __RODATA_PM_OFFSET__ = DEFINED (__RODATA_PM_OFFSET__)?__RODATA_PM_OFFSET__:0x8000

.hash
 *(.hash)

.dynsym
 *(.dynsym)

.dynstr
 *(.dynstr)

.gnu.version
 *(.gnu.version)

.gnu.version_d
 *(.gnu.version_d)

.gnu.version_r
 *(.gnu.version_r)

.rel.init
 *(.rel.init)

.rela.init
 *(.rela.init)

.rel.text
 *(.rel.text)
 *(.rel.text.*)
 *(.rel.gnu.linkonce.t*)

.rela.text
 *(.rela.text)
 *(.rela.text.*)
 *(.rela.gnu.linkonce.t*)

.rel.fini
 *(.rel.fini)

.rela.fini
 *(.rela.fini)

.rel.rodata
 *(.rel.rodata)
 *(.rel.rodata.*)
 *(.rel.gnu.linkonce.r*)

.rela.rodata
 *(.rela.rodata)
 *(.rela.rodata.*)
 *(.rela.gnu.linkonce.r*)

.rel.data
 *(.rel.data)
 *(.rel.data.*)
 *(.rel.gnu.linkonce.d*)

.rela.data
 *(.rela.data)
 *(.rela.data.*)
 *(.rela.gnu.linkonce.d*)

.rel.ctors
 *(.rel.ctors)

.rela.ctors
 *(.rela.ctors)

.rel.dtors
 *(.rel.dtors)

.rela.dtors
 *(.rela.dtors)

.rel.got
 *(.rel.got)

.rela.got
 *(.rela.got)

.rel.bss
 *(.rel.bss)

.rela.bss
 *(.rela.bss)

.rel.plt
 *(.rel.plt)

.rela.plt
 *(.rela.plt)

.text           0x0000000000000000      0x122
 *(.vectors)
 .vectors       0x0000000000000000       0x7c C:/Program Files/Microchip/xc8/v2.20/dfp/xc8/avr/lib/avrxmega3/crtattiny1616.o
                0x0000000000000000                __vector_default
                0x0000000000000000                __vectors
 *(.vectors)
 *(.progmem.gcc*)
 .progmem.gcc_sw_table.__vector_13
                0x000000000000007c       0x18 build/default/production/mcc_generated_files/src/tcb0.o
 .progmem.gcc_sw_table.TCA0_DefaultCMP2IsrCallback
                0x0000000000000094       0x10 build/default/production/mcc_generated_files/src/tca0.o
 *(.dinit)
 .dinit         0x00000000000000a4       0x29 data_init
                0x00000000000000ce                . = ALIGN (0x2)
 *fill*         0x00000000000000cd        0x1 
                0x00000000000000ce                __trampolines_start = .
 *(.trampolines)
 .trampolines   0x00000000000000ce        0x0 linker stubs
 *(.trampolines*)
                0x00000000000000ce                __trampolines_end = .
 *libprintf_flt.a:*(.progmem.data)
 *libc.a:*(.progmem.data)
                0x00000000000000ce                . = ALIGN (0x2)
 *(.jumptables)
 *(.jumptables*)
 *(.lowtext)
 *(.lowtext*)
                0x00000000000000ce                __ctors_start = .
 *(.ctors)
                0x00000000000000ce                __ctors_end = .
                0x00000000000000ce                __dtors_start = .
 *(.dtors)
                0x00000000000000ce                __dtors_end = .
 SORT(*)(.ctors)
 SORT(*)(.dtors)
 *(.init0)
 .init0         0x00000000000000ce        0x0 C:/Program Files/Microchip/xc8/v2.20/dfp/xc8/avr/lib/avrxmega3/crtattiny1616.o
                0x00000000000000ce                __init
 *(.init0)
 *(.init1)
 *(.init1)
 *(.init2)
 .init2         0x00000000000000ce        0xc C:/Program Files/Microchip/xc8/v2.20/dfp/xc8/avr/lib/avrxmega3/crtattiny1616.o
 *(.init2)
 *(.init3)
 *(.init3)
 *(.init4)
 .init4         0x00000000000000da       0x3c c:/program files/microchip/xc8/v2.20/avr/bin/../lib/gcc/avr/5.4.0/avrxmega3\libgcc.a(_copy_data.o)
                0x00000000000000da                __do_copy_data
                0x0000000000000108                __do_clear_bss
 *(.init4)
 *(.init5)
 *(.init5)
 *(.init6)
 *(.init6)
 *(.init7)
 *(.init7)
 *(.init8)
 *(.init8)
 *(.init9)
 .init9         0x0000000000000116        0x8 C:/Program Files/Microchip/xc8/v2.20/dfp/xc8/avr/lib/avrxmega3/crtattiny1616.o
 *(.init9)
                0x000000000000011e                . = ALIGN (0x2)
 *(.fini9)
 .fini9         0x000000000000011e        0x0 c:/program files/microchip/xc8/v2.20/avr/bin/../lib/gcc/avr/5.4.0/avrxmega3\libgcc.a(_exit.o)
                0x000000000000011e                _exit
                0x000000000000011e                exit
 *(.fini9)
 *(.fini8)
 *(.fini8)
 *(.fini7)
 *(.fini7)
 *(.fini6)
 *(.fini6)
 *(.fini5)
 *(.fini5)
 *(.fini4)
 *(.fini4)
 *(.fini3)
 *(.fini3)
 *(.fini2)
 *(.fini2)
 *(.fini1)
 *(.fini1)
 *(.fini0)
 .fini0         0x000000000000011e        0x4 c:/program files/microchip/xc8/v2.20/avr/bin/../lib/gcc/avr/5.4.0/avrxmega3\libgcc.a(_exit.o)
 *(.fini0)
                0x0000000000000122                _etext = .

.data           0x0000000000803800        0x0 load address 0x0000000000000122
                [!provide]                        PROVIDE (__data_start, .)
 *(.gnu.linkonce.d*)
                0x0000000000803800                . = ALIGN (0x2)
                0x0000000000803800                _edata = .
                [!provide]                        PROVIDE (__data_end, .)

.bss            0x0000000000803800       0x36
                [!provide]                        PROVIDE (__bss_start, .)
 *(COMMON)
 COMMON         0x0000000000803800       0x36 build/default/production/mcc_generated_files/src/pin_manager.o
                0x0000000000803800                LED_STATE
                0x0000000000803801                PWM_CONTROL
                0x0000000000803802                SYSTEM_STATE
                0x0000000000803803                SW_Struct_t
                0x000000000080381d                LED_Struct_t
                0x0000000000803822                System_State_Struc_t
                0x0000000000803835                SYSTEM_SUB_STATE
                [!provide]                        PROVIDE (__bss_end, .)
                0x0000000000000122                __data_load_start = LOADADDR (.data)
                0x0000000000000122                __data_load_end = (__data_load_start + SIZEOF (.data))

.noinit         0x0000000000803836        0x0
                [!provide]                        PROVIDE (__noinit_start, .)
 *(.noinit*)
                [!provide]                        PROVIDE (__noinit_end, .)
                0x0000000000803836                _end = .

.eeprom         0x0000000000810000        0x0
 *(.eeprom*)
                0x0000000000810000                __eeprom_end = .

.fuse           0x0000000000820000        0x9
 *(.fuse)
 .fuse          0x0000000000820000        0x9 build/default/production/mcc_generated_files/device_config.o
                0x0000000000820000                __fuse
 *(.lfuse)
 *(.hfuse)
 *(.efuse)

.lock
 *(.lock*)

.signature
 *(.signature*)

.user_signatures
 *(.user_signatures*)

.stab
 *(.stab)

.stabstr
 *(.stabstr)

.stab.excl
 *(.stab.excl)

.stab.exclstr
 *(.stab.exclstr)

.stab.index
 *(.stab.index)

.stab.indexstr
 *(.stab.indexstr)

.comment        0x0000000000000000       0x2f
 *(.comment)
 .comment       0x0000000000000000       0x2f build/default/production/mcc_generated_files/src/pin_manager.o
                                         0x30 (size before relaxing)
 .comment       0x000000000000002f       0x30 build/default/production/mcc_generated_files/src/cpuint.o
 .comment       0x000000000000002f       0x30 build/default/production/mcc_generated_files/src/tcb0.o
 .comment       0x000000000000002f       0x30 build/default/production/mcc_generated_files/src/adc0.o
 .comment       0x000000000000002f       0x30 build/default/production/mcc_generated_files/src/nvmctrl.o
 .comment       0x000000000000002f       0x30 build/default/production/mcc_generated_files/src/tca0.o
 .comment       0x000000000000002f       0x30 build/default/production/mcc_generated_files/device_config.o
 .comment       0x000000000000002f       0x30 build/default/production/mcc_generated_files/mcc.o
 .comment       0x000000000000002f       0x30 dist/default/production/__pa_temp_13136/main.o

.note.gnu.build-id
 *(.note.gnu.build-id)

.debug
 *(.debug)

.line
 *(.line)

.debug_srcinfo
 *(.debug_srcinfo)

.debug_sfnames
 *(.debug_sfnames)

.debug_aranges  0x0000000000000000      0x368
 *(.debug_aranges)
 .debug_aranges
                0x0000000000000000       0x70 build/default/production/mcc_generated_files/src/pin_manager.o
 .debug_aranges
                0x0000000000000070       0x20 build/default/production/mcc_generated_files/src/cpuint.o
 .debug_aranges
                0x0000000000000090       0x20 build/default/production/mcc_generated_files/src/protected_io.o
 .debug_aranges
                0x00000000000000b0       0x60 build/default/production/mcc_generated_files/src/tcb0.o
 .debug_aranges
                0x0000000000000110       0xa8 build/default/production/mcc_generated_files/src/adc0.o
 .debug_aranges
                0x00000000000001b8       0x88 build/default/production/mcc_generated_files/src/nvmctrl.o
 .debug_aranges
                0x0000000000000240       0xa0 build/default/production/mcc_generated_files/src/tca0.o
 .debug_aranges
                0x00000000000002e0       0x18 build/default/production/mcc_generated_files/device_config.o
 .debug_aranges
                0x00000000000002f8       0x50 build/default/production/mcc_generated_files/mcc.o
 .debug_aranges
                0x0000000000000348       0x20 dist/default/production/__pa_temp_13136/main.o

.debug_pubnames
 *(.debug_pubnames)

.debug_info     0x0000000000000000     0x988d
 *(.debug_info .gnu.linkonce.wi.*)
 .debug_info    0x0000000000000000     0x19ed C:/Program Files/Microchip/xc8/v2.20/dfp/xc8/avr/lib/avrxmega3/crtattiny1616.o
 .debug_info    0x00000000000019ed     0x108f build/default/production/mcc_generated_files/src/pin_manager.o
 .debug_info    0x0000000000002a7c      0x3ba build/default/production/mcc_generated_files/src/cpuint.o
 .debug_info    0x0000000000002e36       0x84 build/default/production/mcc_generated_files/src/protected_io.o
 .debug_info    0x0000000000002eba     0x10bd build/default/production/mcc_generated_files/src/tcb0.o
 .debug_info    0x0000000000003f77     0x11d8 build/default/production/mcc_generated_files/src/adc0.o
 .debug_info    0x000000000000514f      0xb7d build/default/production/mcc_generated_files/src/nvmctrl.o
 .debug_info    0x0000000000005ccc     0x150a build/default/production/mcc_generated_files/src/tca0.o
 .debug_info    0x00000000000071d6      0x7ee build/default/production/mcc_generated_files/device_config.o
 .debug_info    0x00000000000079c4      0xf82 build/default/production/mcc_generated_files/mcc.o
 .debug_info    0x0000000000008946      0xf47 dist/default/production/__pa_temp_13136/main.o

.debug_abbrev   0x0000000000000000     0x28b2
 *(.debug_abbrev)
 .debug_abbrev  0x0000000000000000     0x1888 C:/Program Files/Microchip/xc8/v2.20/dfp/xc8/avr/lib/avrxmega3/crtattiny1616.o
 .debug_abbrev  0x0000000000001888      0x1fa build/default/production/mcc_generated_files/src/pin_manager.o
 .debug_abbrev  0x0000000000001a82       0xfa build/default/production/mcc_generated_files/src/cpuint.o
 .debug_abbrev  0x0000000000001b7c       0x14 build/default/production/mcc_generated_files/src/protected_io.o
 .debug_abbrev  0x0000000000001b90      0x21b build/default/production/mcc_generated_files/src/tcb0.o
 .debug_abbrev  0x0000000000001dab      0x24c build/default/production/mcc_generated_files/src/adc0.o
 .debug_abbrev  0x0000000000001ff7      0x270 build/default/production/mcc_generated_files/src/nvmctrl.o
 .debug_abbrev  0x0000000000002267      0x231 build/default/production/mcc_generated_files/src/tca0.o
 .debug_abbrev  0x0000000000002498       0x97 build/default/production/mcc_generated_files/device_config.o
 .debug_abbrev  0x000000000000252f      0x1b2 build/default/production/mcc_generated_files/mcc.o
 .debug_abbrev  0x00000000000026e1      0x1d1 dist/default/production/__pa_temp_13136/main.o

.debug_line     0x0000000000000000     0x1f84
 *(.debug_line .debug_line.* .debug_line_end)
 .debug_line    0x0000000000000000      0x151 C:/Program Files/Microchip/xc8/v2.20/dfp/xc8/avr/lib/avrxmega3/crtattiny1616.o
 .debug_line    0x0000000000000151      0x373 build/default/production/mcc_generated_files/src/pin_manager.o
 .debug_line    0x00000000000004c4      0x168 build/default/production/mcc_generated_files/src/cpuint.o
 .debug_line    0x000000000000062c       0x66 build/default/production/mcc_generated_files/src/protected_io.o
 .debug_line    0x0000000000000692      0x4fe build/default/production/mcc_generated_files/src/tcb0.o
 .debug_line    0x0000000000000b90      0x378 build/default/production/mcc_generated_files/src/adc0.o
 .debug_line    0x0000000000000f08      0x44d build/default/production/mcc_generated_files/src/nvmctrl.o
 .debug_line    0x0000000000001355      0x48f build/default/production/mcc_generated_files/src/tca0.o
 .debug_line    0x00000000000017e4       0xcd build/default/production/mcc_generated_files/device_config.o
 .debug_line    0x00000000000018b1      0x299 build/default/production/mcc_generated_files/mcc.o
 .debug_line    0x0000000000001b4a      0x43a dist/default/production/__pa_temp_13136/main.o

.debug_frame    0x0000000000000000      0x880
 *(.debug_frame)
 .debug_frame   0x0000000000000000      0x158 build/default/production/mcc_generated_files/src/pin_manager.o
 .debug_frame   0x0000000000000158       0x24 build/default/production/mcc_generated_files/src/cpuint.o
 .debug_frame   0x000000000000017c       0xec build/default/production/mcc_generated_files/src/tcb0.o
 .debug_frame   0x0000000000000268      0x1a0 build/default/production/mcc_generated_files/src/adc0.o
 .debug_frame   0x0000000000000408      0x15c build/default/production/mcc_generated_files/src/nvmctrl.o
 .debug_frame   0x0000000000000564      0x264 build/default/production/mcc_generated_files/src/tca0.o
 .debug_frame   0x00000000000007c8       0x94 build/default/production/mcc_generated_files/mcc.o
 .debug_frame   0x000000000000085c       0x24 dist/default/production/__pa_temp_13136/main.o

.debug_str      0x0000000000000000      0xcc5
 *(.debug_str)
 .debug_str     0x0000000000000000      0xacf C:/Program Files/Microchip/xc8/v2.20/dfp/xc8/avr/lib/avrxmega3/crtattiny1616.o
 .debug_str     0x0000000000000acf       0x25 build/default/production/mcc_generated_files/src/pin_manager.o
 .debug_str     0x0000000000000af4       0x13 build/default/production/mcc_generated_files/src/cpuint.o
 .debug_str     0x0000000000000b07       0x1e build/default/production/mcc_generated_files/src/tcb0.o
 .debug_str     0x0000000000000b25        0x8 build/default/production/mcc_generated_files/src/adc0.o
 .debug_str     0x0000000000000b2d       0x43 build/default/production/mcc_generated_files/src/nvmctrl.o
 .debug_str     0x0000000000000b70       0x52 build/default/production/mcc_generated_files/src/tca0.o
 .debug_str     0x0000000000000bc2        0x0 build/default/production/mcc_generated_files/device_config.o
 .debug_str     0x0000000000000bc2       0x93 build/default/production/mcc_generated_files/mcc.o
 .debug_str     0x0000000000000c55       0x70 dist/default/production/__pa_temp_13136/main.o

.debug_loc      0x0000000000000000      0x918
 *(.debug_loc)
 .debug_loc     0x0000000000000000       0x36 build/default/production/mcc_generated_files/src/pin_manager.o
 .debug_loc     0x0000000000000036       0x2a build/default/production/mcc_generated_files/src/cpuint.o
 .debug_loc     0x0000000000000060       0xa4 build/default/production/mcc_generated_files/src/adc0.o
 .debug_loc     0x0000000000000104      0x770 build/default/production/mcc_generated_files/src/nvmctrl.o
 .debug_loc     0x0000000000000874       0x52 build/default/production/mcc_generated_files/mcc.o
 .debug_loc     0x00000000000008c6       0x52 dist/default/production/__pa_temp_13136/main.o

.debug_macinfo
 *(.debug_macinfo)

.debug_weaknames
 *(.debug_weaknames)

.debug_funcnames
 *(.debug_funcnames)

.debug_typenames
 *(.debug_typenames)

.debug_varnames
 *(.debug_varnames)

.debug_pubtypes
 *(.debug_pubtypes)

.debug_ranges   0x0000000000000000      0x2b0
 *(.debug_ranges)
 .debug_ranges  0x0000000000000000       0x60 build/default/production/mcc_generated_files/src/pin_manager.o
 .debug_ranges  0x0000000000000060       0x10 build/default/production/mcc_generated_files/src/cpuint.o
 .debug_ranges  0x0000000000000070       0x50 build/default/production/mcc_generated_files/src/tcb0.o
 .debug_ranges  0x00000000000000c0       0x98 build/default/production/mcc_generated_files/src/adc0.o
 .debug_ranges  0x0000000000000158       0x78 build/default/production/mcc_generated_files/src/nvmctrl.o
 .debug_ranges  0x00000000000001d0       0x90 build/default/production/mcc_generated_files/src/tca0.o
 .debug_ranges  0x0000000000000260       0x40 build/default/production/mcc_generated_files/mcc.o
 .debug_ranges  0x00000000000002a0       0x10 dist/default/production/__pa_temp_13136/main.o

.debug_macro
 *(.debug_macro)
OUTPUT(dist/default/production/EMOTIONAL.X.production.elf elf32-avr)
LOAD linker stubs
LOAD data_init

.note.gnu.avr.deviceinfo
                0x0000000000000000       0x40
 .note.gnu.avr.deviceinfo
                0x0000000000000000       0x40 C:/Program Files/Microchip/xc8/v2.20/dfp/xc8/avr/lib/avrxmega3/crtattiny1616.o

.bss.PORTC_IO_PC1_InterruptHandler
                0x0000000000803892        0x2
 .bss.PORTC_IO_PC1_InterruptHandler
                0x0000000000803892        0x2 build/default/production/mcc_generated_files/src/pin_manager.o

.bss.PORTC_SW_MODE_InterruptHandler
                0x0000000000803894        0x2
 .bss.PORTC_SW_MODE_InterruptHandler
                0x0000000000803894        0x2 build/default/production/mcc_generated_files/src/pin_manager.o

.bss.PORTC_IO_PC0_InterruptHandler
                0x0000000000803896        0x2
 .bss.PORTC_IO_PC0_InterruptHandler
                0x0000000000803896        0x2 build/default/production/mcc_generated_files/src/pin_manager.o

.bss.PORTC_SW_POWER_InterruptHandler
                0x0000000000803898        0x2
 .bss.PORTC_SW_POWER_InterruptHandler
                0x0000000000803898        0x2 build/default/production/mcc_generated_files/src/pin_manager.o

.bss.TCB0_CAPT_isr_cb
                0x000000000080389a        0x2
 .bss.TCB0_CAPT_isr_cb
                0x000000000080389a        0x2 build/default/production/mcc_generated_files/src/tcb0.o
                0x000000000080389a                TCB0_CAPT_isr_cb

.bss.u16PwmOffDelay
                0x000000000080389c        0x2
 .bss.u16PwmOffDelay
                0x000000000080389c        0x2 build/default/production/mcc_generated_files/src/tcb0.o
                0x000000000080389c                u16PwmOffDelay

.bss.u8PwmOffFlag
                0x00000000008038bc        0x1
 .bss.u8PwmOffFlag
                0x00000000008038bc        0x1 build/default/production/mcc_generated_files/src/tcb0.o
                0x00000000008038bc                u8PwmOffFlag

.bss.u16PwmOnDelay
                0x000000000080389e        0x2
 .bss.u16PwmOnDelay
                0x000000000080389e        0x2 build/default/production/mcc_generated_files/src/tcb0.o
                0x000000000080389e                u16PwmOnDelay

.bss.u8PwmOnFlag
                0x00000000008038bd        0x1
 .bss.u8PwmOnFlag
                0x00000000008038bd        0x1 build/default/production/mcc_generated_files/src/tcb0.o
                0x00000000008038bd                u8PwmOnFlag

.bss.u8Cnt      0x00000000008038be        0x1
 .bss.u8Cnt     0x00000000008038be        0x1 build/default/production/mcc_generated_files/src/tcb0.o
                0x00000000008038be                u8Cnt

.bss.u16PwmPDupdateTemp
                0x00000000008038a0        0x2
 .bss.u16PwmPDupdateTemp
                0x00000000008038a0        0x2 build/default/production/mcc_generated_files/src/tcb0.o
                0x00000000008038a0                u16PwmPDupdateTemp

.bss.u16PwmMode
                0x00000000008038a2        0x2
 .bss.u16PwmMode
                0x00000000008038a2        0x2 build/default/production/mcc_generated_files/src/tcb0.o
                0x00000000008038a2                u16PwmMode

.bss.u16PwmDutyStep
                0x00000000008038a8        0x2
 .bss.u16PwmDutyStep
                0x00000000008038a8        0x2 build/default/production/mcc_generated_files/src/tcb0.o
                0x00000000008038a8                u16PwmDutyStep

.bss.u16PwmDutyTemp
                0x00000000008038aa        0x2
 .bss.u16PwmDutyTemp
                0x00000000008038aa        0x2 build/default/production/mcc_generated_files/src/tcb0.o
                0x00000000008038aa                u16PwmDutyTemp

.bss.u16PwmPeriodTemp
                0x00000000008038ac        0x2
 .bss.u16PwmPeriodTemp
                0x00000000008038ac        0x2 build/default/production/mcc_generated_files/src/tcb0.o
                0x00000000008038ac                u16PwmPeriodTemp

.bss.i16Cnt     0x00000000008038ae        0x2
 .bss.i16Cnt    0x00000000008038ae        0x2 build/default/production/mcc_generated_files/src/tcb0.o
                0x00000000008038ae                i16Cnt

.bss.ADC0_window_cb
                0x00000000008038b0        0x2
 .bss.ADC0_window_cb
                0x00000000008038b0        0x2 build/default/production/mcc_generated_files/src/adc0.o
                0x00000000008038b0                ADC0_window_cb

.bss.u8Temp     0x00000000008038bf        0x1
 .bss.u8Temp    0x00000000008038bf        0x1 dist/default/production/__pa_temp_13136/main.o
                0x00000000008038bf                u8Temp

.bss.i16Temp    0x00000000008038ba        0x2
 .bss.i16Temp   0x00000000008038ba        0x2 dist/default/production/__pa_temp_13136/main.o
                0x00000000008038ba                i16Temp

.text.__vector_13
                0x0000000000000122      0x500
 .text.__vector_13
                0x0000000000000122      0x500 build/default/production/mcc_generated_files/src/tcb0.o
                0x0000000000000122                __vector_13

.text.startup.main
                0x0000000000000622      0x31a
 .text.startup.main
                0x0000000000000622      0x31a dist/default/production/__pa_temp_13136/main.o
                0x0000000000000622                main

.text.TCA0_DefaultCMP2IsrCallback
                0x000000000000093c      0x2e4
 .text.TCA0_DefaultCMP2IsrCallback
                0x000000000000093c      0x2e4 build/default/production/mcc_generated_files/src/tca0.o
                0x000000000000093c                TCA0_DefaultCMP2IsrCallback

.text.PIN_MANAGER_Initialize
                0x0000000000000c20       0xbe
 .text.PIN_MANAGER_Initialize
                0x0000000000000c20       0xbe build/default/production/mcc_generated_files/src/pin_manager.o
                0x0000000000000c20                PIN_MANAGER_Initialize

.text.__vector_5
                0x0000000000000cde       0x80
 .text.__vector_5
                0x0000000000000cde       0x80 build/default/production/mcc_generated_files/src/pin_manager.o
                0x0000000000000cde                __vector_5

.text.__vector_21
                0x0000000000000d5e       0x58
 .text.__vector_21
                0x0000000000000d5e       0x58 build/default/production/mcc_generated_files/src/adc0.o
                0x0000000000000d5e                __vector_21

.text.__vector_10
                0x0000000000000db6       0x58
 .text.__vector_10
                0x0000000000000db6       0x58 build/default/production/mcc_generated_files/src/tca0.o
                0x0000000000000db6                __vector_10

.text.__vector_11
                0x0000000000000e0e       0x58
 .text.__vector_11
                0x0000000000000e0e       0x58 build/default/production/mcc_generated_files/src/tca0.o
                0x0000000000000e0e                __vector_11

.text.__vector_12
                0x0000000000000e66       0x58
 .text.__vector_12
                0x0000000000000e66       0x58 build/default/production/mcc_generated_files/src/tca0.o
                0x0000000000000e66                __vector_12

.text.__vector_8
                0x0000000000000ebe       0x58
 .text.__vector_8
                0x0000000000000ebe       0x58 build/default/production/mcc_generated_files/src/tca0.o
                0x0000000000000ebe                __vector_8

.text.TCA0_Initialize
                0x0000000000000f16       0x42
 .text.TCA0_Initialize
                0x0000000000000f16       0x42 build/default/production/mcc_generated_files/src/tca0.o
                0x0000000000000f16                TCA0_Initialize

.text.CLKCTRL_Initialize
                0x0000000000000f58       0x40
 .text.CLKCTRL_Initialize
                0x0000000000000f58       0x40 build/default/production/mcc_generated_files/mcc.o
                0x0000000000000f58                CLKCTRL_Initialize

.text.__vector_20
                0x0000000000000f98       0x3e
 .text.__vector_20
                0x0000000000000f98       0x3e build/default/production/mcc_generated_files/src/adc0.o
                0x0000000000000f98                __vector_20

.text.PORT_Initialize
                0x0000000000000fd6       0x38
 .text.PORT_Initialize
                0x0000000000000fd6       0x38 build/default/production/mcc_generated_files/src/pin_manager.o
                0x0000000000000fd6                PORT_Initialize

.text.ADC0_Initialize
                0x000000000000100e       0x2e
 .text.ADC0_Initialize
                0x000000000000100e       0x2e build/default/production/mcc_generated_files/src/adc0.o
                0x000000000000100e                ADC0_Initialize

.text.FLASH_WriteEepromByte
                0x000000000000103c       0x2c
 .text.FLASH_WriteEepromByte
                0x000000000000103c       0x2c build/default/production/mcc_generated_files/src/nvmctrl.o
                0x000000000000103c                FLASH_WriteEepromByte

.text.SYSTEM_Initialize
                0x0000000000001068       0x28
 .text.SYSTEM_Initialize
                0x0000000000001068       0x28 build/default/production/mcc_generated_files/mcc.o
                0x0000000000001068                SYSTEM_Initialize

.text.TCB0_Initialize
                0x0000000000001090       0x26
 .text.TCB0_Initialize
                0x0000000000001090       0x26 build/default/production/mcc_generated_files/src/tcb0.o
                0x0000000000001090                TCB0_Initialize

.text.__vector_30
                0x00000000000010b6       0x1e
 .text.__vector_30
                0x00000000000010b6       0x1e build/default/production/mcc_generated_files/src/nvmctrl.o
                0x00000000000010b6                __vector_30

.text.__vector_2
                0x00000000000010d4       0x1e
 .text.__vector_2
                0x00000000000010d4       0x1e build/default/production/mcc_generated_files/mcc.o
                0x00000000000010d4                __vector_2

.text.CPUINT_Initialize
                0x00000000000010f2       0x1a
 .text.CPUINT_Initialize
                0x00000000000010f2       0x1a build/default/production/mcc_generated_files/src/cpuint.o
                0x00000000000010f2                CPUINT_Initialize

.text.BOD_Initialize
                0x000000000000110c       0x16
 .text.BOD_Initialize
                0x000000000000110c       0x16 build/default/production/mcc_generated_files/mcc.o
                0x000000000000110c                BOD_Initialize

.__pa__3        0x0000000000001122       0x12
 .__pa__3       0x0000000000001122       0x12 dist/default/production/__pa_temp_13136/main.o
                0x0000000000001122                .__pa__3

.text.SLPCTRL_Initialize
                0x0000000000001134        0xe
 .text.SLPCTRL_Initialize
                0x0000000000001134        0xe build/default/production/mcc_generated_files/mcc.o
                0x0000000000001134                SLPCTRL_Initialize

.text.WDT_Initialize
                0x0000000000001142        0xe
 .text.WDT_Initialize
                0x0000000000001142        0xe build/default/production/mcc_generated_files/mcc.o
                0x0000000000001142                WDT_Initialize

.text.PORTC_SW_POWER_DefaultInterruptHandler
                0x0000000000001150        0xc
 .text.PORTC_SW_POWER_DefaultInterruptHandler
                0x0000000000001150        0xc build/default/production/mcc_generated_files/src/pin_manager.o
                0x0000000000001150                PORTC_SW_POWER_DefaultInterruptHandler

.text.ADC0_StartConversion
                0x000000000000115c        0xc
 .text.ADC0_StartConversion
                0x000000000000115c        0xc build/default/production/mcc_generated_files/src/adc0.o
                0x000000000000115c                ADC0_StartConversion

.text.ccp_write_spm.constprop.0
                0x0000000000001168        0xc
 .text.ccp_write_spm.constprop.0
                0x0000000000001168        0xc build/default/production/mcc_generated_files/src/nvmctrl.o

.text.FLASH_Initialize
                0x0000000000001174        0xc
 .text.FLASH_Initialize
                0x0000000000001174        0xc build/default/production/mcc_generated_files/src/nvmctrl.o
                0x0000000000001174                FLASH_Initialize

.text.libgcc    0x0000000000001180        0xc
 .text.libgcc   0x0000000000001180        0xc c:/program files/microchip/xc8/v2.20/avr/bin/../lib/gcc/avr/5.4.0/avrxmega3\libgcc.a(_tablejump2.o)
                0x0000000000001180                __tablejump2__

.__pa__1        0x000000000000118c        0xa
 .__pa__1       0x000000000000118c        0xa dist/default/production/__pa_temp_13136/main.o
                0x000000000000118c                .__pa__1

.__pa__2        0x0000000000001196        0xa
 .__pa__2       0x0000000000001196        0xa dist/default/production/__pa_temp_13136/main.o
                0x0000000000001196                .__pa__2

.text.protected_write_io
                0x00000000000011a0        0x8
 .text.protected_write_io
                0x00000000000011a0        0x8 build/default/production/mcc_generated_files/src/protected_io.o
                0x00000000000011a0                protected_write_io

.text.FLASH_ReadEepromByte
                0x00000000000011a8        0x8
 .text.FLASH_ReadEepromByte
                0x00000000000011a8        0x8 build/default/production/mcc_generated_files/src/nvmctrl.o
                0x00000000000011a8                FLASH_ReadEepromByte

.text.ccp_write_io
                0x00000000000011b0        0x8
 .text.ccp_write_io
                0x00000000000011b0        0x8 build/default/production/mcc_generated_files/mcc.o

.__pa__0        0x00000000000011b8        0x8
 .__pa__0       0x00000000000011b8        0x8 dist/default/production/__pa_temp_13136/main.o
                0x00000000000011b8                .__pa__0

.text           0x00000000000011c0        0x4
 .text          0x00000000000011c0        0x4 C:/Program Files/Microchip/xc8/v2.20/dfp/xc8/avr/lib/avrxmega3/crtattiny1616.o
                0x00000000000011c0                __vector_22
                0x00000000000011c0                __vector_28
                0x00000000000011c0                __vector_1
                0x00000000000011c0                __vector_24
                0x00000000000011c0                __bad_interrupt
                0x00000000000011c0                __vector_6
                0x00000000000011c0                __vector_3
                0x00000000000011c0                __vector_23
                0x00000000000011c0                __vector_25
                0x00000000000011c0                __vector_17
                0x00000000000011c0                __vector_19
                0x00000000000011c0                __vector_7
                0x00000000000011c0                __vector_27
                0x00000000000011c0                __vector_4
                0x00000000000011c0                __vector_9
                0x00000000000011c0                __vector_15
                0x00000000000011c0                __vector_29
                0x00000000000011c0                __vector_26
                0x00000000000011c0                __vector_14
                0x00000000000011c0                __vector_16
                0x00000000000011c0                __vector_18

.text.PORTC_IO_PC1_DefaultInterruptHandler
                0x00000000000011c4        0x2
 .text.PORTC_IO_PC1_DefaultInterruptHandler
                0x00000000000011c4        0x2 build/default/production/mcc_generated_files/src/pin_manager.o
                0x00000000000011c4                PORTC_IO_PC1_DefaultInterruptHandler

.text.PORTC_IO_PC0_DefaultInterruptHandler
                0x00000000000011c6        0x2
 .text.PORTC_IO_PC0_DefaultInterruptHandler
                0x00000000000011c6        0x2 build/default/production/mcc_generated_files/src/pin_manager.o
                0x00000000000011c6                PORTC_IO_PC0_DefaultInterruptHandler

.text.PORTC_SW_MODE_DefaultInterruptHandler
                0x00000000000011c8        0x2
 .text.PORTC_SW_MODE_DefaultInterruptHandler
                0x00000000000011c8        0x2 build/default/production/mcc_generated_files/src/pin_manager.o
                0x00000000000011c8                PORTC_SW_MODE_DefaultInterruptHandler

.text.TCA0_DefaultOVFIsrCallback
                0x00000000000011ca        0x2
 .text.TCA0_DefaultOVFIsrCallback
                0x00000000000011ca        0x2 build/default/production/mcc_generated_files/src/tca0.o
                0x00000000000011ca                TCA0_DefaultOVFIsrCallback

.text.TCA0_DefaultCMP1IsrCallback
                0x00000000000011cc        0x2
 .text.TCA0_DefaultCMP1IsrCallback
                0x00000000000011cc        0x2 build/default/production/mcc_generated_files/src/tca0.o
                0x00000000000011cc                TCA0_DefaultCMP1IsrCallback

.text.TCA0_DefaultCMP0IsrCallback
                0x00000000000011ce        0x2
 .text.TCA0_DefaultCMP0IsrCallback
                0x00000000000011ce        0x2 build/default/production/mcc_generated_files/src/tca0.o
                0x00000000000011ce                TCA0_DefaultCMP0IsrCallback

.data.u16PwmParameter
                0x0000000000803836       0x5c load address 0x00000000000011d0
 .data.u16PwmParameter
                0x0000000000803836       0x5c build/default/production/mcc_generated_files/src/tcb0.o
                0x0000000000803836                u16PwmParameter

.data.u16PwmState
                0x00000000008038a4        0x2 load address 0x000000000000122c
 .data.u16PwmState
                0x00000000008038a4        0x2 build/default/production/mcc_generated_files/src/tcb0.o
                0x00000000008038a4                u16PwmState

.data.u16PwmDutyTarget
                0x00000000008038a6        0x2 load address 0x000000000000122e
 .data.u16PwmDutyTarget
                0x00000000008038a6        0x2 build/default/production/mcc_generated_files/src/tcb0.o
                0x00000000008038a6                u16PwmDutyTarget

.data.TCA0_OVF_isr_cb
                0x00000000008038b2        0x2 load address 0x0000000000001230
 .data.TCA0_OVF_isr_cb
                0x00000000008038b2        0x2 build/default/production/mcc_generated_files/src/tca0.o
                0x00000000008038b2                TCA0_OVF_isr_cb

.data.TCA0_CMP2_isr_cb
                0x00000000008038b4        0x2 load address 0x0000000000001232
 .data.TCA0_CMP2_isr_cb
                0x00000000008038b4        0x2 build/default/production/mcc_generated_files/src/tca0.o
                0x00000000008038b4                TCA0_CMP2_isr_cb

.data.TCA0_CMP1_isr_cb
                0x00000000008038b6        0x2 load address 0x0000000000001234
 .data.TCA0_CMP1_isr_cb
                0x00000000008038b6        0x2 build/default/production/mcc_generated_files/src/tca0.o
                0x00000000008038b6                TCA0_CMP1_isr_cb

.data.TCA0_CMP0_isr_cb
                0x00000000008038b8        0x2 load address 0x0000000000001236
 .data.TCA0_CMP0_isr_cb
                0x00000000008038b8        0x2 build/default/production/mcc_generated_files/src/tca0.o
                0x00000000008038b8                TCA0_CMP0_isr_cb
